<html>
<body>
<pre>
<h1>µVision Build Log</h1>
<h2>Tool Versions:</h2>
IDE-Version: µVision V5.23.0.0
Copyright (C) 2017 ARM Ltd and ARM Germany GmbH. All rights reserved.
License Information: Hancy Wang, VM, LIC=ZB445-G2P2X-J6AQ9-4HGTE-V4YUH-GRS8Y
 
Tool Versions:
Toolchain:       MDK-ARM Plus  Version: 5.23
Toolchain Path:  D:\Keil_v5\ARM\ARMCC\Bin
C Compiler:      Armcc.exe V5.06 update 4 (build 422)
Assembler:       Armasm.exe V5.06 update 4 (build 422)
Linker/Locator:  ArmLink.exe V5.06 update 4 (build 422)
Library Manager: ArmAr.exe V5.06 update 4 (build 422)
Hex Converter:   FromElf.exe V5.06 update 4 (build 422)
CPU DLL:         SARMCM3.DLL V5.23
Dialog DLL:      DCM.DLL V1.15.0.0
Target DLL:      STLink\ST-LINKIII-KEIL_SWO.dll V2.0.18.0
Dialog DLL:      TCM.DLL V1.27.0.0
 
<h2>Project:</h2>
C:\Users\LENOVO\Desktop\EMD_TEST_BENCH\STM32F10x_StdPeriph_Lib_V3.5.0\Project\STM32F10x_StdPeriph_Template\MDK-ARM\Project.uvprojx
Project File Date:  02/28/2019

<h2>Output:</h2>
*** Using Compiler 'V5.06 update 4 (build 422)', folder: 'D:\Keil_v5\ARM\ARMCC\Bin'
Rebuild target 'STM32F103RCT6'
assembling startup_stm32f10x_md.s...
compiling misc.c...
compiling stm32f10x_dbgmcu.c...
compiling stm32f10x_crc.c...
compiling stm32f10x_dma.c...
compiling stm32f10x_bkp.c...
compiling stm32f10x_dac.c...
compiling stm32f10x_exti.c...
compiling stm32f10x_flash.c...
compiling stm32f10x_can.c...
compiling stm32f10x_adc.c...
compiling stm32f10x_fsmc.c...
compiling stm32f10x_rtc.c...
compiling stm32f10x_spi.c...
compiling stm32f10x_iwdg.c...
compiling stm32f10x_i2c.c...
compiling stm32f10x_wwdg.c...
compiling stm32f10x_gpio.c...
compiling stm32f10x_sdio.c...
compiling stm32f10x_pwr.c...
compiling stm32f10x_rcc.c...
compiling stm32f10x_usart.c...
compiling stm32f10x_tim.c...
compiling fifo.c...
compiling stm32f10x_it.c...
compiling main.c...
compiling delay.c...
compiling CMD_Receive.c...
compiling os_core.c...
compiling common.c...
compiling serial_port.c...
compiling Motor_pwm.c...
compiling hardware.c...
compiling i2c.c...
STM32F103RCT6\Hardware\i2c.c(196): warning:  #550-D: variable "data_staus"  was set but never used
  	INT8U data_staus,data23_16,data15_8,data7_0;
STM32F103RCT6\Hardware\i2c.c: 1 warning, 0 errors
compiling app.c...
compiling core_cm3.c...
compiling key_led_task.c...
compiling comm_task.c...
compiling system_stm32f10x.c...
compiling protocol_module.c...
STM32F103RCT6\Module\protocol_module.c(80): warning:  #177-D: variable "byFrameID"  was declared but never referenced
  	uint8_t byFrameID = pCmdPacketData[3];
STM32F103RCT6\Module\protocol_module.c: 1 warning, 0 errors
linking...
Program Size: Code=5984 RO-data=268 RW-data=76 ZI-data=2148  
FromELF: creating hex file...
".\STM32F103RCT6\OBJ\STM32103RCT6.axf" - 0 Error(s), 2 Warning(s).

<h2>Software Packages used:</h2>

Package Vendor: ARM
                http://www.keil.com/pack/ARM.CMSIS.5.0.1.pack
                ARM::CMSIS:CORE:5.0.1
                CMSIS (Cortex Microcontroller Software Interface Standard)
   * Component: CORE Version: 5.0.1

<h2>Collection of Component include folders:</h2>
  .\RTE\_STM32F103RCT6
  D:\Keil_v5\ARM\PACK\ARM\CMSIS\5.0.1\CMSIS\Include
  D:\Keil_v5\ARM\PACK\Keil\STM32F1xx_DFP\2.3.0\Device\Include

<h2>Collection of Component Files used:</h2>

   * Component: ARM::CMSIS:CORE:5.0.1
Build Time Elapsed:  00:00:05
</pre>
</body>
</html>
