Component: ARM Compiler 5.06 update 4 (build 422) Tool: armlink [4d35d2]

==============================================================================

Section Cross References

    startup_stm32f10x_md.o(RESET) refers to startup_stm32f10x_md.o(STACK) for __initial_sp
    startup_stm32f10x_md.o(RESET) refers to startup_stm32f10x_md.o(.text) for Reset_Handler
    startup_stm32f10x_md.o(RESET) refers to stm32f10x_it.o(i.NMI_Handler) for NMI_Handler
    startup_stm32f10x_md.o(RESET) refers to stm32f10x_it.o(i.HardFault_Handler) for HardFault_Handler
    startup_stm32f10x_md.o(RESET) refers to stm32f10x_it.o(i.MemManage_Handler) for MemManage_Handler
    startup_stm32f10x_md.o(RESET) refers to stm32f10x_it.o(i.BusFault_Handler) for BusFault_Handler
    startup_stm32f10x_md.o(RESET) refers to stm32f10x_it.o(i.UsageFault_Handler) for UsageFault_Handler
    startup_stm32f10x_md.o(RESET) refers to stm32f10x_it.o(i.SVC_Handler) for SVC_Handler
    startup_stm32f10x_md.o(RESET) refers to stm32f10x_it.o(i.DebugMon_Handler) for DebugMon_Handler
    startup_stm32f10x_md.o(RESET) refers to stm32f10x_it.o(i.PendSV_Handler) for PendSV_Handler
    startup_stm32f10x_md.o(RESET) refers to stm32f10x_it.o(i.SysTick_Handler) for SysTick_Handler
    startup_stm32f10x_md.o(RESET) refers to stm32f10x_it.o(i.TIM2_IRQHandler) for TIM2_IRQHandler
    startup_stm32f10x_md.o(.text) refers to system_stm32f10x.o(i.SystemInit) for SystemInit
    startup_stm32f10x_md.o(.text) refers to entry.o(.ARM.Collect$$$$00000000) for __main
    stm32f10x_adc.o(i.ADC_DeInit) refers to stm32f10x_rcc.o(i.RCC_APB2PeriphResetCmd) for RCC_APB2PeriphResetCmd
    stm32f10x_bkp.o(i.BKP_DeInit) refers to stm32f10x_rcc.o(i.RCC_BackupResetCmd) for RCC_BackupResetCmd
    stm32f10x_can.o(i.CAN_DeInit) refers to stm32f10x_rcc.o(i.RCC_APB1PeriphResetCmd) for RCC_APB1PeriphResetCmd
    stm32f10x_can.o(i.CAN_GetITStatus) refers to stm32f10x_can.o(i.CheckITStatus) for CheckITStatus
    stm32f10x_dac.o(i.DAC_DeInit) refers to stm32f10x_rcc.o(i.RCC_APB1PeriphResetCmd) for RCC_APB1PeriphResetCmd
    stm32f10x_flash.o(i.FLASH_EnableWriteProtection) refers to stm32f10x_flash.o(i.FLASH_WaitForLastOperation) for FLASH_WaitForLastOperation
    stm32f10x_flash.o(i.FLASH_EraseAllBank1Pages) refers to stm32f10x_flash.o(i.FLASH_WaitForLastBank1Operation) for FLASH_WaitForLastBank1Operation
    stm32f10x_flash.o(i.FLASH_EraseAllPages) refers to stm32f10x_flash.o(i.FLASH_WaitForLastOperation) for FLASH_WaitForLastOperation
    stm32f10x_flash.o(i.FLASH_EraseOptionBytes) refers to stm32f10x_flash.o(i.FLASH_GetReadOutProtectionStatus) for FLASH_GetReadOutProtectionStatus
    stm32f10x_flash.o(i.FLASH_EraseOptionBytes) refers to stm32f10x_flash.o(i.FLASH_WaitForLastOperation) for FLASH_WaitForLastOperation
    stm32f10x_flash.o(i.FLASH_ErasePage) refers to stm32f10x_flash.o(i.FLASH_WaitForLastOperation) for FLASH_WaitForLastOperation
    stm32f10x_flash.o(i.FLASH_ProgramHalfWord) refers to stm32f10x_flash.o(i.FLASH_WaitForLastOperation) for FLASH_WaitForLastOperation
    stm32f10x_flash.o(i.FLASH_ProgramOptionByteData) refers to stm32f10x_flash.o(i.FLASH_WaitForLastOperation) for FLASH_WaitForLastOperation
    stm32f10x_flash.o(i.FLASH_ProgramWord) refers to stm32f10x_flash.o(i.FLASH_WaitForLastOperation) for FLASH_WaitForLastOperation
    stm32f10x_flash.o(i.FLASH_ReadOutProtection) refers to stm32f10x_flash.o(i.FLASH_WaitForLastOperation) for FLASH_WaitForLastOperation
    stm32f10x_flash.o(i.FLASH_UserOptionByteConfig) refers to stm32f10x_flash.o(i.FLASH_WaitForLastOperation) for FLASH_WaitForLastOperation
    stm32f10x_flash.o(i.FLASH_WaitForLastBank1Operation) refers to stm32f10x_flash.o(i.FLASH_GetBank1Status) for FLASH_GetBank1Status
    stm32f10x_flash.o(i.FLASH_WaitForLastOperation) refers to stm32f10x_flash.o(i.FLASH_GetBank1Status) for FLASH_GetBank1Status
    stm32f10x_gpio.o(i.GPIO_AFIODeInit) refers to stm32f10x_rcc.o(i.RCC_APB2PeriphResetCmd) for RCC_APB2PeriphResetCmd
    stm32f10x_gpio.o(i.GPIO_DeInit) refers to stm32f10x_rcc.o(i.RCC_APB2PeriphResetCmd) for RCC_APB2PeriphResetCmd
    stm32f10x_i2c.o(i.I2C_DeInit) refers to stm32f10x_rcc.o(i.RCC_APB1PeriphResetCmd) for RCC_APB1PeriphResetCmd
    stm32f10x_i2c.o(i.I2C_Init) refers to stm32f10x_rcc.o(i.RCC_GetClocksFreq) for RCC_GetClocksFreq
    stm32f10x_pwr.o(i.PWR_DeInit) refers to stm32f10x_rcc.o(i.RCC_APB1PeriphResetCmd) for RCC_APB1PeriphResetCmd
    stm32f10x_rcc.o(i.RCC_GetClocksFreq) refers to stm32f10x_rcc.o(.data) for APBAHBPrescTable
    stm32f10x_rcc.o(i.RCC_WaitForHSEStartUp) refers to stm32f10x_rcc.o(i.RCC_GetFlagStatus) for RCC_GetFlagStatus
    stm32f10x_rtc.o(i.RTC_SetAlarm) refers to stm32f10x_rtc.o(i.RTC_EnterConfigMode) for RTC_EnterConfigMode
    stm32f10x_rtc.o(i.RTC_SetAlarm) refers to stm32f10x_rtc.o(i.RTC_ExitConfigMode) for RTC_ExitConfigMode
    stm32f10x_rtc.o(i.RTC_SetCounter) refers to stm32f10x_rtc.o(i.RTC_EnterConfigMode) for RTC_EnterConfigMode
[...]
    motor_pwm.o(i.Motor_PWM_Config) refers to stm32f10x_tim.o(i.TIM_OC1Init) for TIM_OC1Init
    motor_pwm.o(i.Motor_PWM_Config) refers to stm32f10x_tim.o(i.TIM_OC1PreloadConfig) for TIM_OC1PreloadConfig
    motor_pwm.o(i.Motor_PWM_Config) refers to stm32f10x_tim.o(i.TIM_ARRPreloadConfig) for TIM_ARRPreloadConfig
    motor_pwm.o(i.Motor_PWM_Config) refers to stm32f10x_tim.o(i.TIM_Cmd) for TIM_Cmd
    motor_pwm.o(i.Motor_PWM_Freq_Dudy_Set) refers to stm32f10x_tim.o(i.TIM_TimeBaseInit) for TIM_TimeBaseInit
    motor_pwm.o(i.Motor_PWM_Freq_Dudy_Set) refers to stm32f10x_tim.o(i.TIM_OC1Init) for TIM_OC1Init
    motor_pwm.o(i.Motor_PWM_Freq_Dudy_Set) refers to stm32f10x_tim.o(i.TIM_OC1PreloadConfig) for TIM_OC1PreloadConfig
    motor_pwm.o(i.Motor_PWM_GPIO_Config) refers to stm32f10x_rcc.o(i.RCC_APB1PeriphClockCmd) for RCC_APB1PeriphClockCmd
    motor_pwm.o(i.Motor_PWM_GPIO_Config) refers to stm32f10x_rcc.o(i.RCC_APB2PeriphClockCmd) for RCC_APB2PeriphClockCmd
    motor_pwm.o(i.Motor_PWM_GPIO_Config) refers to stm32f10x_gpio.o(i.GPIO_Init) for GPIO_Init
    i2c.o(i.I2C_RecAck) refers to common.o(i.Delay_us) for Delay_us
    i2c.o(i.I2C_RecAck) refers to i2c.o(i.I2C_SDA_IN) for I2C_SDA_IN
    i2c.o(i.I2C_RecAck) refers to i2c.o(i.I2C_SDA_OUT) for I2C_SDA_OUT
    i2c.o(i.I2C_RecByte) refers to i2c.o(i.I2C_SDA_IN) for I2C_SDA_IN
    i2c.o(i.I2C_RecByte) refers to common.o(i.Delay_us) for Delay_us
    i2c.o(i.I2C_SDA_IN) refers to stm32f10x_gpio.o(i.GPIO_Init) for GPIO_Init
    i2c.o(i.I2C_SDA_OUT) refers to stm32f10x_gpio.o(i.GPIO_Init) for GPIO_Init
    i2c.o(i.I2C_SendAck) refers to i2c.o(i.I2C_SDA_OUT) for I2C_SDA_OUT
    i2c.o(i.I2C_SendAck) refers to common.o(i.Delay_us) for Delay_us
    i2c.o(i.I2C_SendByte) refers to common.o(i.Delay_us) for Delay_us
    i2c.o(i.I2C_SendNak) refers to i2c.o(i.I2C_SDA_OUT) for I2C_SDA_OUT
    i2c.o(i.I2C_SendNak) refers to common.o(i.Delay_us) for Delay_us
    i2c.o(i.I2C_Start) refers to i2c.o(i.I2C_SDA_OUT) for I2C_SDA_OUT
    i2c.o(i.I2C_Start) refers to common.o(i.Delay_us) for Delay_us
    i2c.o(i.I2C_Stop) refers to common.o(i.Delay_us) for Delay_us
    i2c.o(i.I2C_uConfiguration) refers to stm32f10x_rcc.o(i.RCC_APB2PeriphClockCmd) for RCC_APB2PeriphClockCmd
    i2c.o(i.I2C_uConfiguration) refers to stm32f10x_gpio.o(i.GPIO_Init) for GPIO_Init
    i2c.o(i.Init_honeywell_sensor) refers to i2c.o(i.I2C_uConfiguration) for I2C_uConfiguration
    i2c.o(i.Init_honeywell_sensor) refers to i2c.o(i.I2C_Start) for I2C_Start
    i2c.o(i.Init_honeywell_sensor) refers to i2c.o(i.I2C_SendByte) for I2C_SendByte
    i2c.o(i.Init_honeywell_sensor) refers to i2c.o(i.I2C_RecAck) for I2C_RecAck
    i2c.o(i.Init_honeywell_sensor) refers to i2c.o(i.I2C_Stop) for I2C_Stop
    i2c.o(i.Is_honeywell_free) refers to i2c.o(i.I2C_Start) for I2C_Start
    i2c.o(i.Is_honeywell_free) refers to i2c.o(i.I2C_SendByte) for I2C_SendByte
    i2c.o(i.Is_honeywell_free) refers to i2c.o(i.I2C_RecAck) for I2C_RecAck
    i2c.o(i.Is_honeywell_free) refers to i2c.o(i.I2C_RecByte) for I2C_RecByte
    i2c.o(i.Is_honeywell_free) refers to i2c.o(i.I2C_SendNak) for I2C_SendNak
    i2c.o(i.Is_honeywell_free) refers to i2c.o(i.I2C_Stop) for I2C_Stop
    i2c.o(i.honeywell_readByte) refers to i2c.o(i.I2C_Start) for I2C_Start
    i2c.o(i.honeywell_readByte) refers to i2c.o(i.I2C_SendByte) for I2C_SendByte
    i2c.o(i.honeywell_readByte) refers to i2c.o(i.I2C_RecAck) for I2C_RecAck
    i2c.o(i.honeywell_readByte) refers to i2c.o(i.I2C_RecByte) for I2C_RecByte
    i2c.o(i.honeywell_readByte) refers to i2c.o(i.I2C_SendAck) for I2C_SendAck
    i2c.o(i.honeywell_readByte) refers to i2c.o(i.I2C_SendNak) for I2C_SendNak
    i2c.o(i.honeywell_readByte) refers to i2c.o(i.I2C_Stop) for I2C_Stop
    app.o(i.init_task) refers to hardware.o(i.init_hardware) for init_hardware
    app.o(i.init_task) refers to os_core.o(i.os_create_task) for os_create_task
    app.o(i.init_task) refers to os_core.o(i.os_pend_task) for os_pend_task
    app.o(i.init_task) refers to comm_task.o(i.TaskDataSend) for TaskDataSend
    app.o(i.init_task) refers to comm_task.o(i.CMD_ProcessTask) for CMD_ProcessTask
    app.o(i.init_task) refers to key_led_task.o(i.key_led_task) for key_led_task
    app.o(i.test_task) refers to os_core.o(i.os_delay_ms) for os_delay_ms
    key_led_task.o(i.key_led_task) refers to hardware.o(i.Set_LED) for Set_LED
    key_led_task.o(i.key_led_task) refers to os_core.o(i.os_delay_ms) for os_delay_ms
    key_led_task.o(i.key_led_task) refers to key_led_task.o(.data) for b_flag
    comm_task.o(i.CMD_ProcessTask) refers to cmd_receive.o(i.ReceiveData) for ReceiveData
    comm_task.o(i.CMD_ProcessTask) refers to comm_task.o(i.ModuleUnPackFrame) for ModuleUnPackFrame
    comm_task.o(i.CMD_ProcessTask) refers to os_core.o(i.os_delay_ms) for os_delay_ms
    comm_task.o(i.CMD_ProcessTask) refers to comm_task.o(.bss) for g_CmdReceive
    comm_task.o(i.ModuleProcessPacket) refers to protocol_module.o(i.protocol_module_process) for protocol_module_process
    comm_task.o(i.ModuleUnPackFrame) refers to cmd_receive.o(i.GetBuf2Length) for GetBuf2Length
    comm_task.o(i.ModuleUnPackFrame) refers to cmd_receive.o(i.Buf2Read) for Buf2Read
    comm_task.o(i.ModuleUnPackFrame) refers to comm_task.o(i.CheckCheckSum) for CheckCheckSum
    comm_task.o(i.ModuleUnPackFrame) refers to memcpya.o(.text) for __aeabi_memcpy4
    comm_task.o(i.ModuleUnPackFrame) refers to comm_task.o(i.ModuleProcessPacket) for ModuleProcessPacket
    comm_task.o(i.ModuleUnPackFrame) refers to delay.o(i.delay_ms) for delay_ms
    comm_task.o(i.ModuleUnPackFrame) refers to memseta.o(.text) for __aeabi_memclr4
    comm_task.o(i.ModuleUnPackFrame) refers to comm_task.o(.bss) for sDataBuff
    comm_task.o(i.ModuleUnPackFrame) refers to comm_task.o(.data) for sPacketHeadFlag
    comm_task.o(i.TaskDataSend) refers to memseta.o(.text) for __aeabi_memclr4
    comm_task.o(i.TaskDataSend) refers to fifo.o(i.fifoReadData) for fifoReadData
    comm_task.o(i.TaskDataSend) refers to serial_port.o(i.UartSendNBytes) for UartSendNBytes
    comm_task.o(i.TaskDataSend) refers to delay.o(i.delay_ms) for delay_ms
    comm_task.o(i.TaskDataSend) refers to os_core.o(i.os_delay_ms) for os_delay_ms
    comm_task.o(i.TaskDataSend) refers to comm_task.o(.bss) for send_fifo
    system_stm32f10x.o(i.SetSysClock) refers to system_stm32f10x.o(i.SetSysClockTo72) for SetSysClockTo72
    system_stm32f10x.o(i.SystemCoreClockUpdate) refers to system_stm32f10x.o(.data) for SystemCoreClock
    system_stm32f10x.o(i.SystemInit) refers to system_stm32f10x.o(i.SetSysClock) for SetSysClock
    protocol_module.o(i.protocol_module_send_train_data_check_sum) refers to comm_task.o(i.CalcCheckSum) for CalcCheckSum
    protocol_module.o(i.protocol_module_send_train_data_check_sum) refers to fifo.o(i.fifoWriteData) for fifoWriteData
    protocol_module.o(i.protocol_module_send_train_data_check_sum) refers to comm_task.o(.bss) for send_fifo
    entry.o(.ARM.Collect$$$$00000000) refers (Special) to entry10a.o(.ARM.Collect$$$$0000000D) for __rt_final_cpp
    entry.o(.ARM.Collect$$$$00000000) refers (Special) to entry11a.o(.ARM.Collect$$$$0000000F) for __rt_final_exit
    entry.o(.ARM.Collect$$$$00000000) refers (Special) to entry7b.o(.ARM.Collect$$$$00000008) for _main_clock
    entry.o(.ARM.Collect$$$$00000000) refers (Special) to entry8b.o(.ARM.Collect$$$$0000000A) for _main_cpp_init
    entry.o(.ARM.Collect$$$$00000000) refers (Special) to entry9a.o(.ARM.Collect$$$$0000000B) for _main_init
    entry.o(.ARM.Collect$$$$00000000) refers (Special) to entry5.o(.ARM.Collect$$$$00000004) for _main_scatterload
    entry.o(.ARM.Collect$$$$00000000) refers (Special) to entry2.o(.ARM.Collect$$$$00000001) for _main_stk
    entry2.o(.ARM.Collect$$$$00000001) refers to entry2.o(.ARM.Collect$$$$00002712) for __lit__00000000
    entry2.o(.ARM.Collect$$$$00002712) refers to startup_stm32f10x_md.o(STACK) for __initial_sp
    entry2.o(__vectab_stack_and_reset_area) refers to startup_stm32f10x_md.o(STACK) for __initial_sp
    entry2.o(__vectab_stack_and_reset_area) refers to entry.o(.ARM.Collect$$$$00000000) for __main
    entry5.o(.ARM.Collect$$$$00000004) refers to init.o(.text) for __scatterload
    entry9a.o(.ARM.Collect$$$$0000000B) refers to main.o(i.main) for main
    entry9b.o(.ARM.Collect$$$$0000000C) refers to main.o(i.main) for main
    init.o(.text) refers to entry5.o(.ARM.Collect$$$$00000004) for __main_after_scatterload


==============================================================================

Removing Unused input sections from the image.

    Removing startup_stm32f10x_md.o(HEAP), (512 bytes).
    Removing misc.o(i.NVIC_PriorityGroupConfig), (20 bytes).
    Removing misc.o(i.NVIC_SetVectorTable), (20 bytes).
    Removing misc.o(i.NVIC_SystemLPConfig), (32 bytes).
    Removing stm32f10x_adc.o(i.ADC_AnalogWatchdogCmd), (20 bytes).
    Removing stm32f10x_adc.o(i.ADC_AnalogWatchdogSingleChannelConfig), (16 bytes).
    Removing stm32f10x_adc.o(i.ADC_AnalogWatchdogThresholdsConfig), (6 bytes).
    Removing stm32f10x_adc.o(i.ADC_AutoInjectedConvCmd), (22 bytes).
    Removing stm32f10x_adc.o(i.ADC_ClearFlag), (6 bytes).
    Removing stm32f10x_adc.o(i.ADC_ClearITPendingBit), (10 bytes).
    Removing stm32f10x_adc.o(i.ADC_DeInit), (92 bytes).
    Removing stm32f10x_adc.o(i.ADC_DiscModeChannelCountConfig), (24 bytes).
    Removing stm32f10x_adc.o(i.ADC_DiscModeCmd), (22 bytes).
    Removing stm32f10x_adc.o(i.ADC_ExternalTrigConvCmd), (22 bytes).
    Removing stm32f10x_adc.o(i.ADC_ExternalTrigInjectedConvCmd), (22 bytes).
    Removing stm32f10x_adc.o(i.ADC_ExternalTrigInjectedConvConfig), (16 bytes).
    Removing stm32f10x_adc.o(i.ADC_GetConversionValue), (8 bytes).
    Removing stm32f10x_adc.o(i.ADC_GetDualModeConversionValue), (12 bytes).
    Removing stm32f10x_adc.o(i.ADC_GetFlagStatus), (18 bytes).
    Removing stm32f10x_adc.o(i.ADC_GetITStatus), (36 bytes).
    Removing stm32f10x_adc.o(i.ADC_GetInjectedConversionValue), (28 bytes).
    Removing stm32f10x_adc.o(i.ADC_GetSoftwareStartConvStatus), (20 bytes).
    Removing stm32f10x_adc.o(i.ADC_GetSoftwareStartInjectedConvCmdStatus), (20 bytes).
    Removing stm32f10x_adc.o(i.ADC_ITConfig), (24 bytes).
    Removing stm32f10x_adc.o(i.ADC_InjectedChannelConfig), (130 bytes).
    Removing stm32f10x_adc.o(i.ADC_InjectedDiscModeCmd), (22 bytes).
    Removing stm32f10x_adc.o(i.ADC_InjectedSequencerLengthConfig), (24 bytes).
    Removing stm32f10x_adc.o(i.ADC_SetInjectedOffset), (20 bytes).
    Removing stm32f10x_adc.o(i.ADC_SoftwareStartInjectedConvCmd), (22 bytes).
    Removing stm32f10x_adc.o(i.ADC_StructInit), (18 bytes).
    Removing stm32f10x_adc.o(i.ADC_TempSensorVrefintCmd), (36 bytes).
    Removing stm32f10x_bkp.o(i.BKP_ClearFlag), (20 bytes).
    Removing stm32f10x_bkp.o(i.BKP_ClearITPendingBit), (20 bytes).
    Removing stm32f10x_bkp.o(i.BKP_DeInit), (16 bytes).
    Removing stm32f10x_bkp.o(i.BKP_GetFlagStatus), (12 bytes).
    Removing stm32f10x_bkp.o(i.BKP_GetITStatus), (12 bytes).
    Removing stm32f10x_bkp.o(i.BKP_ITConfig), (12 bytes).
    Removing stm32f10x_bkp.o(i.BKP_RTCOutputConfig), (28 bytes).
    Removing stm32f10x_bkp.o(i.BKP_ReadBackupRegister), (28 bytes).
    Removing stm32f10x_bkp.o(i.BKP_SetRTCCalibrationValue), (28 bytes).
    Removing stm32f10x_bkp.o(i.BKP_TamperPinCmd), (12 bytes).
    Removing stm32f10x_bkp.o(i.BKP_TamperPinLevelConfig), (12 bytes).
    Removing stm32f10x_bkp.o(i.BKP_WriteBackupRegister), (28 bytes).
    Removing stm32f10x_can.o(i.CAN_CancelTransmit), (48 bytes).
    Removing stm32f10x_can.o(i.CAN_ClearFlag), (56 bytes).
    Removing stm32f10x_can.o(i.CAN_ClearITPendingBit), (168 bytes).
    Removing stm32f10x_can.o(i.CAN_DBGFreeze), (22 bytes).
    Removing stm32f10x_can.o(i.CAN_DeInit), (56 bytes).
    Removing stm32f10x_can.o(i.CAN_FIFORelease), (22 bytes).
    Removing stm32f10x_can.o(i.CAN_FilterInit), (264 bytes).
    Removing stm32f10x_can.o(i.CAN_GetFlagStatus), (120 bytes).
    Removing stm32f10x_can.o(i.CAN_GetITStatus), (288 bytes).
    Removing stm32f10x_can.o(i.CAN_GetLSBTransmitErrorCounter), (12 bytes).
    Removing stm32f10x_can.o(i.CAN_GetLastErrorCode), (12 bytes).
    Removing stm32f10x_can.o(i.CAN_GetReceiveErrorCounter), (10 bytes).
    Removing stm32f10x_can.o(i.CAN_ITConfig), (18 bytes).
    Removing stm32f10x_can.o(i.CAN_Init), (276 bytes).
    Removing stm32f10x_can.o(i.CAN_MessagePending), (30 bytes).
    Removing stm32f10x_can.o(i.CAN_OperatingModeRequest), (162 bytes).
    Removing stm32f10x_can.o(i.CAN_Receive), (240 bytes).
    Removing stm32f10x_can.o(i.CAN_SlaveStartBank), (52 bytes).
    Removing stm32f10x_can.o(i.CAN_Sleep), (30 bytes).
    Removing stm32f10x_can.o(i.CAN_StructInit), (32 bytes).
    Removing stm32f10x_can.o(i.CAN_TTComModeCmd), (118 bytes).
    Removing stm32f10x_can.o(i.CAN_Transmit), (294 bytes).
    Removing stm32f10x_can.o(i.CAN_TransmitStatus), (160 bytes).
    Removing stm32f10x_can.o(i.CAN_WakeUp), (48 bytes).
    Removing stm32f10x_can.o(i.CheckITStatus), (18 bytes).
    Removing stm32f10x_crc.o(i.CRC_CalcBlockCRC), (36 bytes).
    Removing stm32f10x_crc.o(i.CRC_CalcCRC), (16 bytes).
    Removing stm32f10x_crc.o(i.CRC_GetCRC), (12 bytes).
    Removing stm32f10x_crc.o(i.CRC_GetIDRegister), (12 bytes).
    Removing stm32f10x_crc.o(i.CRC_ResetDR), (12 bytes).
    Removing stm32f10x_crc.o(i.CRC_SetIDRegister), (12 bytes).
    Removing stm32f10x_dac.o(i.DAC_Cmd), (40 bytes).
    Removing stm32f10x_dac.o(i.DAC_DMACmd), (44 bytes).
    Removing stm32f10x_dac.o(i.DAC_DeInit), (22 bytes).
    Removing stm32f10x_dac.o(i.DAC_DualSoftwareTriggerCmd), (36 bytes).
    Removing stm32f10x_dac.o(i.DAC_GetDataOutputValue), (36 bytes).
    Removing stm32f10x_dac.o(i.DAC_Init), (52 bytes).
    Removing stm32f10x_dac.o(i.DAC_SetChannel1Data), (32 bytes).
    Removing stm32f10x_dac.o(i.DAC_SetChannel2Data), (32 bytes).
    Removing stm32f10x_dac.o(i.DAC_SetDualChannelData), (36 bytes).
    Removing stm32f10x_dac.o(i.DAC_SoftwareTriggerCmd), (44 bytes).
    Removing stm32f10x_dac.o(i.DAC_StructInit), (12 bytes).
    Removing stm32f10x_dac.o(i.DAC_WaveGenerationCmd), (40 bytes).
    Removing stm32f10x_dbgmcu.o(i.DBGMCU_Config), (32 bytes).
    Removing stm32f10x_dbgmcu.o(i.DBGMCU_GetDEVID), (16 bytes).
    Removing stm32f10x_dbgmcu.o(i.DBGMCU_GetREVID), (12 bytes).
    Removing stm32f10x_dma.o(i.DMA_ClearFlag), (28 bytes).
    Removing stm32f10x_dma.o(i.DMA_ClearITPendingBit), (28 bytes).
    Removing stm32f10x_dma.o(i.DMA_GetFlagStatus), (44 bytes).
    Removing stm32f10x_dma.o(i.DMA_GetITStatus), (44 bytes).
    Removing stm32f10x_dma.o(i.DMA_ITConfig), (18 bytes).
    Removing stm32f10x_dma.o(i.DMA_SetCurrDataCounter), (4 bytes).
    Removing stm32f10x_dma.o(i.DMA_StructInit), (26 bytes).
    Removing stm32f10x_exti.o(i.EXTI_ClearFlag), (12 bytes).
    Removing stm32f10x_exti.o(i.EXTI_ClearITPendingBit), (12 bytes).
    Removing stm32f10x_exti.o(i.EXTI_DeInit), (36 bytes).
    Removing stm32f10x_exti.o(i.EXTI_GenerateSWInterrupt), (16 bytes).
    Removing stm32f10x_exti.o(i.EXTI_GetFlagStatus), (24 bytes).
    Removing stm32f10x_exti.o(i.EXTI_GetITStatus), (40 bytes).
    Removing stm32f10x_exti.o(i.EXTI_Init), (148 bytes).
    Removing stm32f10x_exti.o(i.EXTI_StructInit), (16 bytes).
    Removing stm32f10x_flash.o(i.FLASH_ClearFlag), (12 bytes).
    Removing stm32f10x_flash.o(i.FLASH_EnableWriteProtection), (196 bytes).
    Removing stm32f10x_flash.o(i.FLASH_EraseAllBank1Pages), (72 bytes).
    Removing stm32f10x_flash.o(i.FLASH_EraseAllPages), (72 bytes).
    Removing stm32f10x_flash.o(i.FLASH_EraseOptionBytes), (168 bytes).
    Removing stm32f10x_flash.o(i.FLASH_ErasePage), (76 bytes).
    Removing stm32f10x_flash.o(i.FLASH_GetBank1Status), (52 bytes).
    Removing stm32f10x_flash.o(i.FLASH_GetFlagStatus), (48 bytes).
    Removing stm32f10x_flash.o(i.FLASH_GetPrefetchBufferStatus), (24 bytes).
    Removing stm32f10x_flash.o(i.FLASH_GetReadOutProtectionStatus), (24 bytes).
    Removing stm32f10x_flash.o(i.FLASH_GetStatus), (52 bytes).
    Removing stm32f10x_flash.o(i.FLASH_GetUserOptionByte), (12 bytes).
    Removing stm32f10x_flash.o(i.FLASH_GetWriteProtectionOptionByte), (12 bytes).
    Removing stm32f10x_flash.o(i.FLASH_HalfCycleAccessCmd), (28 bytes).
    Removing stm32f10x_flash.o(i.FLASH_ITConfig), (32 bytes).
    Removing stm32f10x_flash.o(i.FLASH_Lock), (20 bytes).
    Removing stm32f10x_flash.o(i.FLASH_LockBank1), (20 bytes).
    Removing stm32f10x_flash.o(i.FLASH_PrefetchBufferCmd), (28 bytes).
    Removing stm32f10x_flash.o(i.FLASH_ProgramHalfWord), (64 bytes).
    Removing stm32f10x_flash.o(i.FLASH_ProgramOptionByteData), (84 bytes).
    Removing stm32f10x_flash.o(i.FLASH_ProgramWord), (108 bytes).
    Removing stm32f10x_flash.o(i.FLASH_ReadOutProtection), (172 bytes).
    Removing stm32f10x_flash.o(i.FLASH_SetLatency), (24 bytes).
    Removing stm32f10x_flash.o(i.FLASH_Unlock), (24 bytes).
    Removing stm32f10x_flash.o(i.FLASH_UnlockBank1), (24 bytes).
    Removing stm32f10x_flash.o(i.FLASH_UserOptionByteConfig), (104 bytes).
    Removing stm32f10x_flash.o(i.FLASH_WaitForLastBank1Operation), (38 bytes).
    Removing stm32f10x_flash.o(i.FLASH_WaitForLastOperation), (38 bytes).
    Removing stm32f10x_fsmc.o(i.FSMC_ClearFlag), (64 bytes).
    Removing stm32f10x_fsmc.o(i.FSMC_ClearITPendingBit), (72 bytes).
    Removing stm32f10x_fsmc.o(i.FSMC_GetECC), (28 bytes).
    Removing stm32f10x_fsmc.o(i.FSMC_GetFlagStatus), (56 bytes).
    Removing stm32f10x_fsmc.o(i.FSMC_GetITStatus), (68 bytes).
    Removing stm32f10x_fsmc.o(i.FSMC_ITConfig), (128 bytes).
    Removing stm32f10x_fsmc.o(i.FSMC_NANDCmd), (92 bytes).
    Removing stm32f10x_fsmc.o(i.FSMC_NANDDeInit), (68 bytes).
    Removing stm32f10x_fsmc.o(i.FSMC_NANDECCCmd), (92 bytes).
    Removing stm32f10x_fsmc.o(i.FSMC_NANDInit), (136 bytes).
    Removing stm32f10x_fsmc.o(i.FSMC_NANDStructInit), (54 bytes).
    Removing stm32f10x_fsmc.o(i.FSMC_NORSRAMCmd), (52 bytes).
    Removing stm32f10x_fsmc.o(i.FSMC_NORSRAMDeInit), (54 bytes).
    Removing stm32f10x_fsmc.o(i.FSMC_NORSRAMInit), (230 bytes).
    Removing stm32f10x_fsmc.o(i.FSMC_NORSRAMStructInit), (114 bytes).
    Removing stm32f10x_fsmc.o(i.FSMC_PCCARDCmd), (48 bytes).
    Removing stm32f10x_fsmc.o(i.FSMC_PCCARDDeInit), (40 bytes).
    Removing stm32f10x_fsmc.o(i.FSMC_PCCARDInit), (132 bytes).
    Removing stm32f10x_fsmc.o(i.FSMC_PCCARDStructInit), (60 bytes).
    Removing stm32f10x_gpio.o(i.GPIO_AFIODeInit), (20 bytes).
    Removing stm32f10x_gpio.o(i.GPIO_DeInit), (200 bytes).
    Removing stm32f10x_gpio.o(i.GPIO_ETH_MediaInterfaceConfig), (12 bytes).
    Removing stm32f10x_gpio.o(i.GPIO_EXTILineConfig), (64 bytes).
    Removing stm32f10x_gpio.o(i.GPIO_EventOutputCmd), (12 bytes).
    Removing stm32f10x_gpio.o(i.GPIO_EventOutputConfig), (32 bytes).
    Removing stm32f10x_gpio.o(i.GPIO_PinLockConfig), (18 bytes).
    Removing stm32f10x_gpio.o(i.GPIO_PinRemapConfig), (144 bytes).
    Removing stm32f10x_gpio.o(i.GPIO_ReadInputData), (8 bytes).
    Removing stm32f10x_gpio.o(i.GPIO_ReadInputDataBit), (18 bytes).
    Removing stm32f10x_gpio.o(i.GPIO_ReadOutputData), (8 bytes).
    Removing stm32f10x_gpio.o(i.GPIO_ReadOutputDataBit), (18 bytes).
    Removing stm32f10x_gpio.o(i.GPIO_StructInit), (16 bytes).
    Removing stm32f10x_gpio.o(i.GPIO_Write), (4 bytes).
    Removing stm32f10x_gpio.o(i.GPIO_WriteBit), (10 bytes).
    Removing stm32f10x_i2c.o(i.I2C_ARPCmd), (24 bytes).
    Removing stm32f10x_i2c.o(i.I2C_AcknowledgeConfig), (24 bytes).
    Removing stm32f10x_i2c.o(i.I2C_CalculatePEC), (24 bytes).
    Removing stm32f10x_i2c.o(i.I2C_CheckEvent), (42 bytes).
    Removing stm32f10x_i2c.o(i.I2C_ClearFlag), (12 bytes).
    Removing stm32f10x_i2c.o(i.I2C_ClearITPendingBit), (12 bytes).
    Removing stm32f10x_i2c.o(i.I2C_Cmd), (24 bytes).
    Removing stm32f10x_i2c.o(i.I2C_DMACmd), (24 bytes).
    Removing stm32f10x_i2c.o(i.I2C_DMALastTransferCmd), (24 bytes).
    Removing stm32f10x_i2c.o(i.I2C_DeInit), (56 bytes).
    Removing stm32f10x_i2c.o(i.I2C_DualAddressCmd), (24 bytes).
    Removing stm32f10x_i2c.o(i.I2C_FastModeDutyCycleConfig), (28 bytes).
    Removing stm32f10x_i2c.o(i.I2C_GeneralCallCmd), (24 bytes).
    Removing stm32f10x_i2c.o(i.I2C_GenerateSTART), (24 bytes).
    Removing stm32f10x_i2c.o(i.I2C_GenerateSTOP), (24 bytes).
    Removing stm32f10x_i2c.o(i.I2C_GetFlagStatus), (58 bytes).
    Removing stm32f10x_i2c.o(i.I2C_GetITStatus), (38 bytes).
    Removing stm32f10x_i2c.o(i.I2C_GetLastEvent), (26 bytes).
    Removing stm32f10x_i2c.o(i.I2C_GetPEC), (8 bytes).
    Removing stm32f10x_i2c.o(i.I2C_ITConfig), (18 bytes).
    Removing stm32f10x_i2c.o(i.I2C_Init), (236 bytes).
    Removing stm32f10x_i2c.o(i.I2C_NACKPositionConfig), (28 bytes).
    Removing stm32f10x_i2c.o(i.I2C_OwnAddress2Config), (22 bytes).
    Removing stm32f10x_i2c.o(i.I2C_PECPositionConfig), (28 bytes).
    Removing stm32f10x_i2c.o(i.I2C_ReadRegister), (22 bytes).
    Removing stm32f10x_i2c.o(i.I2C_ReceiveData), (8 bytes).
    Removing stm32f10x_i2c.o(i.I2C_SMBusAlertConfig), (28 bytes).
    Removing stm32f10x_i2c.o(i.I2C_Send7bitAddress), (18 bytes).
    Removing stm32f10x_i2c.o(i.I2C_SendData), (4 bytes).
    Removing stm32f10x_i2c.o(i.I2C_SoftwareResetCmd), (22 bytes).
    Removing stm32f10x_i2c.o(i.I2C_StretchClockCmd), (24 bytes).
    Removing stm32f10x_i2c.o(i.I2C_StructInit), (30 bytes).
    Removing stm32f10x_i2c.o(i.I2C_TransmitPEC), (24 bytes).
    Removing stm32f10x_iwdg.o(i.IWDG_Enable), (16 bytes).
    Removing stm32f10x_iwdg.o(i.IWDG_GetFlagStatus), (24 bytes).
    Removing stm32f10x_iwdg.o(i.IWDG_ReloadCounter), (16 bytes).
    Removing stm32f10x_iwdg.o(i.IWDG_SetPrescaler), (12 bytes).
    Removing stm32f10x_iwdg.o(i.IWDG_SetReload), (12 bytes).
    Removing stm32f10x_iwdg.o(i.IWDG_WriteAccessCmd), (12 bytes).
    Removing stm32f10x_pwr.o(i.PWR_BackupAccessCmd), (12 bytes).
    Removing stm32f10x_pwr.o(i.PWR_ClearFlag), (20 bytes).
    Removing stm32f10x_pwr.o(i.PWR_DeInit), (22 bytes).
    Removing stm32f10x_pwr.o(i.PWR_EnterSTANDBYMode), (52 bytes).
    Removing stm32f10x_pwr.o(i.PWR_EnterSTOPMode), (64 bytes).
    Removing stm32f10x_pwr.o(i.PWR_GetFlagStatus), (24 bytes).
    Removing stm32f10x_pwr.o(i.PWR_PVDCmd), (12 bytes).
    Removing stm32f10x_pwr.o(i.PWR_PVDLevelConfig), (24 bytes).
    Removing stm32f10x_pwr.o(i.PWR_WakeUpPinCmd), (12 bytes).
    Removing stm32f10x_rcc.o(i.RCC_APB1PeriphResetCmd), (32 bytes).
    Removing stm32f10x_rcc.o(i.RCC_APB2PeriphResetCmd), (32 bytes).
    Removing stm32f10x_rcc.o(i.RCC_AdjustHSICalibrationValue), (24 bytes).
    Removing stm32f10x_rcc.o(i.RCC_BackupResetCmd), (12 bytes).
    Removing stm32f10x_rcc.o(i.RCC_ClearFlag), (20 bytes).
    Removing stm32f10x_rcc.o(i.RCC_ClearITPendingBit), (12 bytes).
    Removing stm32f10x_rcc.o(i.RCC_ClockSecuritySystemCmd), (12 bytes).
    Removing stm32f10x_rcc.o(i.RCC_DeInit), (76 bytes).
    Removing stm32f10x_rcc.o(i.RCC_GetFlagStatus), (60 bytes).
    Removing stm32f10x_rcc.o(i.RCC_GetITStatus), (24 bytes).
    Removing stm32f10x_rcc.o(i.RCC_GetSYSCLKSource), (16 bytes).
    Removing stm32f10x_rcc.o(i.RCC_HCLKConfig), (24 bytes).
    Removing stm32f10x_rcc.o(i.RCC_HSEConfig), (76 bytes).
    Removing stm32f10x_rcc.o(i.RCC_HSICmd), (12 bytes).
    Removing stm32f10x_rcc.o(i.RCC_ITConfig), (32 bytes).
    Removing stm32f10x_rcc.o(i.RCC_LSEConfig), (52 bytes).
    Removing stm32f10x_rcc.o(i.RCC_LSICmd), (12 bytes).
    Removing stm32f10x_rcc.o(i.RCC_MCOConfig), (12 bytes).
    Removing stm32f10x_rcc.o(i.RCC_PCLK2Config), (24 bytes).
    Removing stm32f10x_rcc.o(i.RCC_PLLCmd), (12 bytes).
    Removing stm32f10x_rcc.o(i.RCC_PLLConfig), (28 bytes).
    Removing stm32f10x_rcc.o(i.RCC_RTCCLKCmd), (12 bytes).
    Removing stm32f10x_rcc.o(i.RCC_RTCCLKConfig), (16 bytes).
    Removing stm32f10x_rcc.o(i.RCC_SYSCLKConfig), (24 bytes).
    Removing stm32f10x_rcc.o(i.RCC_USBCLKConfig), (12 bytes).
    Removing stm32f10x_rcc.o(i.RCC_WaitForHSEStartUp), (56 bytes).
    Removing stm32f10x_rtc.o(i.RTC_ClearFlag), (16 bytes).
    Removing stm32f10x_rtc.o(i.RTC_ClearITPendingBit), (16 bytes).
    Removing stm32f10x_rtc.o(i.RTC_EnterConfigMode), (20 bytes).
    Removing stm32f10x_rtc.o(i.RTC_ExitConfigMode), (20 bytes).
    Removing stm32f10x_rtc.o(i.RTC_GetCounter), (20 bytes).
    Removing stm32f10x_rtc.o(i.RTC_GetDivider), (24 bytes).
    Removing stm32f10x_rtc.o(i.RTC_GetFlagStatus), (24 bytes).
    Removing stm32f10x_rtc.o(i.RTC_GetITStatus), (36 bytes).
    Removing stm32f10x_rtc.o(i.RTC_ITConfig), (32 bytes).
    Removing stm32f10x_rtc.o(i.RTC_SetAlarm), (28 bytes).
    Removing stm32f10x_rtc.o(i.RTC_SetCounter), (28 bytes).
    Removing stm32f10x_rtc.o(i.RTC_SetPrescaler), (32 bytes).
    Removing stm32f10x_rtc.o(i.RTC_WaitForLastTask), (20 bytes).
    Removing stm32f10x_rtc.o(i.RTC_WaitForSynchro), (36 bytes).
    Removing stm32f10x_sdio.o(i.SDIO_CEATAITCmd), (16 bytes).
    Removing stm32f10x_sdio.o(i.SDIO_ClearFlag), (12 bytes).
    Removing stm32f10x_sdio.o(i.SDIO_ClearITPendingBit), (12 bytes).
    Removing stm32f10x_sdio.o(i.SDIO_ClockCmd), (12 bytes).
    Removing stm32f10x_sdio.o(i.SDIO_CmdStructInit), (14 bytes).
    Removing stm32f10x_sdio.o(i.SDIO_CommandCompletionCmd), (12 bytes).
    Removing stm32f10x_sdio.o(i.SDIO_DMACmd), (12 bytes).
    Removing stm32f10x_sdio.o(i.SDIO_DataConfig), (48 bytes).
    Removing stm32f10x_sdio.o(i.SDIO_DataStructInit), (20 bytes).
    Removing stm32f10x_sdio.o(i.SDIO_DeInit), (36 bytes).
    Removing stm32f10x_sdio.o(i.SDIO_GetCommandResponse), (12 bytes).
    Removing stm32f10x_sdio.o(i.SDIO_GetDataCounter), (12 bytes).
    Removing stm32f10x_sdio.o(i.SDIO_GetFIFOCount), (12 bytes).
    Removing stm32f10x_sdio.o(i.SDIO_GetFlagStatus), (24 bytes).
    Removing stm32f10x_sdio.o(i.SDIO_GetITStatus), (24 bytes).
    Removing stm32f10x_sdio.o(i.SDIO_GetPowerState), (16 bytes).
    Removing stm32f10x_sdio.o(i.SDIO_GetResponse), (24 bytes).
    Removing stm32f10x_sdio.o(i.SDIO_ITConfig), (32 bytes).
    Removing stm32f10x_sdio.o(i.SDIO_Init), (48 bytes).
    Removing stm32f10x_sdio.o(i.SDIO_ReadData), (12 bytes).
    Removing stm32f10x_sdio.o(i.SDIO_SendCEATACmd), (12 bytes).
    Removing stm32f10x_sdio.o(i.SDIO_SendCommand), (44 bytes).
    Removing stm32f10x_sdio.o(i.SDIO_SendSDIOSuspendCmd), (12 bytes).
    Removing stm32f10x_sdio.o(i.SDIO_SetPowerState), (28 bytes).
    Removing stm32f10x_sdio.o(i.SDIO_SetSDIOOperation), (12 bytes).
    Removing stm32f10x_sdio.o(i.SDIO_SetSDIOReadWaitMode), (12 bytes).
    Removing stm32f10x_sdio.o(i.SDIO_StartSDIOReadWait), (12 bytes).
    Removing stm32f10x_sdio.o(i.SDIO_StopSDIOReadWait), (12 bytes).
    Removing stm32f10x_sdio.o(i.SDIO_StructInit), (16 bytes).
    Removing stm32f10x_sdio.o(i.SDIO_WriteData), (12 bytes).
    Removing stm32f10x_spi.o(i.I2S_Cmd), (24 bytes).
    Removing stm32f10x_spi.o(i.I2S_Init), (232 bytes).
    Removing stm32f10x_spi.o(i.I2S_StructInit), (20 bytes).
    Removing stm32f10x_spi.o(i.SPI_BiDirectionalLineConfig), (28 bytes).
    Removing stm32f10x_spi.o(i.SPI_CalculateCRC), (24 bytes).
    Removing stm32f10x_spi.o(i.SPI_Cmd), (24 bytes).
    Removing stm32f10x_spi.o(i.SPI_DataSizeConfig), (18 bytes).
    Removing stm32f10x_spi.o(i.SPI_GetCRC), (16 bytes).
    Removing stm32f10x_spi.o(i.SPI_GetCRCPolynomial), (6 bytes).
    Removing stm32f10x_spi.o(i.SPI_I2S_ClearFlag), (6 bytes).
    Removing stm32f10x_spi.o(i.SPI_I2S_ClearITPendingBit), (20 bytes).
    Removing stm32f10x_spi.o(i.SPI_I2S_DMACmd), (18 bytes).
    Removing stm32f10x_spi.o(i.SPI_I2S_DeInit), (88 bytes).
    Removing stm32f10x_spi.o(i.SPI_I2S_GetFlagStatus), (18 bytes).
    Removing stm32f10x_spi.o(i.SPI_I2S_GetITStatus), (52 bytes).
    Removing stm32f10x_spi.o(i.SPI_I2S_ITConfig), (32 bytes).
    Removing stm32f10x_spi.o(i.SPI_I2S_ReceiveData), (6 bytes).
    Removing stm32f10x_spi.o(i.SPI_I2S_SendData), (4 bytes).
    Removing stm32f10x_spi.o(i.SPI_Init), (60 bytes).
    Removing stm32f10x_spi.o(i.SPI_NSSInternalSoftwareConfig), (30 bytes).
    Removing stm32f10x_spi.o(i.SPI_SSOutputCmd), (24 bytes).
    Removing stm32f10x_spi.o(i.SPI_StructInit), (24 bytes).
    Removing stm32f10x_spi.o(i.SPI_TransmitCRC), (10 bytes).
    Removing stm32f10x_tim.o(i.TI1_Config), (128 bytes).
    Removing stm32f10x_tim.o(i.TI2_Config), (152 bytes).
    Removing stm32f10x_tim.o(i.TI3_Config), (144 bytes).
    Removing stm32f10x_tim.o(i.TI4_Config), (152 bytes).
    Removing stm32f10x_tim.o(i.TIM_BDTRConfig), (32 bytes).
    Removing stm32f10x_tim.o(i.TIM_BDTRStructInit), (18 bytes).
    Removing stm32f10x_tim.o(i.TIM_CCPreloadControl), (24 bytes).
    Removing stm32f10x_tim.o(i.TIM_CCxCmd), (30 bytes).
    Removing stm32f10x_tim.o(i.TIM_CCxNCmd), (30 bytes).
    Removing stm32f10x_tim.o(i.TIM_ClearOC1Ref), (18 bytes).
    Removing stm32f10x_tim.o(i.TIM_ClearOC2Ref), (24 bytes).
    Removing stm32f10x_tim.o(i.TIM_ClearOC3Ref), (18 bytes).
    Removing stm32f10x_tim.o(i.TIM_ClearOC4Ref), (24 bytes).
    Removing stm32f10x_tim.o(i.TIM_CounterModeConfig), (18 bytes).
    Removing stm32f10x_tim.o(i.TIM_CtrlPWMOutputs), (30 bytes).
    Removing stm32f10x_tim.o(i.TIM_DMACmd), (18 bytes).
    Removing stm32f10x_tim.o(i.TIM_DMAConfig), (10 bytes).
    Removing stm32f10x_tim.o(i.TIM_DeInit), (488 bytes).
    Removing stm32f10x_tim.o(i.TIM_ETRClockMode1Config), (54 bytes).
    Removing stm32f10x_tim.o(i.TIM_ETRClockMode2Config), (32 bytes).
    Removing stm32f10x_tim.o(i.TIM_ETRConfig), (28 bytes).
    Removing stm32f10x_tim.o(i.TIM_EncoderInterfaceConfig), (66 bytes).
    Removing stm32f10x_tim.o(i.TIM_ForcedOC1Config), (18 bytes).
    Removing stm32f10x_tim.o(i.TIM_ForcedOC2Config), (26 bytes).
    Removing stm32f10x_tim.o(i.TIM_ForcedOC3Config), (18 bytes).
    Removing stm32f10x_tim.o(i.TIM_ForcedOC4Config), (26 bytes).
    Removing stm32f10x_tim.o(i.TIM_GenerateEvent), (4 bytes).
    Removing stm32f10x_tim.o(i.TIM_GetCapture1), (6 bytes).
    Removing stm32f10x_tim.o(i.TIM_GetCapture2), (6 bytes).
    Removing stm32f10x_tim.o(i.TIM_GetCapture3), (6 bytes).
    Removing stm32f10x_tim.o(i.TIM_GetCapture4), (8 bytes).
    Removing stm32f10x_tim.o(i.TIM_GetCounter), (6 bytes).
    Removing stm32f10x_tim.o(i.TIM_GetFlagStatus), (18 bytes).
    Removing stm32f10x_tim.o(i.TIM_GetPrescaler), (6 bytes).
    Removing stm32f10x_tim.o(i.TIM_ICInit), (172 bytes).
    Removing stm32f10x_tim.o(i.TIM_ICStructInit), (18 bytes).
    Removing stm32f10x_tim.o(i.TIM_ITRxExternalClockConfig), (24 bytes).
    Removing stm32f10x_tim.o(i.TIM_InternalClockConfig), (12 bytes).
    Removing stm32f10x_tim.o(i.TIM_OC1FastConfig), (18 bytes).
    Removing stm32f10x_tim.o(i.TIM_OC1NPolarityConfig), (18 bytes).
    Removing stm32f10x_tim.o(i.TIM_OC1PolarityConfig), (18 bytes).
    Removing stm32f10x_tim.o(i.TIM_OC2FastConfig), (26 bytes).
    Removing stm32f10x_tim.o(i.TIM_OC2Init), (164 bytes).
    Removing stm32f10x_tim.o(i.TIM_OC2NPolarityConfig), (26 bytes).
    Removing stm32f10x_tim.o(i.TIM_OC2PolarityConfig), (26 bytes).
    Removing stm32f10x_tim.o(i.TIM_OC2PreloadConfig), (26 bytes).
    Removing stm32f10x_tim.o(i.TIM_OC3FastConfig), (18 bytes).
    Removing stm32f10x_tim.o(i.TIM_OC3Init), (160 bytes).
    Removing stm32f10x_tim.o(i.TIM_OC3NPolarityConfig), (26 bytes).
    Removing stm32f10x_tim.o(i.TIM_OC3PolarityConfig), (26 bytes).
    Removing stm32f10x_tim.o(i.TIM_OC3PreloadConfig), (18 bytes).
    Removing stm32f10x_tim.o(i.TIM_OC4FastConfig), (26 bytes).
    Removing stm32f10x_tim.o(i.TIM_OC4Init), (124 bytes).
    Removing stm32f10x_tim.o(i.TIM_OC4PolarityConfig), (26 bytes).
    Removing stm32f10x_tim.o(i.TIM_OC4PreloadConfig), (26 bytes).
    Removing stm32f10x_tim.o(i.TIM_OCStructInit), (20 bytes).
    Removing stm32f10x_tim.o(i.TIM_PWMIConfig), (124 bytes).
    Removing stm32f10x_tim.o(i.TIM_PrescalerConfig), (6 bytes).
    Removing stm32f10x_tim.o(i.TIM_SelectCCDMA), (24 bytes).
    Removing stm32f10x_tim.o(i.TIM_SelectCOM), (24 bytes).
    Removing stm32f10x_tim.o(i.TIM_SelectHallSensor), (24 bytes).
    Removing stm32f10x_tim.o(i.TIM_SelectInputTrigger), (18 bytes).
    Removing stm32f10x_tim.o(i.TIM_SelectMasterSlaveMode), (18 bytes).
    Removing stm32f10x_tim.o(i.TIM_SelectOCxM), (82 bytes).
    Removing stm32f10x_tim.o(i.TIM_SelectOnePulseMode), (18 bytes).
    Removing stm32f10x_tim.o(i.TIM_SelectOutputTrigger), (18 bytes).
    Removing stm32f10x_tim.o(i.TIM_SelectSlaveMode), (18 bytes).
    Removing stm32f10x_tim.o(i.TIM_SetAutoreload), (4 bytes).
    Removing stm32f10x_tim.o(i.TIM_SetClockDivision), (18 bytes).
    Removing stm32f10x_tim.o(i.TIM_SetCompare1), (4 bytes).
    Removing stm32f10x_tim.o(i.TIM_SetCompare2), (4 bytes).
    Removing stm32f10x_tim.o(i.TIM_SetCompare3), (4 bytes).
    Removing stm32f10x_tim.o(i.TIM_SetCompare4), (6 bytes).
    Removing stm32f10x_tim.o(i.TIM_SetCounter), (4 bytes).
    Removing stm32f10x_tim.o(i.TIM_SetIC1Prescaler), (18 bytes).
    Removing stm32f10x_tim.o(i.TIM_SetIC2Prescaler), (26 bytes).
    Removing stm32f10x_tim.o(i.TIM_SetIC3Prescaler), (18 bytes).
    Removing stm32f10x_tim.o(i.TIM_SetIC4Prescaler), (26 bytes).
    Removing stm32f10x_tim.o(i.TIM_TIxExternalClockConfig), (62 bytes).
    Removing stm32f10x_tim.o(i.TIM_TimeBaseStructInit), (18 bytes).
    Removing stm32f10x_tim.o(i.TIM_UpdateDisableConfig), (24 bytes).
    Removing stm32f10x_tim.o(i.TIM_UpdateRequestConfig), (24 bytes).
    Removing stm32f10x_usart.o(i.USART_ClearFlag), (18 bytes).
    Removing stm32f10x_usart.o(i.USART_ClearITPendingBit), (30 bytes).
    Removing stm32f10x_usart.o(i.USART_ClockInit), (34 bytes).
    Removing stm32f10x_usart.o(i.USART_ClockStructInit), (12 bytes).
    Removing stm32f10x_usart.o(i.USART_DeInit), (156 bytes).
    Removing stm32f10x_usart.o(i.USART_GetFlagStatus), (26 bytes).
    Removing stm32f10x_usart.o(i.USART_GetITStatus), (84 bytes).
    Removing stm32f10x_usart.o(i.USART_HalfDuplexCmd), (24 bytes).
    Removing stm32f10x_usart.o(i.USART_ITConfig), (74 bytes).
    Removing stm32f10x_usart.o(i.USART_IrDACmd), (24 bytes).
    Removing stm32f10x_usart.o(i.USART_IrDAConfig), (18 bytes).
    Removing stm32f10x_usart.o(i.USART_LINBreakDetectLengthConfig), (18 bytes).
    Removing stm32f10x_usart.o(i.USART_LINCmd), (24 bytes).
    Removing stm32f10x_usart.o(i.USART_OneBitMethodCmd), (24 bytes).
    Removing stm32f10x_usart.o(i.USART_OverSampling8Cmd), (22 bytes).
    Removing stm32f10x_usart.o(i.USART_ReceiveData), (10 bytes).
    Removing stm32f10x_usart.o(i.USART_ReceiverWakeUpCmd), (24 bytes).
    Removing stm32f10x_usart.o(i.USART_SendBreak), (10 bytes).
    Removing stm32f10x_usart.o(i.USART_SendData), (8 bytes).
    Removing stm32f10x_usart.o(i.USART_SetAddress), (18 bytes).
    Removing stm32f10x_usart.o(i.USART_SetGuardTime), (16 bytes).
    Removing stm32f10x_usart.o(i.USART_SetPrescaler), (16 bytes).
    Removing stm32f10x_usart.o(i.USART_SmartCardCmd), (24 bytes).
    Removing stm32f10x_usart.o(i.USART_SmartCardNACKCmd), (24 bytes).
    Removing stm32f10x_usart.o(i.USART_StructInit), (24 bytes).
    Removing stm32f10x_usart.o(i.USART_WakeUpConfig), (18 bytes).
    Removing stm32f10x_wwdg.o(i.WWDG_ClearFlag), (12 bytes).
    Removing stm32f10x_wwdg.o(i.WWDG_DeInit), (22 bytes).
    Removing stm32f10x_wwdg.o(i.WWDG_Enable), (16 bytes).
    Removing stm32f10x_wwdg.o(i.WWDG_EnableIT), (12 bytes).
    Removing stm32f10x_wwdg.o(i.WWDG_GetFlagStatus), (12 bytes).
    Removing stm32f10x_wwdg.o(i.WWDG_SetCounter), (16 bytes).
    Removing stm32f10x_wwdg.o(i.WWDG_SetPrescaler), (24 bytes).
    Removing stm32f10x_wwdg.o(i.WWDG_SetWindowValue), (40 bytes).
    Removing delay.o(i.delay_us), (80 bytes).
    Removing fifo.o(i.fifoCnt), (6 bytes).
    Removing fifo.o(i.fifoIsFull), (18 bytes).
    Removing fifo.o(i.fifoReset), (10 bytes).
    Removing fifo.o(i.fifoWriteData), (68 bytes).
    Removing common.o(i.Delay), (20 bytes).
    Removing common.o(i.Delay_ms), (12 bytes).
    Removing common.o(i.Delay_us), (12 bytes).
    Removing common.o(.data), (2 bytes).
    Removing os_core.o(i.os_resume_task), (36 bytes).
    Removing hardware.o(i.Set_BELL), (32 bytes).
    Removing motor_pwm.o(i.Motor_PWM_Freq_Dudy_Set), (136 bytes).
    Removing motor_pwm.o(.data), (2 bytes).
    Removing i2c.o(i.I2C_RecAck), (88 bytes).
    Removing i2c.o(i.I2C_RecByte), (76 bytes).
    Removing i2c.o(i.I2C_SDA_IN), (36 bytes).
    Removing i2c.o(i.I2C_SDA_OUT), (36 bytes).
    Removing i2c.o(i.I2C_SendAck), (48 bytes).
    Removing i2c.o(i.I2C_SendByte), (88 bytes).
    Removing i2c.o(i.I2C_SendNak), (48 bytes).
    Removing i2c.o(i.I2C_Start), (56 bytes).
    Removing i2c.o(i.I2C_Stop), (44 bytes).
    Removing i2c.o(i.I2C_uConfiguration), (60 bytes).
    Removing i2c.o(i.Init_honeywell_sensor), (56 bytes).
    Removing i2c.o(i.Is_honeywell_free), (42 bytes).
    Removing i2c.o(i.honeywell_readByte), (74 bytes).
    Removing app.o(i.test_task), (12 bytes).
    Removing key_led_task.o(i.CfgPA0ASWFI), (2 bytes).
    Removing comm_task.o(i.CalcCheckSum), (34 bytes).
    Removing comm_task.o(i.FillUpPWMbuffer), (70 bytes).
    Removing core_cm3.o(.emb_text), (32 bytes).
    Removing system_stm32f10x.o(i.SystemCoreClockUpdate), (164 bytes).
    Removing protocol_module.o(i.protocol_module_send_train_data_check_sum), (84 bytes).
    Removing protocol_module.o(.bss), (2048 bytes).
    Removing protocol_module.o(.data), (1 bytes).

458 unused section(s) (total 20679 bytes) removed from the image.

==============================================================================

Image Symbol Table

    Local Symbols

    Symbol Name                              Value     Ov Type        Size  Object(Section)

    ../clib/microlib/init/entry.s            0x00000000   Number         0  entry.o ABSOLUTE
    ../clib/microlib/init/entry.s            0x00000000   Number         0  entry9b.o ABSOLUTE
    ../clib/microlib/init/entry.s            0x00000000   Number         0  entry10a.o ABSOLUTE
    ../clib/microlib/init/entry.s            0x00000000   Number         0  entry10b.o ABSOLUTE
    ../clib/microlib/init/entry.s            0x00000000   Number         0  entry11a.o ABSOLUTE
    ../clib/microlib/init/entry.s            0x00000000   Number         0  entry2.o ABSOLUTE
    ../clib/microlib/init/entry.s            0x00000000   Number         0  entry11b.o ABSOLUTE
    ../clib/microlib/init/entry.s            0x00000000   Number         0  entry5.o ABSOLUTE
    ../clib/microlib/init/entry.s            0x00000000   Number         0  entry7a.o ABSOLUTE
    ../clib/microlib/init/entry.s            0x00000000   Number         0  entry7b.o ABSOLUTE
    ../clib/microlib/init/entry.s            0x00000000   Number         0  entry8a.o ABSOLUTE
    ../clib/microlib/init/entry.s            0x00000000   Number         0  entry8b.o ABSOLUTE
    ../clib/microlib/init/entry.s            0x00000000   Number         0  entry9a.o ABSOLUTE
    ../clib/microlib/string/memcpy.c         0x00000000   Number         0  memcpya.o ABSOLUTE
    ../clib/microlib/string/memcpy.c         0x00000000   Number         0  memcpyb.o ABSOLUTE
    ../clib/microlib/string/memset.c         0x00000000   Number         0  memseta.o ABSOLUTE
    STM32F103RCT6\App\app.c                  0x00000000   Number         0  app.o ABSOLUTE
    STM32F103RCT6\App\comm_task.c            0x00000000   Number         0  comm_task.o ABSOLUTE
    STM32F103RCT6\App\key_led_task.c         0x00000000   Number         0  key_led_task.o ABSOLUTE
    STM32F103RCT6\CMSIS\core_cm3.c           0x00000000   Number         0  core_cm3.o ABSOLUTE
    STM32F103RCT6\CMSIS\system_stm32f10x.c   0x00000000   Number         0  system_stm32f10x.o ABSOLUTE
    STM32F103RCT6\Hardware\Motor_pwm.c       0x00000000   Number         0  motor_pwm.o ABSOLUTE
    STM32F103RCT6\Hardware\hardware.c        0x00000000   Number         0  hardware.o ABSOLUTE
    STM32F103RCT6\Hardware\i2c.c             0x00000000   Number         0  i2c.o ABSOLUTE
    STM32F103RCT6\Lib\src\misc.c             0x00000000   Number         0  misc.o ABSOLUTE
    STM32F103RCT6\Lib\src\stm32f10x_adc.c    0x00000000   Number         0  stm32f10x_adc.o ABSOLUTE
    STM32F103RCT6\Lib\src\stm32f10x_bkp.c    0x00000000   Number         0  stm32f10x_bkp.o ABSOLUTE
    STM32F103RCT6\Lib\src\stm32f10x_can.c    0x00000000   Number         0  stm32f10x_can.o ABSOLUTE
    STM32F103RCT6\Lib\src\stm32f10x_crc.c    0x00000000   Number         0  stm32f10x_crc.o ABSOLUTE
    STM32F103RCT6\Lib\src\stm32f10x_dac.c    0x00000000   Number         0  stm32f10x_dac.o ABSOLUTE
    STM32F103RCT6\Lib\src\stm32f10x_dbgmcu.c 0x00000000   Number         0  stm32f10x_dbgmcu.o ABSOLUTE
    STM32F103RCT6\Lib\src\stm32f10x_dma.c    0x00000000   Number         0  stm32f10x_dma.o ABSOLUTE
    STM32F103RCT6\Lib\src\stm32f10x_exti.c   0x00000000   Number         0  stm32f10x_exti.o ABSOLUTE
    STM32F103RCT6\Lib\src\stm32f10x_flash.c  0x00000000   Number         0  stm32f10x_flash.o ABSOLUTE
    STM32F103RCT6\Lib\src\stm32f10x_fsmc.c   0x00000000   Number         0  stm32f10x_fsmc.o ABSOLUTE
    STM32F103RCT6\Lib\src\stm32f10x_gpio.c   0x00000000   Number         0  stm32f10x_gpio.o ABSOLUTE
    STM32F103RCT6\Lib\src\stm32f10x_i2c.c    0x00000000   Number         0  stm32f10x_i2c.o ABSOLUTE
    STM32F103RCT6\Lib\src\stm32f10x_iwdg.c   0x00000000   Number         0  stm32f10x_iwdg.o ABSOLUTE
    STM32F103RCT6\Lib\src\stm32f10x_pwr.c    0x00000000   Number         0  stm32f10x_pwr.o ABSOLUTE
    STM32F103RCT6\Lib\src\stm32f10x_rcc.c    0x00000000   Number         0  stm32f10x_rcc.o ABSOLUTE
    STM32F103RCT6\Lib\src\stm32f10x_rtc.c    0x00000000   Number         0  stm32f10x_rtc.o ABSOLUTE
    STM32F103RCT6\Lib\src\stm32f10x_sdio.c   0x00000000   Number         0  stm32f10x_sdio.o ABSOLUTE
    STM32F103RCT6\Lib\src\stm32f10x_spi.c    0x00000000   Number         0  stm32f10x_spi.o ABSOLUTE
    STM32F103RCT6\Lib\src\stm32f10x_tim.c    0x00000000   Number         0  stm32f10x_tim.o ABSOLUTE
    STM32F103RCT6\Lib\src\stm32f10x_usart.c  0x00000000   Number         0  stm32f10x_usart.o ABSOLUTE
    STM32F103RCT6\Lib\src\stm32f10x_wwdg.c   0x00000000   Number         0  stm32f10x_wwdg.o ABSOLUTE
    STM32F103RCT6\Module\protocol_module.c   0x00000000   Number         0  protocol_module.o ABSOLUTE
    STM32F103RCT6\OS\os_core.c               0x00000000   Number         0  os_core.o ABSOLUTE
    STM32F103RCT6\Startup\startup_stm32f10x_md.s 0x00000000   Number         0  startup_stm32f10x_md.o ABSOLUTE
    STM32F103RCT6\System\cmd\CMD_Receive.c   0x00000000   Number         0  cmd_receive.o ABSOLUTE
    STM32F103RCT6\System\common.c            0x00000000   Number         0  common.o ABSOLUTE
    STM32F103RCT6\System\delay.c             0x00000000   Number         0  delay.o ABSOLUTE
    STM32F103RCT6\System\fifo\fifo.c         0x00000000   Number         0  fifo.o ABSOLUTE
    STM32F103RCT6\System\serial_port.c       0x00000000   Number         0  serial_port.o ABSOLUTE
    STM32F103RCT6\User\main.c                0x00000000   Number         0  main.o ABSOLUTE
    STM32F103RCT6\User\stm32f10x_it.c        0x00000000   Number         0  stm32f10x_it.o ABSOLUTE
    STM32F103RCT6\\CMSIS\\core_cm3.c         0x00000000   Number         0  core_cm3.o ABSOLUTE
    dc.s                                     0x00000000   Number         0  dc.o ABSOLUTE
    handlers.s                               0x00000000   Number         0  handlers.o ABSOLUTE
    init.s                                   0x00000000   Number         0  init.o ABSOLUTE
    RESET                                    0x08000000   Section      236  startup_stm32f10x_md.o(RESET)
    .ARM.Collect$$$$00000000                 0x080000ec   Section        0  entry.o(.ARM.Collect$$$$00000000)
    .ARM.Collect$$$$00000001                 0x080000ec   Section        4  entry2.o(.ARM.Collect$$$$00000001)
    .ARM.Collect$$$$00000004                 0x080000f0   Section        4  entry5.o(.ARM.Collect$$$$00000004)
    .ARM.Collect$$$$00000008                 0x080000f4   Section        0  entry7b.o(.ARM.Collect$$$$00000008)
    .ARM.Collect$$$$0000000A                 0x080000f4   Section        0  entry8b.o(.ARM.Collect$$$$0000000A)
    .ARM.Collect$$$$0000000B                 0x080000f4   Section        8  entry9a.o(.ARM.Collect$$$$0000000B)
    .ARM.Collect$$$$0000000D                 0x080000fc   Section        0  entry10a.o(.ARM.Collect$$$$0000000D)
    .ARM.Collect$$$$0000000F                 0x080000fc   Section        0  entry11a.o(.ARM.Collect$$$$0000000F)
    .ARM.Collect$$$$00002712                 0x080000fc   Section        4  entry2.o(.ARM.Collect$$$$00002712)
    __lit__00000000                          0x080000fc   Data           4  entry2.o(.ARM.Collect$$$$00002712)
    .text                                    0x08000100   Section       36  startup_stm32f10x_md.o(.text)
    .text                                    0x08000124   Section        0  memcpya.o(.text)
    .text                                    0x08000148   Section        0  memseta.o(.text)
    .text                                    0x0800016c   Section       36  init.o(.text)
    i.ADC_Cmd                                0x08000190   Section        0  stm32f10x_adc.o(i.ADC_Cmd)
    i.ADC_DMACmd                             0x080001a6   Section        0  stm32f10x_adc.o(i.ADC_DMACmd)
    i.ADC_GetCalibrationStatus               0x080001bc   Section        0  stm32f10x_adc.o(i.ADC_GetCalibrationStatus)
    i.ADC_GetResetCalibrationStatus          0x080001d0   Section        0  stm32f10x_adc.o(i.ADC_GetResetCalibrationStatus)
    i.ADC_Init                               0x080001e4   Section        0  stm32f10x_adc.o(i.ADC_Init)
    i.ADC_RegularChannelConfig               0x08000234   Section        0  stm32f10x_adc.o(i.ADC_RegularChannelConfig)
    i.ADC_ResetCalibration                   0x080002ec   Section        0  stm32f10x_adc.o(i.ADC_ResetCalibration)
    i.ADC_SoftwareStartConvCmd               0x080002f6   Section        0  stm32f10x_adc.o(i.ADC_SoftwareStartConvCmd)
    i.ADC_StartCalibration                   0x0800030c   Section        0  stm32f10x_adc.o(i.ADC_StartCalibration)
    i.Buf2Read                               0x08000316   Section        0  cmd_receive.o(i.Buf2Read)
    i.Buf2Write                              0x0800032e   Section        0  cmd_receive.o(i.Buf2Write)
    i.BusFault_Handler                       0x08000344   Section        0  stm32f10x_it.o(i.BusFault_Handler)
    i.CMD_ProcessTask                        0x08000348   Section        0  comm_task.o(i.CMD_ProcessTask)
    i.CheckCheckSum                          0x08000364   Section        0  comm_task.o(i.CheckCheckSum)
    CheckCheckSum                            0x08000365   Thumb Code    44  comm_task.o(i.CheckCheckSum)
    i.DMA_Cmd                                0x08000390   Section        0  stm32f10x_dma.o(i.DMA_Cmd)
    i.DMA_DeInit                             0x080003a8   Section        0  stm32f10x_dma.o(i.DMA_DeInit)
    i.DMA_GetCurrDataCounter                 0x080004f4   Section        0  stm32f10x_dma.o(i.DMA_GetCurrDataCounter)
    i.DMA_Init                               0x080004fc   Section        0  stm32f10x_dma.o(i.DMA_Init)
    i.DMA_ReWorkCfg                          0x08000538   Section        0  serial_port.o(i.DMA_ReWorkCfg)
    DMA_ReWorkCfg                            0x08000539   Thumb Code    22  serial_port.o(i.DMA_ReWorkCfg)
    i.DebugMon_Handler                       0x0800054e   Section        0  stm32f10x_it.o(i.DebugMon_Handler)
    i.GPIO_Init                              0x08000550   Section        0  stm32f10x_gpio.o(i.GPIO_Init)
    i.GPIO_ResetBits                         0x08000666   Section        0  stm32f10x_gpio.o(i.GPIO_ResetBits)
    i.GPIO_SetBits                           0x0800066a   Section        0  stm32f10x_gpio.o(i.GPIO_SetBits)
    i.GetBuf2Length                          0x0800066e   Section        0  cmd_receive.o(i.GetBuf2Length)
    i.GetUartReceiverResidualCnt             0x0800068c   Section        0  serial_port.o(i.GetUartReceiverResidualCnt)
    i.HardFault_Handler                      0x0800069c   Section        0  stm32f10x_it.o(i.HardFault_Handler)
    i.Init_ADC1                              0x080006a0   Section        0  hardware.o(i.Init_ADC1)
    i.Init_BELL                              0x080007e0   Section        0  hardware.o(i.Init_BELL)
    i.Init_Error_LED                         0x08000804   Section        0  hardware.o(i.Init_Error_LED)
    i.Init_JDQ                               0x08000828   Section        0  hardware.o(i.Init_JDQ)
    i.Init_LCD                               0x0800086c   Section        0  hardware.o(i.Init_LCD)
    i.Init_LED                               0x08000954   Section        0  hardware.o(i.Init_LED)
    i.Init_MODE_KEY                          0x08000978   Section        0  hardware.o(i.Init_MODE_KEY)
    i.Init_Motor_PWM                         0x0800099c   Section        0  motor_pwm.o(i.Init_Motor_PWM)
    i.Init_NEXT                              0x080009a8   Section        0  hardware.o(i.Init_NEXT)
    i.Init_Receive                           0x080009cc   Section        0  cmd_receive.o(i.Init_Receive)
    i.Init_START                             0x080009dc   Section        0  hardware.o(i.Init_START)
    i.Init_START_KEY                         0x08000a00   Section        0  hardware.o(i.Init_START_KEY)
    i.Init_STOP                              0x08000a24   Section        0  hardware.o(i.Init_STOP)
    i.Init_UART_Comm_with_PCBA               0x08000a48   Section        0  hardware.o(i.Init_UART_Comm_with_PCBA)
    i.Init_V1_V2                             0x08000a74   Section        0  hardware.o(i.Init_V1_V2)
    i.MemManage_Handler                      0x08000aa8   Section        0  stm32f10x_it.o(i.MemManage_Handler)
    i.ModuleProcessPacket                    0x08000aac   Section        0  comm_task.o(i.ModuleProcessPacket)
    ModuleProcessPacket                      0x08000aad   Thumb Code    14  comm_task.o(i.ModuleProcessPacket)
    i.ModuleUnPackFrame                      0x08000abc   Section        0  comm_task.o(i.ModuleUnPackFrame)
    ModuleUnPackFrame                        0x08000abd   Thumb Code   226  comm_task.o(i.ModuleUnPackFrame)
    i.Motor_PWM_Config                       0x08000bbc   Section        0  motor_pwm.o(i.Motor_PWM_Config)
    Motor_PWM_Config                         0x08000bbd   Thumb Code    98  motor_pwm.o(i.Motor_PWM_Config)
    i.Motor_PWM_GPIO_Config                  0x08000c24   Section        0  motor_pwm.o(i.Motor_PWM_GPIO_Config)
    Motor_PWM_GPIO_Config                    0x08000c25   Thumb Code    46  motor_pwm.o(i.Motor_PWM_GPIO_Config)
    i.NMI_Handler                            0x08000c58   Section        0  stm32f10x_it.o(i.NMI_Handler)
    i.NVIC_Init                              0x08000c5c   Section        0  misc.o(i.NVIC_Init)
    i.PendSV_Handler                         0x08000ccc   Section        0  stm32f10x_it.o(i.PendSV_Handler)
    i.RCC_ADCCLKConfig                       0x08000cd0   Section        0  stm32f10x_rcc.o(i.RCC_ADCCLKConfig)
    i.RCC_AHBPeriphClockCmd                  0x08000ce8   Section        0  stm32f10x_rcc.o(i.RCC_AHBPeriphClockCmd)
    i.RCC_APB1PeriphClockCmd                 0x08000d08   Section        0  stm32f10x_rcc.o(i.RCC_APB1PeriphClockCmd)
    i.RCC_APB2PeriphClockCmd                 0x08000d28   Section        0  stm32f10x_rcc.o(i.RCC_APB2PeriphClockCmd)
    i.RCC_GetClocksFreq                      0x08000d48   Section        0  stm32f10x_rcc.o(i.RCC_GetClocksFreq)
    i.RCC_PCLK1Config                        0x08000e1c   Section        0  stm32f10x_rcc.o(i.RCC_PCLK1Config)
    i.ReceiveData                            0x08000e34   Section        0  cmd_receive.o(i.ReceiveData)
    i.SVC_Handler                            0x08000ea0   Section        0  stm32f10x_it.o(i.SVC_Handler)
    i.SetSysClock                            0x08000ea2   Section        0  system_stm32f10x.o(i.SetSysClock)
    SetSysClock                              0x08000ea3   Thumb Code     8  system_stm32f10x.o(i.SetSysClock)
    i.SetSysClockTo72                        0x08000eac   Section        0  system_stm32f10x.o(i.SetSysClockTo72)
    SetSysClockTo72                          0x08000ead   Thumb Code   214  system_stm32f10x.o(i.SetSysClockTo72)
    i.Set_LED                                0x08000f8c   Section        0  hardware.o(i.Set_LED)
    i.SysTick_CLKSourceConfig                0x08000fac   Section        0  misc.o(i.SysTick_CLKSourceConfig)
    i.SysTick_Handler                        0x08000fd4   Section        0  stm32f10x_it.o(i.SysTick_Handler)
    i.SystemInit                             0x08000fd8   Section        0  system_stm32f10x.o(i.SystemInit)
    i.TIM2_IRQHandler                        0x08001038   Section        0  stm32f10x_it.o(i.TIM2_IRQHandler)
    i.TIM_ARRPreloadConfig                   0x08001052   Section        0  stm32f10x_tim.o(i.TIM_ARRPreloadConfig)
    i.TIM_ClearFlag                          0x0800106a   Section        0  stm32f10x_tim.o(i.TIM_ClearFlag)
    i.TIM_ClearITPendingBit                  0x08001070   Section        0  stm32f10x_tim.o(i.TIM_ClearITPendingBit)
    i.TIM_Cmd                                0x08001076   Section        0  stm32f10x_tim.o(i.TIM_Cmd)
    i.TIM_GetITStatus                        0x0800108e   Section        0  stm32f10x_tim.o(i.TIM_GetITStatus)
    i.TIM_ITConfig                           0x080010b0   Section        0  stm32f10x_tim.o(i.TIM_ITConfig)
    i.TIM_OC1Init                            0x080010c4   Section        0  stm32f10x_tim.o(i.TIM_OC1Init)
    i.TIM_OC1PreloadConfig                   0x0800115c   Section        0  stm32f10x_tim.o(i.TIM_OC1PreloadConfig)
    i.TIM_TimeBaseInit                       0x08001170   Section        0  stm32f10x_tim.o(i.TIM_TimeBaseInit)
    i.TaskDataSend                           0x08001214   Section        0  comm_task.o(i.TaskDataSend)
    i.UARTInit                               0x08001250   Section        0  serial_port.o(i.UARTInit)
    i.USART_Cmd                              0x0800136c   Section        0  stm32f10x_usart.o(i.USART_Cmd)
    i.USART_DMACmd                           0x08001384   Section        0  stm32f10x_usart.o(i.USART_DMACmd)
    i.USART_Init                             0x08001398   Section        0  stm32f10x_usart.o(i.USART_Init)
    i.UartSendNBytes                         0x08001470   Section        0  serial_port.o(i.UartSendNBytes)
    i.UsageFault_Handler                     0x08001488   Section        0  stm32f10x_it.o(i.UsageFault_Handler)
    i.__scatterload_copy                     0x0800148c   Section       14  handlers.o(i.__scatterload_copy)
    i.__scatterload_null                     0x0800149a   Section        2  handlers.o(i.__scatterload_null)
    i.__scatterload_zeroinit                 0x0800149c   Section       14  handlers.o(i.__scatterload_zeroinit)
    i.delay_init                             0x080014ac   Section        0  delay.o(i.delay_init)
    i.delay_ms                               0x080014ec   Section        0  delay.o(i.delay_ms)
    i.fifoInit                               0x0800153c   Section        0  fifo.o(i.fifoInit)
    i.fifoReadData                           0x0800154a   Section        0  fifo.o(i.fifoReadData)
    i.init_hardware                          0x08001588   Section        0  hardware.o(i.init_hardware)
    i.init_task                              0x080015dc   Section        0  app.o(i.init_task)
    i.init_tim                               0x08001614   Section        0  hardware.o(i.init_tim)
    i.key_led_task                           0x08001694   Section        0  key_led_task.o(i.key_led_task)
    i.main                                   0x080016cc   Section        0  main.o(i.main)
    i.os_create_task                         0x080016ec   Section        0  os_core.o(i.os_create_task)
    i.os_delay_ms                            0x08001730   Section        0  os_core.o(i.os_delay_ms)
    i.os_init                                0x08001774   Section        0  os_core.o(i.os_init)
    i.os_isr_ticks                           0x0800177c   Section        0  os_core.o(i.os_isr_ticks)
    i.os_pend_task                           0x0800178c   Section        0  os_core.o(i.os_pend_task)
    i.os_start                               0x080017b0   Section        0  os_core.o(i.os_start)
    i.protocol_module_process                0x08001844   Section        0  protocol_module.o(i.protocol_module_process)
    .data                                    0x20000000   Section       20  stm32f10x_rcc.o(.data)
    APBAHBPrescTable                         0x20000000   Data          16  stm32f10x_rcc.o(.data)
    ADCPrescTable                            0x20000010   Data           4  stm32f10x_rcc.o(.data)
    .data                                    0x20000014   Section        4  delay.o(.data)
    .data                                    0x20000018   Section       12  os_core.o(.data)
    index                                    0x20000020   Data           4  os_core.o(.data)
    .data                                    0x20000024   Section        6  hardware.o(.data)
    .data                                    0x2000002c   Section        5  key_led_task.o(.data)
    .data                                    0x20000031   Section        4  comm_task.o(.data)
    sPacketHeadFlag                          0x20000031   Data           1  comm_task.o(.data)
    sPacketLenFlag                           0x20000032   Data           1  comm_task.o(.data)
    sCurPacketLen                            0x20000033   Data           1  comm_task.o(.data)
    sResetByte                               0x20000034   Data           1  comm_task.o(.data)
    .data                                    0x20000038   Section       20  system_stm32f10x.o(.data)
    .bss                                     0x2000004c   Section      120  os_core.o(.bss)
    .bss                                     0x200000c4   Section     1004  comm_task.o(.bss)
    STACK                                    0x200004b0   Section     1024  startup_stm32f10x_md.o(STACK)

    Global Symbols

    Symbol Name                              Value     Ov Type        Size  Object(Section)

    BuildAttributes$$THM_ISAv4$P$D$K$B$S$PE$A:L22UL41UL21$X:L11$S22US41US21$IEEE1$IW$USESV6$~STKCKD$USESV7$~SHL$OSPACE$EBA8$MICROLIB$REQ8$PRES8$EABIv2 0x00000000   Number         0  anon$$obj.o ABSOLUTE
    __ARM_use_no_argv                        0x00000000   Number         0  main.o ABSOLUTE
    __cpp_initialize__aeabi_                  - Undefined Weak Reference
    __cxa_finalize                            - Undefined Weak Reference
    __decompress                              - Undefined Weak Reference
    _clock_init                               - Undefined Weak Reference
    _microlib_exit                            - Undefined Weak Reference
    __Vectors_Size                           0x000000ec   Number         0  startup_stm32f10x_md.o ABSOLUTE
    __Vectors                                0x08000000   Data           4  startup_stm32f10x_md.o(RESET)
    __Vectors_End                            0x080000ec   Data           0  startup_stm32f10x_md.o(RESET)
    __main                                   0x080000ed   Thumb Code     0  entry.o(.ARM.Collect$$$$00000000)
    _main_stk                                0x080000ed   Thumb Code     0  entry2.o(.ARM.Collect$$$$00000001)
    _main_scatterload                        0x080000f1   Thumb Code     0  entry5.o(.ARM.Collect$$$$00000004)
    __main_after_scatterload                 0x080000f5   Thumb Code     0  entry5.o(.ARM.Collect$$$$00000004)
    _main_clock                              0x080000f5   Thumb Code     0  entry7b.o(.ARM.Collect$$$$00000008)
    _main_cpp_init                           0x080000f5   Thumb Code     0  entry8b.o(.ARM.Collect$$$$0000000A)
    _main_init                               0x080000f5   Thumb Code     0  entry9a.o(.ARM.Collect$$$$0000000B)
    __rt_final_cpp                           0x080000fd   Thumb Code     0  entry10a.o(.ARM.Collect$$$$0000000D)
    __rt_final_exit                          0x080000fd   Thumb Code     0  entry11a.o(.ARM.Collect$$$$0000000F)
    Reset_Handler                            0x08000101   Thumb Code     8  startup_stm32f10x_md.o(.text)
    ADC1_2_IRQHandler                        0x0800011b   Thumb Code     0  startup_stm32f10x_md.o(.text)
    CAN1_RX1_IRQHandler                      0x0800011b   Thumb Code     0  startup_stm32f10x_md.o(.text)
    CAN1_SCE_IRQHandler                      0x0800011b   Thumb Code     0  startup_stm32f10x_md.o(.text)
    DMA1_Channel1_IRQHandler                 0x0800011b   Thumb Code     0  startup_stm32f10x_md.o(.text)
    DMA1_Channel2_IRQHandler                 0x0800011b   Thumb Code     0  startup_stm32f10x_md.o(.text)
    DMA1_Channel3_IRQHandler                 0x0800011b   Thumb Code     0  startup_stm32f10x_md.o(.text)
    DMA1_Channel4_IRQHandler                 0x0800011b   Thumb Code     0  startup_stm32f10x_md.o(.text)
    DMA1_Channel5_IRQHandler                 0x0800011b   Thumb Code     0  startup_stm32f10x_md.o(.text)
    DMA1_Channel6_IRQHandler                 0x0800011b   Thumb Code     0  startup_stm32f10x_md.o(.text)
    DMA1_Channel7_IRQHandler                 0x0800011b   Thumb Code     0  startup_stm32f10x_md.o(.text)
    EXTI0_IRQHandler                         0x0800011b   Thumb Code     0  startup_stm32f10x_md.o(.text)
    EXTI15_10_IRQHandler                     0x0800011b   Thumb Code     0  startup_stm32f10x_md.o(.text)
    EXTI1_IRQHandler                         0x0800011b   Thumb Code     0  startup_stm32f10x_md.o(.text)
    EXTI2_IRQHandler                         0x0800011b   Thumb Code     0  startup_stm32f10x_md.o(.text)
    EXTI3_IRQHandler                         0x0800011b   Thumb Code     0  startup_stm32f10x_md.o(.text)
    EXTI4_IRQHandler                         0x0800011b   Thumb Code     0  startup_stm32f10x_md.o(.text)
    EXTI9_5_IRQHandler                       0x0800011b   Thumb Code     0  startup_stm32f10x_md.o(.text)
    FLASH_IRQHandler                         0x0800011b   Thumb Code     0  startup_stm32f10x_md.o(.text)
    I2C1_ER_IRQHandler                       0x0800011b   Thumb Code     0  startup_stm32f10x_md.o(.text)
    I2C1_EV_IRQHandler                       0x0800011b   Thumb Code     0  startup_stm32f10x_md.o(.text)
    I2C2_ER_IRQHandler                       0x0800011b   Thumb Code     0  startup_stm32f10x_md.o(.text)
    I2C2_EV_IRQHandler                       0x0800011b   Thumb Code     0  startup_stm32f10x_md.o(.text)
    PVD_IRQHandler                           0x0800011b   Thumb Code     0  startup_stm32f10x_md.o(.text)
    RCC_IRQHandler                           0x0800011b   Thumb Code     0  startup_stm32f10x_md.o(.text)
    RTCAlarm_IRQHandler                      0x0800011b   Thumb Code     0  startup_stm32f10x_md.o(.text)
    RTC_IRQHandler                           0x0800011b   Thumb Code     0  startup_stm32f10x_md.o(.text)
    SPI1_IRQHandler                          0x0800011b   Thumb Code     0  startup_stm32f10x_md.o(.text)
    SPI2_IRQHandler                          0x0800011b   Thumb Code     0  startup_stm32f10x_md.o(.text)
    TAMPER_IRQHandler                        0x0800011b   Thumb Code     0  startup_stm32f10x_md.o(.text)
    TIM1_BRK_IRQHandler                      0x0800011b   Thumb Code     0  startup_stm32f10x_md.o(.text)
    TIM1_CC_IRQHandler                       0x0800011b   Thumb Code     0  startup_stm32f10x_md.o(.text)
    TIM1_TRG_COM_IRQHandler                  0x0800011b   Thumb Code     0  startup_stm32f10x_md.o(.text)
    TIM1_UP_IRQHandler                       0x0800011b   Thumb Code     0  startup_stm32f10x_md.o(.text)
    TIM3_IRQHandler                          0x0800011b   Thumb Code     0  startup_stm32f10x_md.o(.text)
    TIM4_IRQHandler                          0x0800011b   Thumb Code     0  startup_stm32f10x_md.o(.text)
    USART1_IRQHandler                        0x0800011b   Thumb Code     0  startup_stm32f10x_md.o(.text)
    USART2_IRQHandler                        0x0800011b   Thumb Code     0  startup_stm32f10x_md.o(.text)
    USART3_IRQHandler                        0x0800011b   Thumb Code     0  startup_stm32f10x_md.o(.text)
    USBWakeUp_IRQHandler                     0x0800011b   Thumb Code     0  startup_stm32f10x_md.o(.text)
    USB_HP_CAN1_TX_IRQHandler                0x0800011b   Thumb Code     0  startup_stm32f10x_md.o(.text)
    USB_LP_CAN1_RX0_IRQHandler               0x0800011b   Thumb Code     0  startup_stm32f10x_md.o(.text)
    WWDG_IRQHandler                          0x0800011b   Thumb Code     0  startup_stm32f10x_md.o(.text)
    __aeabi_memcpy                           0x08000125   Thumb Code    36  memcpya.o(.text)
    __aeabi_memcpy4                          0x08000125   Thumb Code     0  memcpya.o(.text)
    __aeabi_memcpy8                          0x08000125   Thumb Code     0  memcpya.o(.text)
    __aeabi_memset                           0x08000149   Thumb Code    14  memseta.o(.text)
    __aeabi_memset4                          0x08000149   Thumb Code     0  memseta.o(.text)
    __aeabi_memset8                          0x08000149   Thumb Code     0  memseta.o(.text)
    __aeabi_memclr                           0x08000157   Thumb Code     4  memseta.o(.text)
    __aeabi_memclr4                          0x08000157   Thumb Code     0  memseta.o(.text)
    __aeabi_memclr8                          0x08000157   Thumb Code     0  memseta.o(.text)
    _memset$wrapper                          0x0800015b   Thumb Code    18  memseta.o(.text)
    __scatterload                            0x0800016d   Thumb Code    28  init.o(.text)
    __scatterload_rt2                        0x0800016d   Thumb Code     0  init.o(.text)
    ADC_Cmd                                  0x08000191   Thumb Code    22  stm32f10x_adc.o(i.ADC_Cmd)
    ADC_DMACmd                               0x080001a7   Thumb Code    22  stm32f10x_adc.o(i.ADC_DMACmd)
    ADC_GetCalibrationStatus                 0x080001bd   Thumb Code    20  stm32f10x_adc.o(i.ADC_GetCalibrationStatus)
    ADC_GetResetCalibrationStatus            0x080001d1   Thumb Code    20  stm32f10x_adc.o(i.ADC_GetResetCalibrationStatus)
    ADC_Init                                 0x080001e5   Thumb Code    70  stm32f10x_adc.o(i.ADC_Init)
    ADC_RegularChannelConfig                 0x08000235   Thumb Code   184  stm32f10x_adc.o(i.ADC_RegularChannelConfig)
    ADC_ResetCalibration                     0x080002ed   Thumb Code    10  stm32f10x_adc.o(i.ADC_ResetCalibration)
    ADC_SoftwareStartConvCmd                 0x080002f7   Thumb Code    22  stm32f10x_adc.o(i.ADC_SoftwareStartConvCmd)
    ADC_StartCalibration                     0x0800030d   Thumb Code    10  stm32f10x_adc.o(i.ADC_StartCalibration)
    Buf2Read                                 0x08000317   Thumb Code    24  cmd_receive.o(i.Buf2Read)
    Buf2Write                                0x0800032f   Thumb Code    22  cmd_receive.o(i.Buf2Write)
    BusFault_Handler                         0x08000345   Thumb Code     4  stm32f10x_it.o(i.BusFault_Handler)
    CMD_ProcessTask                          0x08000349   Thumb Code    22  comm_task.o(i.CMD_ProcessTask)
    DMA_Cmd                                  0x08000391   Thumb Code    24  stm32f10x_dma.o(i.DMA_Cmd)
    DMA_DeInit                               0x080003a9   Thumb Code   324  stm32f10x_dma.o(i.DMA_DeInit)
    DMA_GetCurrDataCounter                   0x080004f5   Thumb Code     8  stm32f10x_dma.o(i.DMA_GetCurrDataCounter)
    DMA_Init                                 0x080004fd   Thumb Code    60  stm32f10x_dma.o(i.DMA_Init)
    DebugMon_Handler                         0x0800054f   Thumb Code     2  stm32f10x_it.o(i.DebugMon_Handler)
    GPIO_Init                                0x08000551   Thumb Code   278  stm32f10x_gpio.o(i.GPIO_Init)
    GPIO_ResetBits                           0x08000667   Thumb Code     4  stm32f10x_gpio.o(i.GPIO_ResetBits)
    GPIO_SetBits                             0x0800066b   Thumb Code     4  stm32f10x_gpio.o(i.GPIO_SetBits)
    GetBuf2Length                            0x0800066f   Thumb Code    28  cmd_receive.o(i.GetBuf2Length)
    GetUartReceiverResidualCnt               0x0800068d   Thumb Code    10  serial_port.o(i.GetUartReceiverResidualCnt)
    HardFault_Handler                        0x0800069d   Thumb Code     4  stm32f10x_it.o(i.HardFault_Handler)
    Init_ADC1                                0x080006a1   Thumb Code   304  hardware.o(i.Init_ADC1)
    Init_BELL                                0x080007e1   Thumb Code    30  hardware.o(i.Init_BELL)
    Init_Error_LED                           0x08000805   Thumb Code    30  hardware.o(i.Init_Error_LED)
    Init_JDQ                                 0x08000829   Thumb Code    64  hardware.o(i.Init_JDQ)
    Init_LCD                                 0x0800086d   Thumb Code   224  hardware.o(i.Init_LCD)
    Init_LED                                 0x08000955   Thumb Code    30  hardware.o(i.Init_LED)
    Init_MODE_KEY                            0x08000979   Thumb Code    32  hardware.o(i.Init_MODE_KEY)
    Init_Motor_PWM                           0x0800099d   Thumb Code    12  motor_pwm.o(i.Init_Motor_PWM)
    Init_NEXT                                0x080009a9   Thumb Code    30  hardware.o(i.Init_NEXT)
    Init_Receive                             0x080009cd   Thumb Code    16  cmd_receive.o(i.Init_Receive)
    Init_START                               0x080009dd   Thumb Code    30  hardware.o(i.Init_START)
    Init_START_KEY                           0x08000a01   Thumb Code    32  hardware.o(i.Init_START_KEY)
    Init_STOP                                0x08000a25   Thumb Code    30  hardware.o(i.Init_STOP)
    Init_UART_Comm_with_PCBA                 0x08000a49   Thumb Code    30  hardware.o(i.Init_UART_Comm_with_PCBA)
    Init_V1_V2                               0x08000a75   Thumb Code    48  hardware.o(i.Init_V1_V2)
    MemManage_Handler                        0x08000aa9   Thumb Code     4  stm32f10x_it.o(i.MemManage_Handler)
    NMI_Handler                              0x08000c59   Thumb Code     2  stm32f10x_it.o(i.NMI_Handler)
    NVIC_Init                                0x08000c5d   Thumb Code   100  misc.o(i.NVIC_Init)
    PendSV_Handler                           0x08000ccd   Thumb Code     2  stm32f10x_it.o(i.PendSV_Handler)
    RCC_ADCCLKConfig                         0x08000cd1   Thumb Code    18  stm32f10x_rcc.o(i.RCC_ADCCLKConfig)
    RCC_AHBPeriphClockCmd                    0x08000ce9   Thumb Code    26  stm32f10x_rcc.o(i.RCC_AHBPeriphClockCmd)
    RCC_APB1PeriphClockCmd                   0x08000d09   Thumb Code    26  stm32f10x_rcc.o(i.RCC_APB1PeriphClockCmd)
    RCC_APB2PeriphClockCmd                   0x08000d29   Thumb Code    26  stm32f10x_rcc.o(i.RCC_APB2PeriphClockCmd)
    RCC_GetClocksFreq                        0x08000d49   Thumb Code   192  stm32f10x_rcc.o(i.RCC_GetClocksFreq)
    RCC_PCLK1Config                          0x08000e1d   Thumb Code    18  stm32f10x_rcc.o(i.RCC_PCLK1Config)
    ReceiveData                              0x08000e35   Thumb Code   108  cmd_receive.o(i.ReceiveData)
    SVC_Handler                              0x08000ea1   Thumb Code     2  stm32f10x_it.o(i.SVC_Handler)
    Set_LED                                  0x08000f8d   Thumb Code    26  hardware.o(i.Set_LED)
    SysTick_CLKSourceConfig                  0x08000fad   Thumb Code    40  misc.o(i.SysTick_CLKSourceConfig)
    SysTick_Handler                          0x08000fd5   Thumb Code     2  stm32f10x_it.o(i.SysTick_Handler)
    SystemInit                               0x08000fd9   Thumb Code    78  system_stm32f10x.o(i.SystemInit)
    TIM2_IRQHandler                          0x08001039   Thumb Code    26  stm32f10x_it.o(i.TIM2_IRQHandler)
    TIM_ARRPreloadConfig                     0x08001053   Thumb Code    24  stm32f10x_tim.o(i.TIM_ARRPreloadConfig)
    TIM_ClearFlag                            0x0800106b   Thumb Code     6  stm32f10x_tim.o(i.TIM_ClearFlag)
    TIM_ClearITPendingBit                    0x08001071   Thumb Code     6  stm32f10x_tim.o(i.TIM_ClearITPendingBit)
    TIM_Cmd                                  0x08001077   Thumb Code    24  stm32f10x_tim.o(i.TIM_Cmd)
    TIM_GetITStatus                          0x0800108f   Thumb Code    34  stm32f10x_tim.o(i.TIM_GetITStatus)
    TIM_ITConfig                             0x080010b1   Thumb Code    18  stm32f10x_tim.o(i.TIM_ITConfig)
    TIM_OC1Init                              0x080010c5   Thumb Code   132  stm32f10x_tim.o(i.TIM_OC1Init)
    TIM_OC1PreloadConfig                     0x0800115d   Thumb Code    18  stm32f10x_tim.o(i.TIM_OC1PreloadConfig)
    TIM_TimeBaseInit                         0x08001171   Thumb Code   122  stm32f10x_tim.o(i.TIM_TimeBaseInit)
    TaskDataSend                             0x08001215   Thumb Code    56  comm_task.o(i.TaskDataSend)
    UARTInit                                 0x08001251   Thumb Code   270  serial_port.o(i.UARTInit)
    USART_Cmd                                0x0800136d   Thumb Code    24  stm32f10x_usart.o(i.USART_Cmd)
    USART_DMACmd                             0x08001385   Thumb Code    18  stm32f10x_usart.o(i.USART_DMACmd)
    USART_Init                               0x08001399   Thumb Code   210  stm32f10x_usart.o(i.USART_Init)
    UartSendNBytes                           0x08001471   Thumb Code    18  serial_port.o(i.UartSendNBytes)
    UsageFault_Handler                       0x08001489   Thumb Code     4  stm32f10x_it.o(i.UsageFault_Handler)
    __scatterload_copy                       0x0800148d   Thumb Code    14  handlers.o(i.__scatterload_copy)
    __scatterload_null                       0x0800149b   Thumb Code     2  handlers.o(i.__scatterload_null)
    __scatterload_zeroinit                   0x0800149d   Thumb Code    14  handlers.o(i.__scatterload_zeroinit)
    delay_init                               0x080014ad   Thumb Code    46  delay.o(i.delay_init)
    delay_ms                                 0x080014ed   Thumb Code    74  delay.o(i.delay_ms)
    fifoInit                                 0x0800153d   Thumb Code    14  fifo.o(i.fifoInit)
    fifoReadData                             0x0800154b   Thumb Code    62  fifo.o(i.fifoReadData)
    init_hardware                            0x08001589   Thumb Code    84  hardware.o(i.init_hardware)
    init_task                                0x080015dd   Thumb Code    44  app.o(i.init_task)
    init_tim                                 0x08001615   Thumb Code   124  hardware.o(i.init_tim)
    key_led_task                             0x08001695   Thumb Code    50  key_led_task.o(i.key_led_task)
    main                                     0x080016cd   Thumb Code    28  main.o(i.main)
    os_create_task                           0x080016ed   Thumb Code    64  os_core.o(i.os_create_task)
    os_delay_ms                              0x08001731   Thumb Code    58  os_core.o(i.os_delay_ms)
    os_init                                  0x08001775   Thumb Code     8  os_core.o(i.os_init)
    os_isr_ticks                             0x0800177d   Thumb Code    12  os_core.o(i.os_isr_ticks)
    os_pend_task                             0x0800178d   Thumb Code    32  os_core.o(i.os_pend_task)
    os_start                                 0x080017b1   Thumb Code   134  os_core.o(i.os_start)
    protocol_module_process                  0x08001845   Thumb Code     6  protocol_module.o(i.protocol_module_process)
    Region$$Table$$Base                      0x0800184c   Number         0  anon$$obj.o(Region$$Table)
    Region$$Table$$Limit                     0x0800186c   Number         0  anon$$obj.o(Region$$Table)
    fac_us                                   0x20000014   Data           1  delay.o(.data)
    fac_ms                                   0x20000016   Data           2  delay.o(.data)
    os_ticks                                 0x20000018   Data           4  os_core.o(.data)
    prev_pwm_tick_cnt                        0x2000001c   Data           2  os_core.o(.data)
    pwm_tick_cnt                             0x2000001e   Data           2  os_core.o(.data)
    ADCConvertedValue                        0x20000024   Data           6  hardware.o(.data)
    test                                     0x2000002c   Data           4  key_led_task.o(.data)
    b_flag                                   0x20000030   Data           1  key_led_task.o(.data)
    SystemCoreClock                          0x20000038   Data           4  system_stm32f10x.o(.data)
    AHBPrescTable                            0x2000003c   Data          16  system_stm32f10x.o(.data)
    task_array                               0x2000004c   Data         120  os_core.o(.bss)
    g_CmdReceive                             0x200000c4   Data         144  comm_task.o(.bss)
    send_fifo                                0x20000154   Data          12  comm_task.o(.bss)
    send_buf                                 0x20000160   Data         248  comm_task.o(.bss)
    sDataBuff                                0x20000258   Data         300  comm_task.o(.bss)
    sBackBuff                                0x20000384   Data         300  comm_task.o(.bss)
    __initial_sp                             0x200008b0   Data           0  startup_stm32f10x_md.o(STACK)



==============================================================================

Memory Map of the image

  Image Entry point : 0x080000ed

  Load Region LR_IROM1 (Base: 0x08000000, Size: 0x000018b8, Max: 0x00010000, ABSOLUTE)

    Execution Region ER_IROM1 (Base: 0x08000000, Size: 0x0000186c, Max: 0x00010000, ABSOLUTE)

    Base Addr    Size         Type   Attr      Idx    E Section Name        Object

    0x08000000   0x000000ec   Data   RO            3    RESET               startup_stm32f10x_md.o
    0x080000ec   0x00000000   Code   RO         3797  * .ARM.Collect$$$$00000000  mc_w.l(entry.o)
    0x080000ec   0x00000004   Code   RO         3806    .ARM.Collect$$$$00000001  mc_w.l(entry2.o)
    0x080000f0   0x00000004   Code   RO         3809    .ARM.Collect$$$$00000004  mc_w.l(entry5.o)
    0x080000f4   0x00000000   Code   RO         3811    .ARM.Collect$$$$00000008  mc_w.l(entry7b.o)
    0x080000f4   0x00000000   Code   RO         3813    .ARM.Collect$$$$0000000A  mc_w.l(entry8b.o)
    0x080000f4   0x00000008   Code   RO         3814    .ARM.Collect$$$$0000000B  mc_w.l(entry9a.o)
    0x080000fc   0x00000000   Code   RO         3816    .ARM.Collect$$$$0000000D  mc_w.l(entry10a.o)
    0x080000fc   0x00000000   Code   RO         3818    .ARM.Collect$$$$0000000F  mc_w.l(entry11a.o)
    0x080000fc   0x00000004   Code   RO         3807    .ARM.Collect$$$$00002712  mc_w.l(entry2.o)
    0x08000100   0x00000024   Code   RO            4    .text               startup_stm32f10x_md.o
    0x08000124   0x00000024   Code   RO         3800    .text               mc_w.l(memcpya.o)
    0x08000148   0x00000024   Code   RO         3802    .text               mc_w.l(memseta.o)
    0x0800016c   0x00000024   Code   RO         3820    .text               mc_w.l(init.o)
    0x08000190   0x00000016   Code   RO          139    i.ADC_Cmd           stm32f10x_adc.o
    0x080001a6   0x00000016   Code   RO          140    i.ADC_DMACmd        stm32f10x_adc.o
    0x080001bc   0x00000014   Code   RO          147    i.ADC_GetCalibrationStatus  stm32f10x_adc.o
    0x080001d0   0x00000014   Code   RO          153    i.ADC_GetResetCalibrationStatus  stm32f10x_adc.o
    0x080001e4   0x00000050   Code   RO          157    i.ADC_Init          stm32f10x_adc.o
    0x08000234   0x000000b8   Code   RO          161    i.ADC_RegularChannelConfig  stm32f10x_adc.o
    0x080002ec   0x0000000a   Code   RO          162    i.ADC_ResetCalibration  stm32f10x_adc.o
    0x080002f6   0x00000016   Code   RO          164    i.ADC_SoftwareStartConvCmd  stm32f10x_adc.o
    0x0800030c   0x0000000a   Code   RO          166    i.ADC_StartCalibration  stm32f10x_adc.o
    0x08000316   0x00000018   Code   RO         3106    i.Buf2Read          cmd_receive.o
    0x0800032e   0x00000016   Code   RO         3107    i.Buf2Write         cmd_receive.o
    0x08000344   0x00000004   Code   RO         3004    i.BusFault_Handler  stm32f10x_it.o
    0x08000348   0x0000001c   Code   RO         3634    i.CMD_ProcessTask   comm_task.o
    0x08000364   0x0000002c   Code   RO         3636    i.CheckCheckSum     comm_task.o
    0x08000390   0x00000018   Code   RO          734    i.DMA_Cmd           stm32f10x_dma.o
    0x080003a8   0x0000014c   Code   RO          735    i.DMA_DeInit        stm32f10x_dma.o
    0x080004f4   0x00000008   Code   RO          736    i.DMA_GetCurrDataCounter  stm32f10x_dma.o
    0x080004fc   0x0000003c   Code   RO          740    i.DMA_Init          stm32f10x_dma.o
    0x08000538   0x00000016   Code   RO         3232    i.DMA_ReWorkCfg     serial_port.o
    0x0800054e   0x00000002   Code   RO         3005    i.DebugMon_Handler  stm32f10x_it.o
    0x08000550   0x00000116   Code   RO         1158    i.GPIO_Init         stm32f10x_gpio.o
    0x08000666   0x00000004   Code   RO         1165    i.GPIO_ResetBits    stm32f10x_gpio.o
    0x0800066a   0x00000004   Code   RO         1166    i.GPIO_SetBits      stm32f10x_gpio.o
    0x0800066e   0x0000001c   Code   RO         3108    i.GetBuf2Length     cmd_receive.o
    0x0800068a   0x00000002   PAD
    0x0800068c   0x00000010   Code   RO         3233    i.GetUartReceiverResidualCnt  serial_port.o
    0x0800069c   0x00000004   Code   RO         3006    i.HardFault_Handler  stm32f10x_it.o
    0x080006a0   0x00000140   Code   RO         3322    i.Init_ADC1         hardware.o
    0x080007e0   0x00000024   Code   RO         3323    i.Init_BELL         hardware.o
    0x08000804   0x00000024   Code   RO         3324    i.Init_Error_LED    hardware.o
    0x08000828   0x00000044   Code   RO         3325    i.Init_JDQ          hardware.o
    0x0800086c   0x000000e8   Code   RO         3326    i.Init_LCD          hardware.o
    0x08000954   0x00000024   Code   RO         3327    i.Init_LED          hardware.o
    0x08000978   0x00000024   Code   RO         3328    i.Init_MODE_KEY     hardware.o
    0x0800099c   0x0000000c   Code   RO         3449    i.Init_Motor_PWM    motor_pwm.o
    0x080009a8   0x00000024   Code   RO         3329    i.Init_NEXT         hardware.o
    0x080009cc   0x00000010   Code   RO         3109    i.Init_Receive      cmd_receive.o
    0x080009dc   0x00000024   Code   RO         3330    i.Init_START        hardware.o
    0x08000a00   0x00000024   Code   RO         3331    i.Init_START_KEY    hardware.o
    0x08000a24   0x00000024   Code   RO         3332    i.Init_STOP         hardware.o
    0x08000a48   0x0000002c   Code   RO         3333    i.Init_UART_Comm_with_PCBA  hardware.o
    0x08000a74   0x00000034   Code   RO         3334    i.Init_V1_V2        hardware.o
    0x08000aa8   0x00000004   Code   RO         3007    i.MemManage_Handler  stm32f10x_it.o
    0x08000aac   0x0000000e   Code   RO         3638    i.ModuleProcessPacket  comm_task.o
    0x08000aba   0x00000002   PAD
    0x08000abc   0x00000100   Code   RO         3639    i.ModuleUnPackFrame  comm_task.o
    0x08000bbc   0x00000068   Code   RO         3450    i.Motor_PWM_Config  motor_pwm.o
    0x08000c24   0x00000034   Code   RO         3452    i.Motor_PWM_GPIO_Config  motor_pwm.o
    0x08000c58   0x00000002   Code   RO         3008    i.NMI_Handler       stm32f10x_it.o
    0x08000c5a   0x00000002   PAD
    0x08000c5c   0x00000070   Code   RO           10    i.NVIC_Init         misc.o
    0x08000ccc   0x00000002   Code   RO         3009    i.PendSV_Handler    stm32f10x_it.o
    0x08000cce   0x00000002   PAD
    0x08000cd0   0x00000018   Code   RO         1572    i.RCC_ADCCLKConfig  stm32f10x_rcc.o
    0x08000ce8   0x00000020   Code   RO         1573    i.RCC_AHBPeriphClockCmd  stm32f10x_rcc.o
    0x08000d08   0x00000020   Code   RO         1574    i.RCC_APB1PeriphClockCmd  stm32f10x_rcc.o
    0x08000d28   0x00000020   Code   RO         1576    i.RCC_APB2PeriphClockCmd  stm32f10x_rcc.o
    0x08000d48   0x000000d4   Code   RO         1584    i.RCC_GetClocksFreq  stm32f10x_rcc.o
    0x08000e1c   0x00000018   Code   RO         1595    i.RCC_PCLK1Config   stm32f10x_rcc.o
    0x08000e34   0x0000006c   Code   RO         3110    i.ReceiveData       cmd_receive.o
    0x08000ea0   0x00000002   Code   RO         3010    i.SVC_Handler       stm32f10x_it.o
    0x08000ea2   0x00000008   Code   RO         3706    i.SetSysClock       system_stm32f10x.o
    0x08000eaa   0x00000002   PAD
    0x08000eac   0x000000e0   Code   RO         3707    i.SetSysClockTo72   system_stm32f10x.o
    0x08000f8c   0x00000020   Code   RO         3336    i.Set_LED           hardware.o
    0x08000fac   0x00000028   Code   RO           14    i.SysTick_CLKSourceConfig  misc.o
    0x08000fd4   0x00000002   Code   RO         3011    i.SysTick_Handler   stm32f10x_it.o
    0x08000fd6   0x00000002   PAD
    0x08000fd8   0x00000060   Code   RO         3709    i.SystemInit        system_stm32f10x.o
    0x08001038   0x0000001a   Code   RO         3012    i.TIM2_IRQHandler   stm32f10x_it.o
    0x08001052   0x00000018   Code   RO         2196    i.TIM_ARRPreloadConfig  stm32f10x_tim.o
    0x0800106a   0x00000006   Code   RO         2202    i.TIM_ClearFlag     stm32f10x_tim.o
    0x08001070   0x00000006   Code   RO         2203    i.TIM_ClearITPendingBit  stm32f10x_tim.o
    0x08001076   0x00000018   Code   RO         2208    i.TIM_Cmd           stm32f10x_tim.o
    0x0800108e   0x00000022   Code   RO         2229    i.TIM_GetITStatus   stm32f10x_tim.o
    0x080010b0   0x00000012   Code   RO         2233    i.TIM_ITConfig      stm32f10x_tim.o
    0x080010c2   0x00000002   PAD
    0x080010c4   0x00000098   Code   RO         2237    i.TIM_OC1Init       stm32f10x_tim.o
    0x0800115c   0x00000012   Code   RO         2240    i.TIM_OC1PreloadConfig  stm32f10x_tim.o
    0x0800116e   0x00000002   PAD
    0x08001170   0x000000a4   Code   RO         2279    i.TIM_TimeBaseInit  stm32f10x_tim.o
    0x08001214   0x0000003c   Code   RO         3640    i.TaskDataSend      comm_task.o
    0x08001250   0x0000011c   Code   RO         3234    i.UARTInit          serial_port.o
    0x0800136c   0x00000018   Code   RO         2744    i.USART_Cmd         stm32f10x_usart.o
    0x08001384   0x00000012   Code   RO         2745    i.USART_DMACmd      stm32f10x_usart.o
    0x08001396   0x00000002   PAD
    0x08001398   0x000000d8   Code   RO         2751    i.USART_Init        stm32f10x_usart.o
    0x08001470   0x00000018   Code   RO         3235    i.UartSendNBytes    serial_port.o
    0x08001488   0x00000004   Code   RO         3013    i.UsageFault_Handler  stm32f10x_it.o
    0x0800148c   0x0000000e   Code   RO         3824    i.__scatterload_copy  mc_w.l(handlers.o)
    0x0800149a   0x00000002   Code   RO         3825    i.__scatterload_null  mc_w.l(handlers.o)
    0x0800149c   0x0000000e   Code   RO         3826    i.__scatterload_zeroinit  mc_w.l(handlers.o)
    0x080014aa   0x00000002   PAD
    0x080014ac   0x00000040   Code   RO         3076    i.delay_init        delay.o
    0x080014ec   0x00000050   Code   RO         3077    i.delay_ms          delay.o
    0x0800153c   0x0000000e   Code   RO         3155    i.fifoInit          fifo.o
    0x0800154a   0x0000003e   Code   RO         3157    i.fifoReadData      fifo.o
    0x08001588   0x00000054   Code   RO         3337    i.init_hardware     hardware.o
    0x080015dc   0x00000038   Code   RO         3574    i.init_task         app.o
    0x08001614   0x00000080   Code   RO         3338    i.init_tim          hardware.o
    0x08001694   0x00000038   Code   RO         3605    i.key_led_task      key_led_task.o
    0x080016cc   0x00000020   Code   RO         2974    i.main              main.o
    0x080016ec   0x00000044   Code   RO         3264    i.os_create_task    os_core.o
    0x08001730   0x00000044   Code   RO         3265    i.os_delay_ms       os_core.o
    0x08001774   0x00000008   Code   RO         3266    i.os_init           os_core.o
    0x0800177c   0x00000010   Code   RO         3267    i.os_isr_ticks      os_core.o
    0x0800178c   0x00000024   Code   RO         3268    i.os_pend_task      os_core.o
    0x080017b0   0x00000094   Code   RO         3270    i.os_start          os_core.o
    0x08001844   0x00000006   Code   RO         3759    i.protocol_module_process  protocol_module.o
    0x0800184a   0x00000002   PAD
    0x0800184c   0x00000020   Data   RO         3822    Region$$Table       anon$$obj.o


    Execution Region RW_IRAM1 (Base: 0x20000000, Size: 0x000008b0, Max: 0x00005000, ABSOLUTE)

    Base Addr    Size         Type   Attr      Idx    E Section Name        Object

    0x20000000   0x00000014   Data   RW         1604    .data               stm32f10x_rcc.o
    0x20000014   0x00000004   Data   RW         3079    .data               delay.o
    0x20000018   0x0000000c   Data   RW         3272    .data               os_core.o
    0x20000024   0x00000006   Data   RW         3339    .data               hardware.o
    0x2000002a   0x00000002   PAD
    0x2000002c   0x00000005   Data   RW         3606    .data               key_led_task.o
    0x20000031   0x00000004   Data   RW         3642    .data               comm_task.o
    0x20000035   0x00000003   PAD
    0x20000038   0x00000014   Data   RW         3710    .data               system_stm32f10x.o
    0x2000004c   0x00000078   Zero   RW         3271    .bss                os_core.o
    0x200000c4   0x000003ec   Zero   RW         3641    .bss                comm_task.o
    0x200004b0   0x00000400   Zero   RW            1    STACK               startup_stm32f10x_md.o


==============================================================================

Image component sizes


      Code (inc. data)   RO Data    RW Data    ZI Data      Debug   Object Name

        56         12          0          0          0        512   app.o
       198          0          0          0          0       4940   cmd_receive.o
       402         40          0          4       1004       5719   comm_task.o
       144         24          0          4          0       1408   delay.o
        76          0          0          0          0       2954   fifo.o
      1248        100          0          6          0      11711   hardware.o
        56          6          0          5          0        877   key_led_task.o
        32          4          0          0          0       1315   main.o
       152         12          0          0          0     272530   misc.o
       168         12          0          0          0       1713   motor_pwm.o
       344         36          0         12        120       4855   os_core.o
         6          0          0          0          0       2135   protocol_module.o
       346         26          0          0          0       3281   serial_port.o
        36          8        236          0       1024        904   startup_stm32f10x_md.o
       390         10          0          0          0       7869   stm32f10x_adc.o
       424          8          0          0          0       4215   stm32f10x_dma.o
       286          0          0          0          0       3224   stm32f10x_gpio.o
        52          0          0          0          0       5796   stm32f10x_it.o
       356         50          0         20          0       6471   stm32f10x_rcc.o
       446         62          0          0          0       6442   stm32f10x_tim.o
       258          6          0          0          0       3624   stm32f10x_usart.o
       328         28          0         20          0       2537   system_stm32f10x.o

    ----------------------------------------------------------------------
      5824        444        268         76       2148     355032   Object Totals
         0          0         32          0          0          0   (incl. Generated)
        20          0          0          5          0          0   (incl. Padding)

    ----------------------------------------------------------------------

      Code (inc. data)   RO Data    RW Data    ZI Data      Debug   Library Member Name

         0          0          0          0          0          0   entry.o
         0          0          0          0          0          0   entry10a.o
         0          0          0          0          0          0   entry11a.o
         8          4          0          0          0          0   entry2.o
         4          0          0          0          0          0   entry5.o
         0          0          0          0          0          0   entry7b.o
         0          0          0          0          0          0   entry8b.o
         8          4          0          0          0          0   entry9a.o
        30          0          0          0          0          0   handlers.o
        36          8          0          0          0         68   init.o
        36          0          0          0          0         68   memcpya.o
        36          0          0          0          0        108   memseta.o

    ----------------------------------------------------------------------
       160         16          0          0          0        244   Library Totals
         2          0          0          0          0          0   (incl. Padding)

    ----------------------------------------------------------------------

      Code (inc. data)   RO Data    RW Data    ZI Data      Debug   Library Name

       158         16          0          0          0        244   mc_w.l

    ----------------------------------------------------------------------
       160         16          0          0          0        244   Library Totals

    ----------------------------------------------------------------------

==============================================================================


      Code (inc. data)   RO Data    RW Data    ZI Data      Debug   

      5984        460        268         76       2148     350592   Grand Totals
      5984        460        268         76       2148     350592   ELF Image Totals
      5984        460        268         76          0          0   ROM Totals

==============================================================================

    Total RO  Size (Code + RO Data)                 6252 (   6.11kB)
    Total RW  Size (RW Data + ZI Data)              2224 (   2.17kB)
    Total ROM Size (Code + RO Data + RW Data)       6328 (   6.18kB)

==============================================================================

