Component: ARM Compiler 5.06 update 4 (build 422) Tool: armlink [4d35d2]

==============================================================================

Section Cross References

    startup_stm32f10x_md.o(RESET) refers to startup_stm32f10x_md.o(STACK) for __initial_sp
    startup_stm32f10x_md.o(RESET) refers to startup_stm32f10x_md.o(.text) for Reset_Handler
    startup_stm32f10x_md.o(RESET) refers to stm32f10x_it.o(i.NMI_Handler) for NMI_Handler
    startup_stm32f10x_md.o(RESET) refers to stm32f10x_it.o(i.HardFault_Handler) for HardFault_Handler
    startup_stm32f10x_md.o(RESET) refers to stm32f10x_it.o(i.MemManage_Handler) for MemManage_Handler
    startup_stm32f10x_md.o(RESET) refers to stm32f10x_it.o(i.BusFault_Handler) for BusFault_Handler
    startup_stm32f10x_md.o(RESET) refers to stm32f10x_it.o(i.UsageFault_Handler) for UsageFault_Handler
    startup_stm32f10x_md.o(RESET) refers to stm32f10x_it.o(i.SVC_Handler) for SVC_Handler
    startup_stm32f10x_md.o(RESET) refers to stm32f10x_it.o(i.DebugMon_Handler) for DebugMon_Handler
    startup_stm32f10x_md.o(RESET) refers to stm32f10x_it.o(i.PendSV_Handler) for PendSV_Handler
    startup_stm32f10x_md.o(RESET) refers to stm32f10x_it.o(i.SysTick_Handler) for SysTick_Handler
    startup_stm32f10x_md.o(RESET) refers to stm32f10x_it.o(i.TIM2_IRQHandler) for TIM2_IRQHandler
    startup_stm32f10x_md.o(.text) refers to system_stm32f10x.o(i.SystemInit) for SystemInit
    startup_stm32f10x_md.o(.text) refers to entry.o(.ARM.Collect$$$$00000000) for __main
    stm32f10x_adc.o(i.ADC_DeInit) refers to stm32f10x_rcc.o(i.RCC_APB2PeriphResetCmd) for RCC_APB2PeriphResetCmd
    stm32f10x_bkp.o(i.BKP_DeInit) refers to stm32f10x_rcc.o(i.RCC_BackupResetCmd) for RCC_BackupResetCmd
    stm32f10x_can.o(i.CAN_DeInit) refers to stm32f10x_rcc.o(i.RCC_APB1PeriphResetCmd) for RCC_APB1PeriphResetCmd
    stm32f10x_can.o(i.CAN_GetITStatus) refers to stm32f10x_can.o(i.CheckITStatus) for CheckITStatus
    stm32f10x_dac.o(i.DAC_DeInit) refers to stm32f10x_rcc.o(i.RCC_APB1PeriphResetCmd) for RCC_APB1PeriphResetCmd
    stm32f10x_flash.o(i.FLASH_EnableWriteProtection) refers to stm32f10x_flash.o(i.FLASH_WaitForLastOperation) for FLASH_WaitForLastOperation
    stm32f10x_flash.o(i.FLASH_EraseAllBank1Pages) refers to stm32f10x_flash.o(i.FLASH_WaitForLastBank1Operation) for FLASH_WaitForLastBank1Operation
    stm32f10x_flash.o(i.FLASH_EraseAllPages) refers to stm32f10x_flash.o(i.FLASH_WaitForLastOperation) for FLASH_WaitForLastOperation
    stm32f10x_flash.o(i.FLASH_EraseOptionBytes) refers to stm32f10x_flash.o(i.FLASH_GetReadOutProtectionStatus) for FLASH_GetReadOutProtectionStatus
    stm32f10x_flash.o(i.FLASH_EraseOptionBytes) refers to stm32f10x_flash.o(i.FLASH_WaitForLastOperation) for FLASH_WaitForLastOperation
    stm32f10x_flash.o(i.FLASH_ErasePage) refers to stm32f10x_flash.o(i.FLASH_WaitForLastOperation) for FLASH_WaitForLastOperation
    stm32f10x_flash.o(i.FLASH_ProgramHalfWord) refers to stm32f10x_flash.o(i.FLASH_WaitForLastOperation) for FLASH_WaitForLastOperation
    stm32f10x_flash.o(i.FLASH_ProgramOptionByteData) refers to stm32f10x_flash.o(i.FLASH_WaitForLastOperation) for FLASH_WaitForLastOperation
    stm32f10x_flash.o(i.FLASH_ProgramWord) refers to stm32f10x_flash.o(i.FLASH_WaitForLastOperation) for FLASH_WaitForLastOperation
    stm32f10x_flash.o(i.FLASH_ReadOutProtection) refers to stm32f10x_flash.o(i.FLASH_WaitForLastOperation) for FLASH_WaitForLastOperation
    stm32f10x_flash.o(i.FLASH_UserOptionByteConfig) refers to stm32f10x_flash.o(i.FLASH_WaitForLastOperation) for FLASH_WaitForLastOperation
    stm32f10x_flash.o(i.FLASH_WaitForLastBank1Operation) refers to stm32f10x_flash.o(i.FLASH_GetBank1Status) for FLASH_GetBank1Status
    stm32f10x_flash.o(i.FLASH_WaitForLastOperation) refers to stm32f10x_flash.o(i.FLASH_GetBank1Status) for FLASH_GetBank1Status
    stm32f10x_gpio.o(i.GPIO_AFIODeInit) refers to stm32f10x_rcc.o(i.RCC_APB2PeriphResetCmd) for RCC_APB2PeriphResetCmd
    stm32f10x_gpio.o(i.GPIO_DeInit) refers to stm32f10x_rcc.o(i.RCC_APB2PeriphResetCmd) for RCC_APB2PeriphResetCmd
    stm32f10x_i2c.o(i.I2C_DeInit) refers to stm32f10x_rcc.o(i.RCC_APB1PeriphResetCmd) for RCC_APB1PeriphResetCmd
    stm32f10x_i2c.o(i.I2C_Init) refers to stm32f10x_rcc.o(i.RCC_GetClocksFreq) for RCC_GetClocksFreq
    stm32f10x_pwr.o(i.PWR_DeInit) refers to stm32f10x_rcc.o(i.RCC_APB1PeriphResetCmd) for RCC_APB1PeriphResetCmd
    stm32f10x_rcc.o(i.RCC_GetClocksFreq) refers to stm32f10x_rcc.o(.data) for APBAHBPrescTable
    stm32f10x_rcc.o(i.RCC_WaitForHSEStartUp) refers to stm32f10x_rcc.o(i.RCC_GetFlagStatus) for RCC_GetFlagStatus
    stm32f10x_rtc.o(i.RTC_SetAlarm) refers to stm32f10x_rtc.o(i.RTC_EnterConfigMode) for RTC_EnterConfigMode
    stm32f10x_rtc.o(i.RTC_SetAlarm) refers to stm32f10x_rtc.o(i.RTC_ExitConfigMode) for RTC_ExitConfigMode
    stm32f10x_rtc.o(i.RTC_SetCounter) refers to stm32f10x_rtc.o(i.RTC_EnterConfigMode) for RTC_EnterConfigMode
[...]
    Removing stm32f10x_usart.o(i.USART_DeInit), (156 bytes).
    Removing stm32f10x_usart.o(i.USART_GetFlagStatus), (26 bytes).
    Removing stm32f10x_usart.o(i.USART_GetITStatus), (84 bytes).
    Removing stm32f10x_usart.o(i.USART_HalfDuplexCmd), (24 bytes).
    Removing stm32f10x_usart.o(i.USART_ITConfig), (74 bytes).
    Removing stm32f10x_usart.o(i.USART_IrDACmd), (24 bytes).
    Removing stm32f10x_usart.o(i.USART_IrDAConfig), (18 bytes).
    Removing stm32f10x_usart.o(i.USART_LINBreakDetectLengthConfig), (18 bytes).
    Removing stm32f10x_usart.o(i.USART_LINCmd), (24 bytes).
    Removing stm32f10x_usart.o(i.USART_OneBitMethodCmd), (24 bytes).
    Removing stm32f10x_usart.o(i.USART_OverSampling8Cmd), (22 bytes).
    Removing stm32f10x_usart.o(i.USART_ReceiveData), (10 bytes).
    Removing stm32f10x_usart.o(i.USART_ReceiverWakeUpCmd), (24 bytes).
    Removing stm32f10x_usart.o(i.USART_SendBreak), (10 bytes).
    Removing stm32f10x_usart.o(i.USART_SendData), (8 bytes).
    Removing stm32f10x_usart.o(i.USART_SetAddress), (18 bytes).
    Removing stm32f10x_usart.o(i.USART_SetGuardTime), (16 bytes).
    Removing stm32f10x_usart.o(i.USART_SetPrescaler), (16 bytes).
    Removing stm32f10x_usart.o(i.USART_SmartCardCmd), (24 bytes).
    Removing stm32f10x_usart.o(i.USART_SmartCardNACKCmd), (24 bytes).
    Removing stm32f10x_usart.o(i.USART_StructInit), (24 bytes).
    Removing stm32f10x_usart.o(i.USART_WakeUpConfig), (18 bytes).
    Removing stm32f10x_wwdg.o(i.WWDG_ClearFlag), (12 bytes).
    Removing stm32f10x_wwdg.o(i.WWDG_DeInit), (22 bytes).
    Removing stm32f10x_wwdg.o(i.WWDG_Enable), (16 bytes).
    Removing stm32f10x_wwdg.o(i.WWDG_EnableIT), (12 bytes).
    Removing stm32f10x_wwdg.o(i.WWDG_GetFlagStatus), (12 bytes).
    Removing stm32f10x_wwdg.o(i.WWDG_SetCounter), (16 bytes).
    Removing stm32f10x_wwdg.o(i.WWDG_SetPrescaler), (24 bytes).
    Removing stm32f10x_wwdg.o(i.WWDG_SetWindowValue), (40 bytes).
    Removing fifo.o(i.fifoCnt), (6 bytes).
    Removing fifo.o(i.fifoIsFull), (18 bytes).
    Removing fifo.o(i.fifoReset), (10 bytes).
    Removing common.o(i.Delay), (20 bytes).
    Removing common.o(i.Delay_ms), (12 bytes).
    Removing common.o(.data), (2 bytes).
    Removing os_core.o(i.os_resume_task), (36 bytes).
    Removing motor_pwm.o(.data), (2 bytes).
    Removing lcd.o(i.Draw_Bias_Line), (112 bytes).
    Removing lcd.o(i.LCD_Pow), (22 bytes).
    Removing lcd.o(i.lcd_draw_rect), (202 bytes).
    Removing comm_task.o(i.FillUpPWMbuffer), (70 bytes).
    Removing core_cm3.o(.emb_text), (32 bytes).
    Removing system_stm32f10x.o(i.SystemCoreClockUpdate), (164 bytes).
    Removing protocol_module.o(i.protocol_module_send_train_data_check_sum), (84 bytes).
    Removing protocol_module.o(i.send_get_pressure_zero_point), (52 bytes).
    Removing protocol_module.o(i.send_para_rcv_result), (64 bytes).
    Removing protocol_module.o(.bss), (2048 bytes).
    Removing protocol_module.o(.data), (1 bytes).
    Removing display_module.o(i.DISP_FNT12X24_back_color), (296 bytes).
    Removing display_module.o(i.DISP_NUM_10X16), (96 bytes).
    Removing display_module.o(i.DISP_NUM_17X40), (96 bytes).
    Removing display_module.o(i.DISP_NUM_30X56), (100 bytes).
    Removing display_module.o(i.display_module_clear), (24 bytes).
    Removing display_module.o(i.display_module_draw_rect_real), (36 bytes).
    Removing display_module.o(i.display_module_show_char), (36 bytes).
    Removing display_module.o(i.display_module_show_chinese_16x16), (252 bytes).
    Removing display_module.o(i.display_module_show_chinese_20x20), (260 bytes).
    Removing display_module.o(i.display_module_show_chinese_24x24), (272 bytes).
    Removing display_module.o(i.display_module_show_chinese_24x24_back_color), (272 bytes).
    Removing display_module.o(i.display_module_show_img_bat), (168 bytes).
    Removing display_module.o(i.display_module_show_img_bat_x), (50 bytes).
    Removing display_module.o(i.display_module_show_img_batcharge14x40), (84 bytes).
    Removing display_module.o(i.display_module_show_img_batcharge14x40_back_color), (84 bytes).
    Removing display_module.o(i.display_module_show_img_bell), (168 bytes).
    Removing display_module.o(i.display_module_show_img_circle48x48), (88 bytes).
    Removing display_module.o(i.display_module_show_img_lock), (84 bytes).
    Removing display_module.o(i.display_module_show_img_logo), (88 bytes).
    Removing display_module.o(i.display_module_show_img_pause), (84 bytes).
    Removing display_module.o(i.display_module_show_img_seting), (168 bytes).
    Removing display_module.o(i.display_module_show_img_speaker), (88 bytes).
    Removing display_module.o(i.display_module_show_img_start), (84 bytes).
    Removing display_module.o(i.display_module_show_img_valve), (84 bytes).
    Removing display_module.o(i.display_module_show_img_volume), (172 bytes).
    Removing display_module.o(i.display_module_show_lang), (124 bytes).
    Removing display_module.o(i.display_module_show_lang_back_color), (132 bytes).
    Removing display_module.o(i.display_module_show_line), (184 bytes).
    Removing display_module.o(i.display_module_show_num10_2bit_17x40), (168 bytes).
    Removing display_module.o(i.display_module_show_num10_2bit_30x56), (472 bytes).
    Removing display_module.o(i.display_module_show_num_1bit_10X16), (28 bytes).
    Removing display_module.o(i.display_module_show_num_30x56), (28 bytes).
    Removing display_module.o(i.display_module_show_num_3bit), (258 bytes).
    Removing display_module.o(i.display_module_show_num_3bit_10X16), (322 bytes).
    Removing display_module.o(i.display_module_show_num_3bit_30x56), (278 bytes).
    Removing display_module.o(i.display_module_show_rt_fio2), (236 bytes).
    Removing display_module.o(i.display_module_show_rt_flow), (416 bytes).
    Removing display_module.o(i.display_module_show_str_back_color), (98 bytes).
    Removing display_module.o(i.display_module_show_str_underline_adjust), (188 bytes).
    Removing display_module.o(i.display_module_show_string_back_color), (72 bytes).
    Removing display_module.o(i.display_module_show_string_underline_adjust), (78 bytes).
    Removing display_module.o(.data), (7548 bytes).
    Removing lang.o(i.modify_lang), (60 bytes).
    Removing lang_chinese.o(.conststring), (521 bytes).
    Removing lang_chinese.o(.data), (408 bytes).
    Removing fadd.o(.text), (176 bytes).
    Removing fmul.o(.text), (100 bytes).
    Removing fdiv.o(.text), (124 bytes).
    Removing fflti.o(.text), (18 bytes).
    Removing ffltui.o(.text), (10 bytes).
    Removing ffixi.o(.text), (50 bytes).
    Removing cfcmple.o(.text), (20 bytes).
    Removing fepilogue.o(.text), (110 bytes).

494 unused section(s) (total 35446 bytes) removed from the image.

==============================================================================

Image Symbol Table

    Local Symbols

    Symbol Name                              Value     Ov Type        Size  Object(Section)

    ../clib/../cmprslib/zerorunl2.c          0x00000000   Number         0  __dczerorl2.o ABSOLUTE
    ../clib/microlib/init/entry.s            0x00000000   Number         0  entry10a.o ABSOLUTE
    ../clib/microlib/init/entry.s            0x00000000   Number         0  entry11b.o ABSOLUTE
    ../clib/microlib/init/entry.s            0x00000000   Number         0  entry7a.o ABSOLUTE
    ../clib/microlib/init/entry.s            0x00000000   Number         0  entry11a.o ABSOLUTE
    ../clib/microlib/init/entry.s            0x00000000   Number         0  entry10b.o ABSOLUTE
    ../clib/microlib/init/entry.s            0x00000000   Number         0  entry.o ABSOLUTE
    ../clib/microlib/init/entry.s            0x00000000   Number         0  entry5.o ABSOLUTE
    ../clib/microlib/init/entry.s            0x00000000   Number         0  entry7b.o ABSOLUTE
    ../clib/microlib/init/entry.s            0x00000000   Number         0  entry8b.o ABSOLUTE
    ../clib/microlib/init/entry.s            0x00000000   Number         0  entry8a.o ABSOLUTE
    ../clib/microlib/init/entry.s            0x00000000   Number         0  entry9b.o ABSOLUTE
    ../clib/microlib/init/entry.s            0x00000000   Number         0  entry9a.o ABSOLUTE
    ../clib/microlib/init/entry.s            0x00000000   Number         0  entry2.o ABSOLUTE
    ../clib/microlib/string/memcpy.c         0x00000000   Number         0  memcpyb.o ABSOLUTE
    ../clib/microlib/string/memcpy.c         0x00000000   Number         0  memcpya.o ABSOLUTE
    ../clib/microlib/string/memset.c         0x00000000   Number         0  memseta.o ABSOLUTE
    ../clib/microlib/stubs.s                 0x00000000   Number         0  iusefp.o ABSOLUTE
    ../fplib/microlib/fpadd.c                0x00000000   Number         0  fadd.o ABSOLUTE
    ../fplib/microlib/fpdiv.c                0x00000000   Number         0  fdiv.o ABSOLUTE
    ../fplib/microlib/fpepilogue.c           0x00000000   Number         0  fepilogue.o ABSOLUTE
    ../fplib/microlib/fpfix.c                0x00000000   Number         0  ffixi.o ABSOLUTE
    ../fplib/microlib/fpflt.c                0x00000000   Number         0  fflti.o ABSOLUTE
    ../fplib/microlib/fpflt.c                0x00000000   Number         0  ffltui.o ABSOLUTE
    ../fplib/microlib/fpmul.c                0x00000000   Number         0  fmul.o ABSOLUTE
    STM32F103RCT6\App\app.c                  0x00000000   Number         0  app.o ABSOLUTE
    STM32F103RCT6\App\comm_task.c            0x00000000   Number         0  comm_task.o ABSOLUTE
    STM32F103RCT6\App\emd_pcb_test_task.c    0x00000000   Number         0  emd_pcb_test_task.o ABSOLUTE
    STM32F103RCT6\App\honeywell_sampling_data.c 0x00000000   Number         0  honeywell_sampling_data.o ABSOLUTE
    STM32F103RCT6\App\key_check_task.c       0x00000000   Number         0  key_check_task.o ABSOLUTE
    STM32F103RCT6\CMSIS\core_cm3.c           0x00000000   Number         0  core_cm3.o ABSOLUTE
    STM32F103RCT6\CMSIS\system_stm32f10x.c   0x00000000   Number         0  system_stm32f10x.o ABSOLUTE
    STM32F103RCT6\Hardware\Motor_pwm.c       0x00000000   Number         0  motor_pwm.o ABSOLUTE
    STM32F103RCT6\Hardware\hardware.c        0x00000000   Number         0  hardware.o ABSOLUTE
    STM32F103RCT6\Hardware\i2c.c             0x00000000   Number         0  i2c.o ABSOLUTE
    STM32F103RCT6\Hardware\lcd.c             0x00000000   Number         0  lcd.o ABSOLUTE
    STM32F103RCT6\LANG\lang.c                0x00000000   Number         0  lang.o ABSOLUTE
    STM32F103RCT6\LANG\lang_chinese.c        0x00000000   Number         0  lang_chinese.o ABSOLUTE
    STM32F103RCT6\LANG\lang_english.c        0x00000000   Number         0  lang_english.o ABSOLUTE
    STM32F103RCT6\Lib\src\misc.c             0x00000000   Number         0  misc.o ABSOLUTE
    STM32F103RCT6\Lib\src\stm32f10x_adc.c    0x00000000   Number         0  stm32f10x_adc.o ABSOLUTE
    STM32F103RCT6\Lib\src\stm32f10x_bkp.c    0x00000000   Number         0  stm32f10x_bkp.o ABSOLUTE
    STM32F103RCT6\Lib\src\stm32f10x_can.c    0x00000000   Number         0  stm32f10x_can.o ABSOLUTE
    STM32F103RCT6\Lib\src\stm32f10x_crc.c    0x00000000   Number         0  stm32f10x_crc.o ABSOLUTE
    STM32F103RCT6\Lib\src\stm32f10x_dac.c    0x00000000   Number         0  stm32f10x_dac.o ABSOLUTE
    STM32F103RCT6\Lib\src\stm32f10x_dbgmcu.c 0x00000000   Number         0  stm32f10x_dbgmcu.o ABSOLUTE
    STM32F103RCT6\Lib\src\stm32f10x_dma.c    0x00000000   Number         0  stm32f10x_dma.o ABSOLUTE
    STM32F103RCT6\Lib\src\stm32f10x_exti.c   0x00000000   Number         0  stm32f10x_exti.o ABSOLUTE
    STM32F103RCT6\Lib\src\stm32f10x_flash.c  0x00000000   Number         0  stm32f10x_flash.o ABSOLUTE
    STM32F103RCT6\Lib\src\stm32f10x_fsmc.c   0x00000000   Number         0  stm32f10x_fsmc.o ABSOLUTE
    STM32F103RCT6\Lib\src\stm32f10x_gpio.c   0x00000000   Number         0  stm32f10x_gpio.o ABSOLUTE
    STM32F103RCT6\Lib\src\stm32f10x_i2c.c    0x00000000   Number         0  stm32f10x_i2c.o ABSOLUTE
    STM32F103RCT6\Lib\src\stm32f10x_iwdg.c   0x00000000   Number         0  stm32f10x_iwdg.o ABSOLUTE
    STM32F103RCT6\Lib\src\stm32f10x_pwr.c    0x00000000   Number         0  stm32f10x_pwr.o ABSOLUTE
    STM32F103RCT6\Lib\src\stm32f10x_rcc.c    0x00000000   Number         0  stm32f10x_rcc.o ABSOLUTE
    STM32F103RCT6\Lib\src\stm32f10x_rtc.c    0x00000000   Number         0  stm32f10x_rtc.o ABSOLUTE
    STM32F103RCT6\Lib\src\stm32f10x_sdio.c   0x00000000   Number         0  stm32f10x_sdio.o ABSOLUTE
    STM32F103RCT6\Lib\src\stm32f10x_spi.c    0x00000000   Number         0  stm32f10x_spi.o ABSOLUTE
    STM32F103RCT6\Lib\src\stm32f10x_tim.c    0x00000000   Number         0  stm32f10x_tim.o ABSOLUTE
    STM32F103RCT6\Lib\src\stm32f10x_usart.c  0x00000000   Number         0  stm32f10x_usart.o ABSOLUTE
    STM32F103RCT6\Lib\src\stm32f10x_wwdg.c   0x00000000   Number         0  stm32f10x_wwdg.o ABSOLUTE
    STM32F103RCT6\Module\display_module.c    0x00000000   Number         0  display_module.o ABSOLUTE
    STM32F103RCT6\Module\protocol_module.c   0x00000000   Number         0  protocol_module.o ABSOLUTE
    STM32F103RCT6\OS\os_core.c               0x00000000   Number         0  os_core.o ABSOLUTE
    STM32F103RCT6\Startup\startup_stm32f10x_md.s 0x00000000   Number         0  startup_stm32f10x_md.o ABSOLUTE
    STM32F103RCT6\System\cmd\CMD_Receive.c   0x00000000   Number         0  cmd_receive.o ABSOLUTE
    STM32F103RCT6\System\common.c            0x00000000   Number         0  common.o ABSOLUTE
    STM32F103RCT6\System\delay.c             0x00000000   Number         0  delay.o ABSOLUTE
    STM32F103RCT6\System\fifo\fifo.c         0x00000000   Number         0  fifo.o ABSOLUTE
    STM32F103RCT6\System\serial_port.c       0x00000000   Number         0  serial_port.o ABSOLUTE
    STM32F103RCT6\User\main.c                0x00000000   Number         0  main.o ABSOLUTE
    STM32F103RCT6\User\stm32f10x_it.c        0x00000000   Number         0  stm32f10x_it.o ABSOLUTE
    STM32F103RCT6\\CMSIS\\core_cm3.c         0x00000000   Number         0  core_cm3.o ABSOLUTE
    cfcmple.s                                0x00000000   Number         0  cfcmple.o ABSOLUTE
    dc.s                                     0x00000000   Number         0  dc.o ABSOLUTE
    handlers.s                               0x00000000   Number         0  handlers.o ABSOLUTE
    init.s                                   0x00000000   Number         0  init.o ABSOLUTE
    RESET                                    0x08000000   Section      236  startup_stm32f10x_md.o(RESET)
    .ARM.Collect$$$$00000000                 0x080000ec   Section        0  entry.o(.ARM.Collect$$$$00000000)
    .ARM.Collect$$$$00000001                 0x080000ec   Section        4  entry2.o(.ARM.Collect$$$$00000001)
    .ARM.Collect$$$$00000004                 0x080000f0   Section        4  entry5.o(.ARM.Collect$$$$00000004)
    .ARM.Collect$$$$00000008                 0x080000f4   Section        0  entry7b.o(.ARM.Collect$$$$00000008)
    .ARM.Collect$$$$0000000A                 0x080000f4   Section        0  entry8b.o(.ARM.Collect$$$$0000000A)
    .ARM.Collect$$$$0000000B                 0x080000f4   Section        8  entry9a.o(.ARM.Collect$$$$0000000B)
    .ARM.Collect$$$$0000000D                 0x080000fc   Section        0  entry10a.o(.ARM.Collect$$$$0000000D)
    .ARM.Collect$$$$0000000F                 0x080000fc   Section        0  entry11a.o(.ARM.Collect$$$$0000000F)
    .ARM.Collect$$$$00002712                 0x080000fc   Section        4  entry2.o(.ARM.Collect$$$$00002712)
    __lit__00000000                          0x080000fc   Data           4  entry2.o(.ARM.Collect$$$$00002712)
    .text                                    0x08000100   Section       36  startup_stm32f10x_md.o(.text)
    .text                                    0x08000124   Section        0  memcpya.o(.text)
    .text                                    0x08000148   Section        0  memseta.o(.text)
    .text                                    0x0800016c   Section       36  init.o(.text)
    .text                                    0x08000190   Section        0  __dczerorl2.o(.text)
    i.ADC_Cmd                                0x080001e6   Section        0  stm32f10x_adc.o(i.ADC_Cmd)
    i.ADC_DMACmd                             0x080001fc   Section        0  stm32f10x_adc.o(i.ADC_DMACmd)
    i.ADC_GetCalibrationStatus               0x08000212   Section        0  stm32f10x_adc.o(i.ADC_GetCalibrationStatus)
    i.ADC_GetResetCalibrationStatus          0x08000226   Section        0  stm32f10x_adc.o(i.ADC_GetResetCalibrationStatus)
    i.ADC_Init                               0x0800023c   Section        0  stm32f10x_adc.o(i.ADC_Init)
    i.ADC_RegularChannelConfig               0x0800028c   Section        0  stm32f10x_adc.o(i.ADC_RegularChannelConfig)
    i.ADC_ResetCalibration                   0x08000344   Section        0  stm32f10x_adc.o(i.ADC_ResetCalibration)
    i.ADC_SoftwareStartConvCmd               0x0800034e   Section        0  stm32f10x_adc.o(i.ADC_SoftwareStartConvCmd)
    i.ADC_StartCalibration                   0x08000364   Section        0  stm32f10x_adc.o(i.ADC_StartCalibration)
    i.Buf2Read                               0x0800036e   Section        0  cmd_receive.o(i.Buf2Read)
    i.Buf2Write                              0x08000392   Section        0  cmd_receive.o(i.Buf2Write)
    i.BusFault_Handler                       0x080003b4   Section        0  stm32f10x_it.o(i.BusFault_Handler)
    i.CMD_ProcessTask                        0x080003b8   Section        0  comm_task.o(i.CMD_ProcessTask)
    i.CalcCheckSum                           0x080003d4   Section        0  comm_task.o(i.CalcCheckSum)
    i.CheckCheckSum                          0x080003f6   Section        0  comm_task.o(i.CheckCheckSum)
    CheckCheckSum                            0x080003f7   Thumb Code    44  comm_task.o(i.CheckCheckSum)
    i.DISP_FNT12X24                          0x08000424   Section        0  display_module.o(i.DISP_FNT12X24)
    i.DISP_FNT20X40                          0x0800050c   Section        0  display_module.o(i.DISP_FNT20X40)
    i.DISP_FNT8X16                           0x08000638   Section        0  display_module.o(i.DISP_FNT8X16)
    DISP_FNT8X16                             0x08000639   Thumb Code   152  display_module.o(i.DISP_FNT8X16)
    i.DMA_Cmd                                0x080006d4   Section        0  stm32f10x_dma.o(i.DMA_Cmd)
    i.DMA_DeInit                             0x080006ec   Section        0  stm32f10x_dma.o(i.DMA_DeInit)
    i.DMA_GetCurrDataCounter                 0x08000838   Section        0  stm32f10x_dma.o(i.DMA_GetCurrDataCounter)
    i.DMA_Init                               0x08000840   Section        0  stm32f10x_dma.o(i.DMA_Init)
    i.DMA_ReWorkCfg                          0x0800087c   Section        0  serial_port.o(i.DMA_ReWorkCfg)
    DMA_ReWorkCfg                            0x0800087d   Thumb Code    22  serial_port.o(i.DMA_ReWorkCfg)
    i.DebugMon_Handler                       0x08000892   Section        0  stm32f10x_it.o(i.DebugMon_Handler)
    i.Delay_us                               0x08000894   Section        0  common.o(i.Delay_us)
    i.EMD_PCB_operate_on                     0x080008a0   Section        0  emd_pcb_test_task.o(i.EMD_PCB_operate_on)
    i.EMD_PCB_test_task                      0x08000978   Section        0  emd_pcb_test_task.o(i.EMD_PCB_test_task)
    i.GPIO_Init                              0x08000fe0   Section        0  stm32f10x_gpio.o(i.GPIO_Init)
    i.GPIO_ReadInputDataBit                  0x080010f6   Section        0  stm32f10x_gpio.o(i.GPIO_ReadInputDataBit)
    i.GPIO_ResetBits                         0x08001108   Section        0  stm32f10x_gpio.o(i.GPIO_ResetBits)
    i.GPIO_SetBits                           0x0800110c   Section        0  stm32f10x_gpio.o(i.GPIO_SetBits)
    i.GetBuf2Length                          0x08001110   Section        0  cmd_receive.o(i.GetBuf2Length)
    i.GetUartReceiverResidualCnt             0x08001138   Section        0  serial_port.o(i.GetUartReceiverResidualCnt)
    i.Get_pressure_zero_point_from_EMD_PCB   0x08001148   Section        0  protocol_module.o(i.Get_pressure_zero_point_from_EMD_PCB)
    i.HardFault_Handler                      0x08001170   Section        0  stm32f10x_it.o(i.HardFault_Handler)
    i.I2C_RecAck                             0x08001174   Section        0  i2c.o(i.I2C_RecAck)
    i.I2C_RecByte                            0x080011cc   Section        0  i2c.o(i.I2C_RecByte)
    i.I2C_SDA_IN                             0x08001218   Section        0  i2c.o(i.I2C_SDA_IN)
    i.I2C_SDA_OUT                            0x0800123c   Section        0  i2c.o(i.I2C_SDA_OUT)
    i.I2C_SendAck                            0x08001260   Section        0  i2c.o(i.I2C_SendAck)
    i.I2C_SendByte                           0x08001290   Section        0  i2c.o(i.I2C_SendByte)
    i.I2C_SendNak                            0x080012e8   Section        0  i2c.o(i.I2C_SendNak)
    i.I2C_Start                              0x08001318   Section        0  i2c.o(i.I2C_Start)
    i.I2C_Stop                               0x08001350   Section        0  i2c.o(i.I2C_Stop)
    i.I2C_uConfiguration                     0x0800137c   Section        0  i2c.o(i.I2C_uConfiguration)
    i.Init_ADC1                              0x080013b8   Section        0  hardware.o(i.Init_ADC1)
    i.Init_BELL                              0x080014f8   Section        0  hardware.o(i.Init_BELL)
    i.Init_Error_LED                         0x0800151c   Section        0  hardware.o(i.Init_Error_LED)
    i.Init_I2C                               0x08001540   Section        0  hardware.o(i.Init_I2C)
    i.Init_JDQ                               0x080015a4   Section        0  hardware.o(i.Init_JDQ)
    i.Init_LCD                               0x080015e8   Section        0  hardware.o(i.Init_LCD)
    i.Init_LED                               0x08001744   Section        0  hardware.o(i.Init_LED)
    i.Init_MODE_KEY                          0x08001768   Section        0  hardware.o(i.Init_MODE_KEY)
    i.Init_Motor_PWM                         0x0800178c   Section        0  motor_pwm.o(i.Init_Motor_PWM)
    i.Init_NEXT                              0x08001798   Section        0  hardware.o(i.Init_NEXT)
    i.Init_Receive                           0x080017bc   Section        0  cmd_receive.o(i.Init_Receive)
    i.Init_START                             0x080017d8   Section        0  hardware.o(i.Init_START)
    i.Init_START_KEY                         0x080017fc   Section        0  hardware.o(i.Init_START_KEY)
    i.Init_STOP                              0x08001820   Section        0  hardware.o(i.Init_STOP)
    i.Init_UART_Comm_with_PCBA               0x08001844   Section        0  hardware.o(i.Init_UART_Comm_with_PCBA)
    i.Init_V1_V2                             0x08001874   Section        0  hardware.o(i.Init_V1_V2)
    i.Init_VALVE                             0x080018a8   Section        0  hardware.o(i.Init_VALVE)
    i.Init_all_keys                          0x080018cc   Section        0  key_check_task.o(i.Init_all_keys)
    i.Init_gloable_var                       0x080018dc   Section        0  emd_pcb_test_task.o(i.Init_gloable_var)
    i.Init_honeywell_sensor                  0x080019ac   Section        0  i2c.o(i.Init_honeywell_sensor)
    i.Init_key_next                          0x080019e4   Section        0  key_check_task.o(i.Init_key_next)
    i.Init_key_start                         0x08001a00   Section        0  key_check_task.o(i.Init_key_start)
    i.Init_key_stop                          0x08001a1c   Section        0  key_check_task.o(i.Init_key_stop)
    i.Is_honeywell_free                      0x08001a38   Section        0  i2c.o(i.Is_honeywell_free)
    i.Is_the_para_frame1_right               0x08001a64   Section        0  protocol_module.o(i.Is_the_para_frame1_right)
    i.Is_the_para_frame2_right               0x08001a90   Section        0  protocol_module.o(i.Is_the_para_frame2_right)
    i.Is_the_sw_version_right                0x08001abc   Section        0  protocol_module.o(i.Is_the_sw_version_right)
    i.Is_timing_Xmillisec                    0x08001af4   Section        0  emd_pcb_test_task.o(i.Is_timing_Xmillisec)
    i.LCD_CrtlWrite_Area                     0x08001bf8   Section        0  display_module.o(i.LCD_CrtlWrite_Area)
    LCD_CrtlWrite_Area                       0x08001bf9   Thumb Code    28  display_module.o(i.LCD_CrtlWrite_Area)
    i.LCD_CtrlWrite_Color                    0x08001c14   Section        0  display_module.o(i.LCD_CtrlWrite_Color)
    LCD_CtrlWrite_Color                      0x08001c15   Thumb Code    12  display_module.o(i.LCD_CtrlWrite_Color)
    i.LCD_DrawPoint                          0x08001c20   Section        0  display_module.o(i.LCD_DrawPoint)
    LCD_DrawPoint                            0x08001c21   Thumb Code    20  display_module.o(i.LCD_DrawPoint)
    i.LCD_Initial                            0x08001c34   Section        0  lcd.o(i.LCD_Initial)
    i.LCD_ShowChar                           0x08001e2c   Section        0  display_module.o(i.LCD_ShowChar)
    LCD_ShowChar                             0x08001e2d   Thumb Code    78  display_module.o(i.LCD_ShowChar)
    i.LCD_show_promt_info                    0x08001e7c   Section        0  emd_pcb_test_task.o(i.LCD_show_promt_info)
    i.MemManage_Handler                      0x08002718   Section        0  stm32f10x_it.o(i.MemManage_Handler)
    i.ModuleProcessPacket                    0x0800271c   Section        0  comm_task.o(i.ModuleProcessPacket)
    ModuleProcessPacket                      0x0800271d   Thumb Code    14  comm_task.o(i.ModuleProcessPacket)
    i.ModuleUnPackFrame                      0x0800272c   Section        0  comm_task.o(i.ModuleUnPackFrame)
    ModuleUnPackFrame                        0x0800272d   Thumb Code   226  comm_task.o(i.ModuleUnPackFrame)
    i.Motor_PWM_Config                       0x0800282c   Section        0  motor_pwm.o(i.Motor_PWM_Config)
    Motor_PWM_Config                         0x0800282d   Thumb Code    98  motor_pwm.o(i.Motor_PWM_Config)
    i.Motor_PWM_Freq_Dudy_Set                0x08002894   Section        0  motor_pwm.o(i.Motor_PWM_Freq_Dudy_Set)
    i.Motor_PWM_GPIO_Config                  0x0800291c   Section        0  motor_pwm.o(i.Motor_PWM_GPIO_Config)
    Motor_PWM_GPIO_Config                    0x0800291d   Thumb Code    46  motor_pwm.o(i.Motor_PWM_GPIO_Config)
    i.NMI_Handler                            0x08002950   Section        0  stm32f10x_it.o(i.NMI_Handler)
    i.NVIC_Init                              0x08002954   Section        0  misc.o(i.NVIC_Init)
    i.OLED_WR_Byte                           0x080029c4   Section        0  lcd.o(i.OLED_WR_Byte)
    i.PendSV_Handler                         0x08002a04   Section        0  stm32f10x_it.o(i.PendSV_Handler)
    i.RCC_ADCCLKConfig                       0x08002a08   Section        0  stm32f10x_rcc.o(i.RCC_ADCCLKConfig)
    i.RCC_AHBPeriphClockCmd                  0x08002a20   Section        0  stm32f10x_rcc.o(i.RCC_AHBPeriphClockCmd)
    i.RCC_APB1PeriphClockCmd                 0x08002a40   Section        0  stm32f10x_rcc.o(i.RCC_APB1PeriphClockCmd)
    i.RCC_APB2PeriphClockCmd                 0x08002a60   Section        0  stm32f10x_rcc.o(i.RCC_APB2PeriphClockCmd)
    i.RCC_GetClocksFreq                      0x08002a80   Section        0  stm32f10x_rcc.o(i.RCC_GetClocksFreq)
    i.RCC_PCLK1Config                        0x08002b54   Section        0  stm32f10x_rcc.o(i.RCC_PCLK1Config)
    i.ReceiveData                            0x08002b6c   Section        0  cmd_receive.o(i.ReceiveData)
    i.SVC_Handler                            0x08002bfa   Section        0  stm32f10x_it.o(i.SVC_Handler)
    i.SdCmd                                  0x08002bfc   Section        0  lcd.o(i.SdCmd)
    i.SdData                                 0x08002c0a   Section        0  lcd.o(i.SdData)
    i.SendQuery1ForParameters                0x08002c18   Section        0  protocol_module.o(i.SendQuery1ForParameters)
    i.SendQuery2ForParameters                0x08002c54   Section        0  protocol_module.o(i.SendQuery2ForParameters)
    i.SetSysClock                            0x08002c90   Section        0  system_stm32f10x.o(i.SetSysClock)
    SetSysClock                              0x08002c91   Thumb Code     8  system_stm32f10x.o(i.SetSysClock)
    i.SetSysClockTo72                        0x08002c98   Section        0  system_stm32f10x.o(i.SetSysClockTo72)
    SetSysClockTo72                          0x08002c99   Thumb Code   214  system_stm32f10x.o(i.SetSysClockTo72)
    i.Set_PIN                                0x08002d78   Section        0  hardware.o(i.Set_PIN)
    i.SysTick_CLKSourceConfig                0x08002e08   Section        0  misc.o(i.SysTick_CLKSourceConfig)
    i.SysTick_Handler                        0x08002e30   Section        0  stm32f10x_it.o(i.SysTick_Handler)
    i.SystemInit                             0x08002e34   Section        0  system_stm32f10x.o(i.SystemInit)
    i.TIM2_IRQHandler                        0x08002e94   Section        0  stm32f10x_it.o(i.TIM2_IRQHandler)
    i.TIM_ARRPreloadConfig                   0x08002eae   Section        0  stm32f10x_tim.o(i.TIM_ARRPreloadConfig)
    i.TIM_ClearFlag                          0x08002ec6   Section        0  stm32f10x_tim.o(i.TIM_ClearFlag)
    i.TIM_ClearITPendingBit                  0x08002ecc   Section        0  stm32f10x_tim.o(i.TIM_ClearITPendingBit)
    i.TIM_Cmd                                0x08002ed2   Section        0  stm32f10x_tim.o(i.TIM_Cmd)
    i.TIM_GetITStatus                        0x08002eea   Section        0  stm32f10x_tim.o(i.TIM_GetITStatus)
    i.TIM_ITConfig                           0x08002f0c   Section        0  stm32f10x_tim.o(i.TIM_ITConfig)
    i.TIM_OC1Init                            0x08002f20   Section        0  stm32f10x_tim.o(i.TIM_OC1Init)
    i.TIM_OC1PreloadConfig                   0x08002fb8   Section        0  stm32f10x_tim.o(i.TIM_OC1PreloadConfig)
    i.TIM_TimeBaseInit                       0x08002fcc   Section        0  stm32f10x_tim.o(i.TIM_TimeBaseInit)
    i.TaskDataSend                           0x08003070   Section        0  comm_task.o(i.TaskDataSend)
    i.UARTInit                               0x080030a8   Section        0  serial_port.o(i.UARTInit)
    i.USART_Cmd                              0x080031c4   Section        0  stm32f10x_usart.o(i.USART_Cmd)
    i.USART_DMACmd                           0x080031dc   Section        0  stm32f10x_usart.o(i.USART_DMACmd)
    i.USART_Init                             0x080031f0   Section        0  stm32f10x_usart.o(i.USART_Init)
    i.UartSendNBytes                         0x080032c8   Section        0  serial_port.o(i.UartSendNBytes)
    i.UsageFault_Handler                     0x080032e0   Section        0  stm32f10x_it.o(i.UsageFault_Handler)
    i.__scatterload_copy                     0x080032e4   Section       14  handlers.o(i.__scatterload_copy)
    i.__scatterload_null                     0x080032f2   Section        2  handlers.o(i.__scatterload_null)
    i.__scatterload_zeroinit                 0x080032f4   Section       14  handlers.o(i.__scatterload_zeroinit)
    i.beep                                   0x08003302   Section        0  emd_pcb_test_task.o(i.beep)
    i.delay_init                             0x0800331c   Section        0  delay.o(i.delay_init)
    i.delay_ms                               0x0800335c   Section        0  delay.o(i.delay_ms)
    i.delay_us                               0x080033ac   Section        0  delay.o(i.delay_us)
    i.display_module_show_str                0x080033fc   Section        0  display_module.o(i.display_module_show_str)
    i.display_module_show_string             0x08003474   Section        0  display_module.o(i.display_module_show_string)
    i.fifoInit                               0x080034b6   Section        0  fifo.o(i.fifoInit)
    i.fifoReadData                           0x080034c4   Section        0  fifo.o(i.fifoReadData)
    i.fifoWriteData                          0x08003502   Section        0  fifo.o(i.fifoWriteData)
    i.honeywell_readByte                     0x08003546   Section        0  i2c.o(i.honeywell_readByte)
    i.honeywell_sampling_data                0x08003590   Section        0  honeywell_sampling_data.o(i.honeywell_sampling_data)
    i.init_hardware                          0x080035f0   Section        0  hardware.o(i.init_hardware)
    i.init_lang                              0x08003664   Section        0  lang.o(i.init_lang)
    i.init_lcd                               0x08003680   Section        0  lcd.o(i.init_lcd)
    i.init_task                              0x080036b0   Section        0  app.o(i.init_task)
    i.init_tim                               0x08003704   Section        0  hardware.o(i.init_tim)
    i.key_check_task                         0x08003784   Section        0  key_check_task.o(i.key_check_task)
    i.lcd_crtl_write_area                    0x0800395c   Section        0  lcd.o(i.lcd_crtl_write_area)
    i.lcd_ctrl_write_color                   0x080039c4   Section        0  lcd.o(i.lcd_ctrl_write_color)
    i.lcd_draw_point                         0x08003a28   Section        0  lcd.o(i.lcd_draw_point)
    i.lcd_draw_rect_real                     0x08003a90   Section        0  lcd.o(i.lcd_draw_rect_real)
    i.main                                   0x08003ad8   Section        0  main.o(i.main)
    i.os_create_task                         0x08003af8   Section        0  os_core.o(i.os_create_task)
    i.os_delay_ms                            0x08003b3c   Section        0  os_core.o(i.os_delay_ms)
    i.os_init                                0x08003b80   Section        0  os_core.o(i.os_init)
    i.os_isr_ticks                           0x08003b88   Section        0  os_core.o(i.os_isr_ticks)
    i.os_pend_task                           0x08003b98   Section        0  os_core.o(i.os_pend_task)
    i.os_start                               0x08003bbc   Section        0  os_core.o(i.os_start)
    i.protocol_module_process                0x08003c50   Section        0  protocol_module.o(i.protocol_module_process)
    i.re_power_on_EMD_PCBA                   0x08003cc0   Section        0  emd_pcb_test_task.o(i.re_power_on_EMD_PCBA)
    i.send_get_sw_version                    0x08003cec   Section        0  protocol_module.o(i.send_get_sw_version)
    i.set_lcd_backlight                      0x08003d20   Section        0  lcd.o(i.set_lcd_backlight)
    i.shut_down_EMD_PCBA                     0x08003d38   Section        0  emd_pcb_test_task.o(i.shut_down_EMD_PCBA)
    i.trans_xmmHg_2_adc_value                0x08003d4c   Section        0  honeywell_sampling_data.o(i.trans_xmmHg_2_adc_value)
    .constdata                               0x08003d88   Section      436  main.o(.constdata)
    .constdata                               0x08003f3c   Section    28191  display_module.o(.constdata)
    .conststring                             0x0800ad5c   Section      713  lang_english.o(.conststring)
    .data                                    0x20000000   Section       20  stm32f10x_rcc.o(.data)
    APBAHBPrescTable                         0x20000000   Data          16  stm32f10x_rcc.o(.data)
    ADCPrescTable                            0x20000010   Data           4  stm32f10x_rcc.o(.data)
    .data                                    0x20000014   Section        4  delay.o(.data)
    .data                                    0x20000018   Section       12  os_core.o(.data)
    index                                    0x20000020   Data           4  os_core.o(.data)
    .data                                    0x20000024   Section        6  hardware.o(.data)
    .data                                    0x2000002a   Section        4  comm_task.o(.data)
    sPacketHeadFlag                          0x2000002a   Data           1  comm_task.o(.data)
    sPacketLenFlag                           0x2000002b   Data           1  comm_task.o(.data)
    sCurPacketLen                            0x2000002c   Data           1  comm_task.o(.data)
    sResetByte                               0x2000002d   Data           1  comm_task.o(.data)
    .data                                    0x20000030   Section       12  honeywell_sampling_data.o(.data)
    .data                                    0x2000003c   Section       76  emd_pcb_test_task.o(.data)
    _08mmHg                                  0x20000080   Data           4  emd_pcb_test_task.o(.data)
    _10mmHg                                  0x20000084   Data           4  emd_pcb_test_task.o(.data)
    .data                                    0x20000088   Section        9  key_check_task.o(.data)
    .data                                    0x20000094   Section       20  system_stm32f10x.o(.data)
    .data                                    0x200000a8   Section        4  lang.o(.data)
    .data                                    0x200000ac   Section      408  lang_english.o(.data)
    .bss                                     0x20000244   Section      120  os_core.o(.bss)
    .bss                                     0x200002bc   Section     1396  comm_task.o(.bss)
    .bss                                     0x20000830   Section       48  lang.o(.bss)
    STACK                                    0x20000860   Section     1024  startup_stm32f10x_md.o(STACK)

    Global Symbols

    Symbol Name                              Value     Ov Type        Size  Object(Section)

    BuildAttributes$$THM_ISAv4$P$D$K$B$S$PE$A:L22UL41UL21$X:L11$S22US41US21$IEEE1$IW$USESV6$~STKCKD$USESV7$~SHL$OTIME$ROPI$EBA8$MICROLIB$REQ8$PRES8$EABIv2 0x00000000   Number         0  anon$$obj.o ABSOLUTE
    __ARM_use_no_argv                        0x00000000   Number         0  main.o ABSOLUTE
    __cpp_initialize__aeabi_                  - Undefined Weak Reference
    __cxa_finalize                            - Undefined Weak Reference
    _clock_init                               - Undefined Weak Reference
    _microlib_exit                            - Undefined Weak Reference
    __Vectors_Size                           0x000000ec   Number         0  startup_stm32f10x_md.o ABSOLUTE
    __Vectors                                0x08000000   Data           4  startup_stm32f10x_md.o(RESET)
    __Vectors_End                            0x080000ec   Data           0  startup_stm32f10x_md.o(RESET)
    __main                                   0x080000ed   Thumb Code     0  entry.o(.ARM.Collect$$$$00000000)
    _main_stk                                0x080000ed   Thumb Code     0  entry2.o(.ARM.Collect$$$$00000001)
    _main_scatterload                        0x080000f1   Thumb Code     0  entry5.o(.ARM.Collect$$$$00000004)
    __main_after_scatterload                 0x080000f5   Thumb Code     0  entry5.o(.ARM.Collect$$$$00000004)
    _main_clock                              0x080000f5   Thumb Code     0  entry7b.o(.ARM.Collect$$$$00000008)
    _main_cpp_init                           0x080000f5   Thumb Code     0  entry8b.o(.ARM.Collect$$$$0000000A)
    _main_init                               0x080000f5   Thumb Code     0  entry9a.o(.ARM.Collect$$$$0000000B)
    __rt_final_cpp                           0x080000fd   Thumb Code     0  entry10a.o(.ARM.Collect$$$$0000000D)
    __rt_final_exit                          0x080000fd   Thumb Code     0  entry11a.o(.ARM.Collect$$$$0000000F)
    Reset_Handler                            0x08000101   Thumb Code     8  startup_stm32f10x_md.o(.text)
    ADC1_2_IRQHandler                        0x0800011b   Thumb Code     0  startup_stm32f10x_md.o(.text)
    CAN1_RX1_IRQHandler                      0x0800011b   Thumb Code     0  startup_stm32f10x_md.o(.text)
    CAN1_SCE_IRQHandler                      0x0800011b   Thumb Code     0  startup_stm32f10x_md.o(.text)
    DMA1_Channel1_IRQHandler                 0x0800011b   Thumb Code     0  startup_stm32f10x_md.o(.text)
    DMA1_Channel2_IRQHandler                 0x0800011b   Thumb Code     0  startup_stm32f10x_md.o(.text)
    DMA1_Channel3_IRQHandler                 0x0800011b   Thumb Code     0  startup_stm32f10x_md.o(.text)
    DMA1_Channel4_IRQHandler                 0x0800011b   Thumb Code     0  startup_stm32f10x_md.o(.text)
    DMA1_Channel5_IRQHandler                 0x0800011b   Thumb Code     0  startup_stm32f10x_md.o(.text)
    DMA1_Channel6_IRQHandler                 0x0800011b   Thumb Code     0  startup_stm32f10x_md.o(.text)
    DMA1_Channel7_IRQHandler                 0x0800011b   Thumb Code     0  startup_stm32f10x_md.o(.text)
    EXTI0_IRQHandler                         0x0800011b   Thumb Code     0  startup_stm32f10x_md.o(.text)
    EXTI15_10_IRQHandler                     0x0800011b   Thumb Code     0  startup_stm32f10x_md.o(.text)
    EXTI1_IRQHandler                         0x0800011b   Thumb Code     0  startup_stm32f10x_md.o(.text)
    EXTI2_IRQHandler                         0x0800011b   Thumb Code     0  startup_stm32f10x_md.o(.text)
    EXTI3_IRQHandler                         0x0800011b   Thumb Code     0  startup_stm32f10x_md.o(.text)
    EXTI4_IRQHandler                         0x0800011b   Thumb Code     0  startup_stm32f10x_md.o(.text)
    EXTI9_5_IRQHandler                       0x0800011b   Thumb Code     0  startup_stm32f10x_md.o(.text)
    FLASH_IRQHandler                         0x0800011b   Thumb Code     0  startup_stm32f10x_md.o(.text)
    I2C1_ER_IRQHandler                       0x0800011b   Thumb Code     0  startup_stm32f10x_md.o(.text)
    I2C1_EV_IRQHandler                       0x0800011b   Thumb Code     0  startup_stm32f10x_md.o(.text)
    I2C2_ER_IRQHandler                       0x0800011b   Thumb Code     0  startup_stm32f10x_md.o(.text)
    I2C2_EV_IRQHandler                       0x0800011b   Thumb Code     0  startup_stm32f10x_md.o(.text)
    PVD_IRQHandler                           0x0800011b   Thumb Code     0  startup_stm32f10x_md.o(.text)
    RCC_IRQHandler                           0x0800011b   Thumb Code     0  startup_stm32f10x_md.o(.text)
    RTCAlarm_IRQHandler                      0x0800011b   Thumb Code     0  startup_stm32f10x_md.o(.text)
    RTC_IRQHandler                           0x0800011b   Thumb Code     0  startup_stm32f10x_md.o(.text)
    SPI1_IRQHandler                          0x0800011b   Thumb Code     0  startup_stm32f10x_md.o(.text)
    SPI2_IRQHandler                          0x0800011b   Thumb Code     0  startup_stm32f10x_md.o(.text)
    TAMPER_IRQHandler                        0x0800011b   Thumb Code     0  startup_stm32f10x_md.o(.text)
    TIM1_BRK_IRQHandler                      0x0800011b   Thumb Code     0  startup_stm32f10x_md.o(.text)
    TIM1_CC_IRQHandler                       0x0800011b   Thumb Code     0  startup_stm32f10x_md.o(.text)
    TIM1_TRG_COM_IRQHandler                  0x0800011b   Thumb Code     0  startup_stm32f10x_md.o(.text)
    TIM1_UP_IRQHandler                       0x0800011b   Thumb Code     0  startup_stm32f10x_md.o(.text)
    TIM3_IRQHandler                          0x0800011b   Thumb Code     0  startup_stm32f10x_md.o(.text)
    TIM4_IRQHandler                          0x0800011b   Thumb Code     0  startup_stm32f10x_md.o(.text)
    USART1_IRQHandler                        0x0800011b   Thumb Code     0  startup_stm32f10x_md.o(.text)
    USART2_IRQHandler                        0x0800011b   Thumb Code     0  startup_stm32f10x_md.o(.text)
    USART3_IRQHandler                        0x0800011b   Thumb Code     0  startup_stm32f10x_md.o(.text)
    USBWakeUp_IRQHandler                     0x0800011b   Thumb Code     0  startup_stm32f10x_md.o(.text)
    USB_HP_CAN1_TX_IRQHandler                0x0800011b   Thumb Code     0  startup_stm32f10x_md.o(.text)
    USB_LP_CAN1_RX0_IRQHandler               0x0800011b   Thumb Code     0  startup_stm32f10x_md.o(.text)
    WWDG_IRQHandler                          0x0800011b   Thumb Code     0  startup_stm32f10x_md.o(.text)
    __aeabi_memcpy                           0x08000125   Thumb Code    36  memcpya.o(.text)
    __aeabi_memcpy4                          0x08000125   Thumb Code     0  memcpya.o(.text)
    __aeabi_memcpy8                          0x08000125   Thumb Code     0  memcpya.o(.text)
    __aeabi_memset                           0x08000149   Thumb Code    14  memseta.o(.text)
    __aeabi_memset4                          0x08000149   Thumb Code     0  memseta.o(.text)
    __aeabi_memset8                          0x08000149   Thumb Code     0  memseta.o(.text)
    __aeabi_memclr                           0x08000157   Thumb Code     4  memseta.o(.text)
    __aeabi_memclr4                          0x08000157   Thumb Code     0  memseta.o(.text)
    __aeabi_memclr8                          0x08000157   Thumb Code     0  memseta.o(.text)
    _memset$wrapper                          0x0800015b   Thumb Code    18  memseta.o(.text)
    __scatterload                            0x0800016d   Thumb Code    28  init.o(.text)
    __scatterload_rt2                        0x0800016d   Thumb Code     0  init.o(.text)
    __decompress                             0x08000191   Thumb Code     0  __dczerorl2.o(.text)
    __decompress1                            0x08000191   Thumb Code    86  __dczerorl2.o(.text)
    ADC_Cmd                                  0x080001e7   Thumb Code    22  stm32f10x_adc.o(i.ADC_Cmd)
    ADC_DMACmd                               0x080001fd   Thumb Code    22  stm32f10x_adc.o(i.ADC_DMACmd)
    ADC_GetCalibrationStatus                 0x08000213   Thumb Code    20  stm32f10x_adc.o(i.ADC_GetCalibrationStatus)
    ADC_GetResetCalibrationStatus            0x08000227   Thumb Code    20  stm32f10x_adc.o(i.ADC_GetResetCalibrationStatus)
    ADC_Init                                 0x0800023d   Thumb Code    70  stm32f10x_adc.o(i.ADC_Init)
    ADC_RegularChannelConfig                 0x0800028d   Thumb Code   184  stm32f10x_adc.o(i.ADC_RegularChannelConfig)
    ADC_ResetCalibration                     0x08000345   Thumb Code    10  stm32f10x_adc.o(i.ADC_ResetCalibration)
    ADC_SoftwareStartConvCmd                 0x0800034f   Thumb Code    22  stm32f10x_adc.o(i.ADC_SoftwareStartConvCmd)
    ADC_StartCalibration                     0x08000365   Thumb Code    10  stm32f10x_adc.o(i.ADC_StartCalibration)
    Buf2Read                                 0x0800036f   Thumb Code    36  cmd_receive.o(i.Buf2Read)
    Buf2Write                                0x08000393   Thumb Code    34  cmd_receive.o(i.Buf2Write)
    BusFault_Handler                         0x080003b5   Thumb Code     4  stm32f10x_it.o(i.BusFault_Handler)
    CMD_ProcessTask                          0x080003b9   Thumb Code    22  comm_task.o(i.CMD_ProcessTask)
    CalcCheckSum                             0x080003d5   Thumb Code    34  comm_task.o(i.CalcCheckSum)
    DISP_FNT12X24                            0x08000425   Thumb Code   228  display_module.o(i.DISP_FNT12X24)
    DISP_FNT20X40                            0x0800050d   Thumb Code   296  display_module.o(i.DISP_FNT20X40)
    DMA_Cmd                                  0x080006d5   Thumb Code    24  stm32f10x_dma.o(i.DMA_Cmd)
    DMA_DeInit                               0x080006ed   Thumb Code   324  stm32f10x_dma.o(i.DMA_DeInit)
    DMA_GetCurrDataCounter                   0x08000839   Thumb Code     8  stm32f10x_dma.o(i.DMA_GetCurrDataCounter)
    DMA_Init                                 0x08000841   Thumb Code    60  stm32f10x_dma.o(i.DMA_Init)
    DebugMon_Handler                         0x08000893   Thumb Code     2  stm32f10x_it.o(i.DebugMon_Handler)
    Delay_us                                 0x08000895   Thumb Code    12  common.o(i.Delay_us)
    EMD_PCB_operate_on                       0x080008a1   Thumb Code   216  emd_pcb_test_task.o(i.EMD_PCB_operate_on)
    EMD_PCB_test_task                        0x08000979   Thumb Code  1624  emd_pcb_test_task.o(i.EMD_PCB_test_task)
    GPIO_Init                                0x08000fe1   Thumb Code   278  stm32f10x_gpio.o(i.GPIO_Init)
    GPIO_ReadInputDataBit                    0x080010f7   Thumb Code    18  stm32f10x_gpio.o(i.GPIO_ReadInputDataBit)
    GPIO_ResetBits                           0x08001109   Thumb Code     4  stm32f10x_gpio.o(i.GPIO_ResetBits)
    GPIO_SetBits                             0x0800110d   Thumb Code     4  stm32f10x_gpio.o(i.GPIO_SetBits)
    GetBuf2Length                            0x08001111   Thumb Code    38  cmd_receive.o(i.GetBuf2Length)
    GetUartReceiverResidualCnt               0x08001139   Thumb Code    10  serial_port.o(i.GetUartReceiverResidualCnt)
    Get_pressure_zero_point_from_EMD_PCB     0x08001149   Thumb Code    32  protocol_module.o(i.Get_pressure_zero_point_from_EMD_PCB)
    HardFault_Handler                        0x08001171   Thumb Code     4  stm32f10x_it.o(i.HardFault_Handler)
    I2C_RecAck                               0x08001175   Thumb Code    82  i2c.o(i.I2C_RecAck)
    I2C_RecByte                              0x080011cd   Thumb Code    70  i2c.o(i.I2C_RecByte)
    I2C_SDA_IN                               0x08001219   Thumb Code    32  i2c.o(i.I2C_SDA_IN)
    I2C_SDA_OUT                              0x0800123d   Thumb Code    32  i2c.o(i.I2C_SDA_OUT)
    I2C_SendAck                              0x08001261   Thumb Code    42  i2c.o(i.I2C_SendAck)
    I2C_SendByte                             0x08001291   Thumb Code    84  i2c.o(i.I2C_SendByte)
    I2C_SendNak                              0x080012e9   Thumb Code    42  i2c.o(i.I2C_SendNak)
    I2C_Start                                0x08001319   Thumb Code    52  i2c.o(i.I2C_Start)
    I2C_Stop                                 0x08001351   Thumb Code    40  i2c.o(i.I2C_Stop)
    I2C_uConfiguration                       0x0800137d   Thumb Code    56  i2c.o(i.I2C_uConfiguration)
    Init_ADC1                                0x080013b9   Thumb Code   304  hardware.o(i.Init_ADC1)
    Init_BELL                                0x080014f9   Thumb Code    30  hardware.o(i.Init_BELL)
    Init_Error_LED                           0x0800151d   Thumb Code    30  hardware.o(i.Init_Error_LED)
    Init_I2C                                 0x08001541   Thumb Code    90  hardware.o(i.Init_I2C)
    Init_JDQ                                 0x080015a5   Thumb Code    64  hardware.o(i.Init_JDQ)
    Init_LCD                                 0x080015e9   Thumb Code   338  hardware.o(i.Init_LCD)
    Init_LED                                 0x08001745   Thumb Code    30  hardware.o(i.Init_LED)
    Init_MODE_KEY                            0x08001769   Thumb Code    32  hardware.o(i.Init_MODE_KEY)
    Init_Motor_PWM                           0x0800178d   Thumb Code    12  motor_pwm.o(i.Init_Motor_PWM)
    Init_NEXT                                0x08001799   Thumb Code    30  hardware.o(i.Init_NEXT)
    Init_Receive                             0x080017bd   Thumb Code    26  cmd_receive.o(i.Init_Receive)
    Init_START                               0x080017d9   Thumb Code    30  hardware.o(i.Init_START)
    Init_START_KEY                           0x080017fd   Thumb Code    32  hardware.o(i.Init_START_KEY)
    Init_STOP                                0x08001821   Thumb Code    30  hardware.o(i.Init_STOP)
    Init_UART_Comm_with_PCBA                 0x08001845   Thumb Code    30  hardware.o(i.Init_UART_Comm_with_PCBA)
    Init_V1_V2                               0x08001875   Thumb Code    48  hardware.o(i.Init_V1_V2)
    Init_VALVE                               0x080018a9   Thumb Code    32  hardware.o(i.Init_VALVE)
    Init_all_keys                            0x080018cd   Thumb Code    16  key_check_task.o(i.Init_all_keys)
    Init_gloable_var                         0x080018dd   Thumb Code   114  emd_pcb_test_task.o(i.Init_gloable_var)
    Init_honeywell_sensor                    0x080019ad   Thumb Code    56  i2c.o(i.Init_honeywell_sensor)
    Init_key_next                            0x080019e5   Thumb Code    16  key_check_task.o(i.Init_key_next)
    Init_key_start                           0x08001a01   Thumb Code    16  key_check_task.o(i.Init_key_start)
    Init_key_stop                            0x08001a1d   Thumb Code    16  key_check_task.o(i.Init_key_stop)
    Is_honeywell_free                        0x08001a39   Thumb Code    42  i2c.o(i.Is_honeywell_free)
    Is_the_para_frame1_right                 0x08001a65   Thumb Code    38  protocol_module.o(i.Is_the_para_frame1_right)
    Is_the_para_frame2_right                 0x08001a91   Thumb Code    40  protocol_module.o(i.Is_the_para_frame2_right)
    Is_the_sw_version_right                  0x08001abd   Thumb Code    56  protocol_module.o(i.Is_the_sw_version_right)
    Is_timing_Xmillisec                      0x08001af5   Thumb Code   206  emd_pcb_test_task.o(i.Is_timing_Xmillisec)
    LCD_Initial                              0x08001c35   Thumb Code   494  lcd.o(i.LCD_Initial)
    LCD_show_promt_info                      0x08001e7d   Thumb Code  2174  emd_pcb_test_task.o(i.LCD_show_promt_info)
    MemManage_Handler                        0x08002719   Thumb Code     4  stm32f10x_it.o(i.MemManage_Handler)
    Motor_PWM_Freq_Dudy_Set                  0x08002895   Thumb Code   130  motor_pwm.o(i.Motor_PWM_Freq_Dudy_Set)
    NMI_Handler                              0x08002951   Thumb Code     2  stm32f10x_it.o(i.NMI_Handler)
    NVIC_Init                                0x08002955   Thumb Code   100  misc.o(i.NVIC_Init)
    OLED_WR_Byte                             0x080029c5   Thumb Code    52  lcd.o(i.OLED_WR_Byte)
    PendSV_Handler                           0x08002a05   Thumb Code     2  stm32f10x_it.o(i.PendSV_Handler)
    RCC_ADCCLKConfig                         0x08002a09   Thumb Code    18  stm32f10x_rcc.o(i.RCC_ADCCLKConfig)
    RCC_AHBPeriphClockCmd                    0x08002a21   Thumb Code    26  stm32f10x_rcc.o(i.RCC_AHBPeriphClockCmd)
    RCC_APB1PeriphClockCmd                   0x08002a41   Thumb Code    26  stm32f10x_rcc.o(i.RCC_APB1PeriphClockCmd)
    RCC_APB2PeriphClockCmd                   0x08002a61   Thumb Code    26  stm32f10x_rcc.o(i.RCC_APB2PeriphClockCmd)
    RCC_GetClocksFreq                        0x08002a81   Thumb Code   192  stm32f10x_rcc.o(i.RCC_GetClocksFreq)
    RCC_PCLK1Config                          0x08002b55   Thumb Code    18  stm32f10x_rcc.o(i.RCC_PCLK1Config)
    ReceiveData                              0x08002b6d   Thumb Code   142  cmd_receive.o(i.ReceiveData)
    SVC_Handler                              0x08002bfb   Thumb Code     2  stm32f10x_it.o(i.SVC_Handler)
    SdCmd                                    0x08002bfd   Thumb Code    14  lcd.o(i.SdCmd)
    SdData                                   0x08002c0b   Thumb Code    14  lcd.o(i.SdData)
    SendQuery1ForParameters                  0x08002c19   Thumb Code    54  protocol_module.o(i.SendQuery1ForParameters)
    SendQuery2ForParameters                  0x08002c55   Thumb Code    54  protocol_module.o(i.SendQuery2ForParameters)
    Set_PIN                                  0x08002d79   Thumb Code   132  hardware.o(i.Set_PIN)
    SysTick_CLKSourceConfig                  0x08002e09   Thumb Code    40  misc.o(i.SysTick_CLKSourceConfig)
    SysTick_Handler                          0x08002e31   Thumb Code     2  stm32f10x_it.o(i.SysTick_Handler)
    SystemInit                               0x08002e35   Thumb Code    78  system_stm32f10x.o(i.SystemInit)
    TIM2_IRQHandler                          0x08002e95   Thumb Code    26  stm32f10x_it.o(i.TIM2_IRQHandler)
    TIM_ARRPreloadConfig                     0x08002eaf   Thumb Code    24  stm32f10x_tim.o(i.TIM_ARRPreloadConfig)
    TIM_ClearFlag                            0x08002ec7   Thumb Code     6  stm32f10x_tim.o(i.TIM_ClearFlag)
    TIM_ClearITPendingBit                    0x08002ecd   Thumb Code     6  stm32f10x_tim.o(i.TIM_ClearITPendingBit)
    TIM_Cmd                                  0x08002ed3   Thumb Code    24  stm32f10x_tim.o(i.TIM_Cmd)
    TIM_GetITStatus                          0x08002eeb   Thumb Code    34  stm32f10x_tim.o(i.TIM_GetITStatus)
    TIM_ITConfig                             0x08002f0d   Thumb Code    18  stm32f10x_tim.o(i.TIM_ITConfig)
    TIM_OC1Init                              0x08002f21   Thumb Code   132  stm32f10x_tim.o(i.TIM_OC1Init)
    TIM_OC1PreloadConfig                     0x08002fb9   Thumb Code    18  stm32f10x_tim.o(i.TIM_OC1PreloadConfig)
    TIM_TimeBaseInit                         0x08002fcd   Thumb Code   122  stm32f10x_tim.o(i.TIM_TimeBaseInit)
    TaskDataSend                             0x08003071   Thumb Code    50  comm_task.o(i.TaskDataSend)
    UARTInit                                 0x080030a9   Thumb Code   270  serial_port.o(i.UARTInit)
    USART_Cmd                                0x080031c5   Thumb Code    24  stm32f10x_usart.o(i.USART_Cmd)
    USART_DMACmd                             0x080031dd   Thumb Code    18  stm32f10x_usart.o(i.USART_DMACmd)
    USART_Init                               0x080031f1   Thumb Code   210  stm32f10x_usart.o(i.USART_Init)
    UartSendNBytes                           0x080032c9   Thumb Code    18  serial_port.o(i.UartSendNBytes)
    UsageFault_Handler                       0x080032e1   Thumb Code     4  stm32f10x_it.o(i.UsageFault_Handler)
    __scatterload_copy                       0x080032e5   Thumb Code    14  handlers.o(i.__scatterload_copy)
    __scatterload_null                       0x080032f3   Thumb Code     2  handlers.o(i.__scatterload_null)
    __scatterload_zeroinit                   0x080032f5   Thumb Code    14  handlers.o(i.__scatterload_zeroinit)
    beep                                     0x08003303   Thumb Code    26  emd_pcb_test_task.o(i.beep)
    delay_init                               0x0800331d   Thumb Code    46  delay.o(i.delay_init)
    delay_ms                                 0x0800335d   Thumb Code    74  delay.o(i.delay_ms)
    delay_us                                 0x080033ad   Thumb Code    74  delay.o(i.delay_us)
    display_module_show_str                  0x080033fd   Thumb Code   120  display_module.o(i.display_module_show_str)
    display_module_show_string               0x08003475   Thumb Code    66  display_module.o(i.display_module_show_string)
    fifoInit                                 0x080034b7   Thumb Code    14  fifo.o(i.fifoInit)
    fifoReadData                             0x080034c5   Thumb Code    62  fifo.o(i.fifoReadData)
    fifoWriteData                            0x08003503   Thumb Code    68  fifo.o(i.fifoWriteData)
    honeywell_readByte                       0x08003547   Thumb Code    74  i2c.o(i.honeywell_readByte)
    honeywell_sampling_data                  0x08003591   Thumb Code    80  honeywell_sampling_data.o(i.honeywell_sampling_data)
    init_hardware                            0x080035f1   Thumb Code   116  hardware.o(i.init_hardware)
    init_lang                                0x08003665   Thumb Code    14  lang.o(i.init_lang)
    init_lcd                                 0x08003681   Thumb Code    38  lcd.o(i.init_lcd)
    init_task                                0x080036b1   Thumb Code    64  app.o(i.init_task)
    init_tim                                 0x08003705   Thumb Code   124  hardware.o(i.init_tim)
    key_check_task                           0x08003785   Thumb Code   428  key_check_task.o(i.key_check_task)
    lcd_crtl_write_area                      0x0800395d   Thumb Code   104  lcd.o(i.lcd_crtl_write_area)
    lcd_ctrl_write_color                     0x080039c5   Thumb Code    88  lcd.o(i.lcd_ctrl_write_color)
    lcd_draw_point                           0x08003a29   Thumb Code   104  lcd.o(i.lcd_draw_point)
    lcd_draw_rect_real                       0x08003a91   Thumb Code    70  lcd.o(i.lcd_draw_rect_real)
    main                                     0x08003ad9   Thumb Code    28  main.o(i.main)
    os_create_task                           0x08003af9   Thumb Code    64  os_core.o(i.os_create_task)
    os_delay_ms                              0x08003b3d   Thumb Code    58  os_core.o(i.os_delay_ms)
    os_init                                  0x08003b81   Thumb Code     8  os_core.o(i.os_init)
    os_isr_ticks                             0x08003b89   Thumb Code    12  os_core.o(i.os_isr_ticks)
    os_pend_task                             0x08003b99   Thumb Code    32  os_core.o(i.os_pend_task)
    os_start                                 0x08003bbd   Thumb Code   134  os_core.o(i.os_start)
    protocol_module_process                  0x08003c51   Thumb Code   102  protocol_module.o(i.protocol_module_process)
    re_power_on_EMD_PCBA                     0x08003cc1   Thumb Code    42  emd_pcb_test_task.o(i.re_power_on_EMD_PCBA)
    send_get_sw_version                      0x08003ced   Thumb Code    48  protocol_module.o(i.send_get_sw_version)
    set_lcd_backlight                        0x08003d21   Thumb Code    18  lcd.o(i.set_lcd_backlight)
    shut_down_EMD_PCBA                       0x08003d39   Thumb Code    20  emd_pcb_test_task.o(i.shut_down_EMD_PCBA)
    trans_xmmHg_2_adc_value                  0x08003d4d   Thumb Code    56  honeywell_sampling_data.o(i.trans_xmmHg_2_adc_value)
    default_parameter_buf                    0x08003d88   Data         436  main.o(.constdata)
    NUM30X56                                 0x08003f3c   Data        2100  display_module.o(.constdata)
    NUM17X40                                 0x08004770   Data         850  display_module.o(.constdata)
    NUM10X16                                 0x08004ac2   Data         200  display_module.o(.constdata)
    Num8X16                                  0x08004b8a   Data         160  display_module.o(.constdata)
    NUM38X64                                 0x08004c2a   Data        3040  display_module.o(.constdata)
    asc2_1608                                0x0800580a   Data        1536  display_module.o(.constdata)
    asc2_2412                                0x08005e0a   Data        4608  display_module.o(.constdata)
    asc2_4020                                0x0800700a   Data       11520  display_module.o(.constdata)
    gImage_IMlogo63x104                      0x08009d0a   Data         819  display_module.o(.constdata)
    gImage_bat45x80                          0x0800a03d   Data         450  display_module.o(.constdata)
    gImage_bat18x32                          0x0800a1ff   Data          72  display_module.o(.constdata)
    gImage_batcharge14x40                    0x0800a247   Data          70  display_module.o(.constdata)
    gImage_batcharge5x16                     0x0800a28d   Data          10  display_module.o(.constdata)
    gImage_set63x56                          0x0800a297   Data         441  display_module.o(.constdata)
    gImage_set27x24                          0x0800a450   Data          81  display_module.o(.constdata)
    gImage_bell53x56                         0x0800a4a1   Data         371  display_module.o(.constdata)
    gImage_bell30x32                         0x0800a614   Data         120  display_module.o(.constdata)
    gImage_speaker45x64                      0x0800a68c   Data         360  display_module.o(.constdata)
    gImage_volume1_32x64                     0x0800a7f4   Data         256  display_module.o(.constdata)
    gImage_volume2_32x64                     0x0800a8f4   Data         256  display_module.o(.constdata)
    gImage_volume3_32x64                     0x0800a9f4   Data         256  display_module.o(.constdata)
    gImage_valve39x40                        0x0800aaf4   Data         195  display_module.o(.constdata)
    gImage_start21x24                        0x0800abb7   Data          63  display_module.o(.constdata)
    gImage_pause13x24                        0x0800abf6   Data          39  display_module.o(.constdata)
    gImage_lock15x16                         0x0800ac1d   Data          30  display_module.o(.constdata)
    gImage_circle48x48                       0x0800ac3b   Data         288  display_module.o(.constdata)
    Region$$Table$$Base                      0x0800b028   Number         0  anon$$obj.o(Region$$Table)
    Region$$Table$$Limit                     0x0800b048   Number         0  anon$$obj.o(Region$$Table)
    fac_us                                   0x20000014   Data           1  delay.o(.data)
    fac_ms                                   0x20000016   Data           2  delay.o(.data)
    os_ticks                                 0x20000018   Data           4  os_core.o(.data)
    prev_pwm_tick_cnt                        0x2000001c   Data           2  os_core.o(.data)
    pwm_tick_cnt                             0x2000001e   Data           2  os_core.o(.data)
    ADCConvertedValue                        0x20000024   Data           6  hardware.o(.data)
    adc_pressure_value                       0x20000030   Data           4  honeywell_sampling_data.o(.data)
    b_getHoneywellZeroPoint                  0x20000034   Data           1  honeywell_sampling_data.o(.data)
    honeywell_state                          0x20000035   Data           1  honeywell_sampling_data.o(.data)
    HONEYWELL_ZERO_POINT                     0x20000038   Data           4  honeywell_sampling_data.o(.data)
    SW_VERSION_timing_flag                   0x2000003c   Data           1  emd_pcb_test_task.o(.data)
    prev_SW_VERSION_os_tick                  0x20000040   Data           4  emd_pcb_test_task.o(.data)
    SW_VERSION_fail_cnt                      0x20000044   Data           1  emd_pcb_test_task.o(.data)
    PARA_timing_flag                         0x20000045   Data           1  emd_pcb_test_task.o(.data)
    prev_PARA_os_tick                        0x20000048   Data           4  emd_pcb_test_task.o(.data)
    PARA_fail_cnt                            0x2000004c   Data           1  emd_pcb_test_task.o(.data)
    zero_point_timing_flag                   0x2000004d   Data           1  emd_pcb_test_task.o(.data)
    prev_zero_point_os_tick                  0x20000050   Data           4  emd_pcb_test_task.o(.data)
    zero_point_fail_cnt                      0x20000054   Data           1  emd_pcb_test_task.o(.data)
    _08mmHg_timing_flag                      0x20000055   Data           1  emd_pcb_test_task.o(.data)
    prev_08mmHg_os_tick                      0x20000058   Data           4  emd_pcb_test_task.o(.data)
    _10mmHg_timing_flag                      0x2000005c   Data           1  emd_pcb_test_task.o(.data)
    prev_10mmHg_os_tick                      0x20000060   Data           4  emd_pcb_test_task.o(.data)
    EMD_check_status                         0x20000064   Data           1  emd_pcb_test_task.o(.data)
    b_get_sw_version_success                 0x20000065   Data           1  emd_pcb_test_task.o(.data)
    b_get_para_success                       0x20000066   Data           1  emd_pcb_test_task.o(.data)
    b_get_pressure_zero_point                0x20000067   Data           1  emd_pcb_test_task.o(.data)
    b_timing_flag                            0x20000068   Data           4  emd_pcb_test_task.o(.data)
    p_prev_os_tick                           0x2000006c   Data           4  emd_pcb_test_task.o(.data)
    b_reach_10mmHg                           0x20000070   Data           1  emd_pcb_test_task.o(.data)
    b_show_10mmHg                            0x20000071   Data           1  emd_pcb_test_task.o(.data)
    EMD_PRESSURE_ZERO_POINT                  0x20000074   Data           4  emd_pcb_test_task.o(.data)
    diff_in_EMD_and_CtrlBoard                0x20000078   Data           4  emd_pcb_test_task.o(.data)
    str_Y                                    0x2000007c   Data           2  emd_pcb_test_task.o(.data)
    str_N                                    0x2000007e   Data           2  emd_pcb_test_task.o(.data)
    KeySTOP_state                            0x20000088   Data           1  key_check_task.o(.data)
    KeySTOP_cnt                              0x20000089   Data           1  key_check_task.o(.data)
    b_stopKey_pressed                        0x2000008a   Data           1  key_check_task.o(.data)
    KeySTART_state                           0x2000008b   Data           1  key_check_task.o(.data)
    KeySTART_cnt                             0x2000008c   Data           1  key_check_task.o(.data)
    b_startKey_pressed                       0x2000008d   Data           1  key_check_task.o(.data)
    KeyNEXT_state                            0x2000008e   Data           1  key_check_task.o(.data)
    KeyNEXT_cnt                              0x2000008f   Data           1  key_check_task.o(.data)
    b_nextKey_pressed                        0x20000090   Data           1  key_check_task.o(.data)
    SystemCoreClock                          0x20000094   Data           4  system_stm32f10x.o(.data)
    AHBPrescTable                            0x20000098   Data          16  system_stm32f10x.o(.data)
    lang_array                               0x200000a8   Data           4  lang.o(.data)
    english_array                            0x200000ac   Data         408  lang_english.o(.data)
    task_array                               0x20000244   Data         120  os_core.o(.bss)
    g_CmdReceive                             0x200002bc   Data         536  comm_task.o(.bss)
    send_fifo                                0x200004d4   Data          12  comm_task.o(.bss)
    send_buf                                 0x200004e0   Data         248  comm_task.o(.bss)
    sDataBuff                                0x200005d8   Data         300  comm_task.o(.bss)
    sBackBuff                                0x20000704   Data         300  comm_task.o(.bss)
    cur_config                               0x20000830   Data          28  lang.o(.bss)
    config_save_info                         0x2000084c   Data          20  lang.o(.bss)
    __initial_sp                             0x20000c60   Data           0  startup_stm32f10x_md.o(STACK)



==============================================================================

Memory Map of the image

  Image Entry point : 0x080000ed

  Load Region LR_IROM1 (Base: 0x08000000, Size: 0x0000b28c, Max: 0x00010000, ABSOLUTE, COMPRESSED[0x0000b110])

    Execution Region ER_IROM1 (Base: 0x08000000, Size: 0x0000b048, Max: 0x00010000, ABSOLUTE)

    Base Addr    Size         Type   Attr      Idx    E Section Name        Object

    0x08000000   0x000000ec   Data   RO            3    RESET               startup_stm32f10x_md.o
    0x080000ec   0x00000000   Code   RO         4447  * .ARM.Collect$$$$00000000  mc_w.l(entry.o)
    0x080000ec   0x00000004   Code   RO         4470    .ARM.Collect$$$$00000001  mc_w.l(entry2.o)
    0x080000f0   0x00000004   Code   RO         4473    .ARM.Collect$$$$00000004  mc_w.l(entry5.o)
    0x080000f4   0x00000000   Code   RO         4475    .ARM.Collect$$$$00000008  mc_w.l(entry7b.o)
    0x080000f4   0x00000000   Code   RO         4477    .ARM.Collect$$$$0000000A  mc_w.l(entry8b.o)
    0x080000f4   0x00000008   Code   RO         4478    .ARM.Collect$$$$0000000B  mc_w.l(entry9a.o)
    0x080000fc   0x00000000   Code   RO         4480    .ARM.Collect$$$$0000000D  mc_w.l(entry10a.o)
    0x080000fc   0x00000000   Code   RO         4482    .ARM.Collect$$$$0000000F  mc_w.l(entry11a.o)
    0x080000fc   0x00000004   Code   RO         4471    .ARM.Collect$$$$00002712  mc_w.l(entry2.o)
    0x08000100   0x00000024   Code   RO            4    .text               startup_stm32f10x_md.o
    0x08000124   0x00000024   Code   RO         4450    .text               mc_w.l(memcpya.o)
    0x08000148   0x00000024   Code   RO         4452    .text               mc_w.l(memseta.o)
    0x0800016c   0x00000024   Code   RO         4487    .text               mc_w.l(init.o)
    0x08000190   0x00000056   Code   RO         4497    .text               mc_w.l(__dczerorl2.o)
    0x080001e6   0x00000016   Code   RO          139    i.ADC_Cmd           stm32f10x_adc.o
    0x080001fc   0x00000016   Code   RO          140    i.ADC_DMACmd        stm32f10x_adc.o
    0x08000212   0x00000014   Code   RO          147    i.ADC_GetCalibrationStatus  stm32f10x_adc.o
    0x08000226   0x00000014   Code   RO          153    i.ADC_GetResetCalibrationStatus  stm32f10x_adc.o
    0x0800023a   0x00000002   PAD
    0x0800023c   0x00000050   Code   RO          157    i.ADC_Init          stm32f10x_adc.o
    0x0800028c   0x000000b8   Code   RO          161    i.ADC_RegularChannelConfig  stm32f10x_adc.o
    0x08000344   0x0000000a   Code   RO          162    i.ADC_ResetCalibration  stm32f10x_adc.o
    0x0800034e   0x00000016   Code   RO          164    i.ADC_SoftwareStartConvCmd  stm32f10x_adc.o
    0x08000364   0x0000000a   Code   RO          166    i.ADC_StartCalibration  stm32f10x_adc.o
    0x0800036e   0x00000024   Code   RO         3115    i.Buf2Read          cmd_receive.o
    0x08000392   0x00000022   Code   RO         3116    i.Buf2Write         cmd_receive.o
    0x080003b4   0x00000004   Code   RO         3010    i.BusFault_Handler  stm32f10x_it.o
    0x080003b8   0x0000001c   Code   RO         3707    i.CMD_ProcessTask   comm_task.o
    0x080003d4   0x00000022   Code   RO         3708    i.CalcCheckSum      comm_task.o
    0x080003f6   0x0000002c   Code   RO         3709    i.CheckCheckSum     comm_task.o
    0x08000422   0x00000002   PAD
    0x08000424   0x000000e8   Code   RO         4067    i.DISP_FNT12X24     display_module.o
    0x0800050c   0x0000012c   Code   RO         4069    i.DISP_FNT20X40     display_module.o
    0x08000638   0x0000009c   Code   RO         4070    i.DISP_FNT8X16      display_module.o
    0x080006d4   0x00000018   Code   RO          734    i.DMA_Cmd           stm32f10x_dma.o
    0x080006ec   0x0000014c   Code   RO          735    i.DMA_DeInit        stm32f10x_dma.o
    0x08000838   0x00000008   Code   RO          736    i.DMA_GetCurrDataCounter  stm32f10x_dma.o
    0x08000840   0x0000003c   Code   RO          740    i.DMA_Init          stm32f10x_dma.o
    0x0800087c   0x00000016   Code   RO         3241    i.DMA_ReWorkCfg     serial_port.o
    0x08000892   0x00000002   Code   RO         3011    i.DebugMon_Handler  stm32f10x_it.o
    0x08000894   0x0000000c   Code   RO         3213    i.Delay_us          common.o
    0x080008a0   0x000000d8   Code   RO         3799    i.EMD_PCB_operate_on  emd_pcb_test_task.o
    0x08000978   0x00000668   Code   RO         3800    i.EMD_PCB_test_task  emd_pcb_test_task.o
    0x08000fe0   0x00000116   Code   RO         1158    i.GPIO_Init         stm32f10x_gpio.o
    0x080010f6   0x00000012   Code   RO         1162    i.GPIO_ReadInputDataBit  stm32f10x_gpio.o
    0x08001108   0x00000004   Code   RO         1165    i.GPIO_ResetBits    stm32f10x_gpio.o
    0x0800110c   0x00000004   Code   RO         1166    i.GPIO_SetBits      stm32f10x_gpio.o
    0x08001110   0x00000026   Code   RO         3117    i.GetBuf2Length     cmd_receive.o
    0x08001136   0x00000002   PAD
    0x08001138   0x00000010   Code   RO         3242    i.GetUartReceiverResidualCnt  serial_port.o
    0x08001148   0x00000028   Code   RO         3975    i.Get_pressure_zero_point_from_EMD_PCB  protocol_module.o
    0x08001170   0x00000004   Code   RO         3012    i.HardFault_Handler  stm32f10x_it.o
    0x08001174   0x00000058   Code   RO         3502    i.I2C_RecAck        i2c.o
    0x080011cc   0x0000004c   Code   RO         3503    i.I2C_RecByte       i2c.o
    0x08001218   0x00000024   Code   RO         3504    i.I2C_SDA_IN        i2c.o
    0x0800123c   0x00000024   Code   RO         3505    i.I2C_SDA_OUT       i2c.o
    0x08001260   0x00000030   Code   RO         3506    i.I2C_SendAck       i2c.o
    0x08001290   0x00000058   Code   RO         3507    i.I2C_SendByte      i2c.o
    0x080012e8   0x00000030   Code   RO         3508    i.I2C_SendNak       i2c.o
    0x08001318   0x00000038   Code   RO         3509    i.I2C_Start         i2c.o
    0x08001350   0x0000002c   Code   RO         3510    i.I2C_Stop          i2c.o
    0x0800137c   0x0000003c   Code   RO         3511    i.I2C_uConfiguration  i2c.o
    0x080013b8   0x00000140   Code   RO         3331    i.Init_ADC1         hardware.o
    0x080014f8   0x00000024   Code   RO         3332    i.Init_BELL         hardware.o
    0x0800151c   0x00000024   Code   RO         3333    i.Init_Error_LED    hardware.o
    0x08001540   0x00000064   Code   RO         3334    i.Init_I2C          hardware.o
    0x080015a4   0x00000044   Code   RO         3335    i.Init_JDQ          hardware.o
    0x080015e8   0x0000015c   Code   RO         3336    i.Init_LCD          hardware.o
    0x08001744   0x00000024   Code   RO         3337    i.Init_LED          hardware.o
    0x08001768   0x00000024   Code   RO         3338    i.Init_MODE_KEY     hardware.o
    0x0800178c   0x0000000c   Code   RO         3468    i.Init_Motor_PWM    motor_pwm.o
    0x08001798   0x00000024   Code   RO         3339    i.Init_NEXT         hardware.o
    0x080017bc   0x0000001a   Code   RO         3118    i.Init_Receive      cmd_receive.o
    0x080017d6   0x00000002   PAD
    0x080017d8   0x00000024   Code   RO         3340    i.Init_START        hardware.o
    0x080017fc   0x00000024   Code   RO         3341    i.Init_START_KEY    hardware.o
    0x08001820   0x00000024   Code   RO         3342    i.Init_STOP         hardware.o
    0x08001844   0x00000030   Code   RO         3343    i.Init_UART_Comm_with_PCBA  hardware.o
    0x08001874   0x00000034   Code   RO         3344    i.Init_V1_V2        hardware.o
    0x080018a8   0x00000024   Code   RO         3345    i.Init_VALVE        hardware.o
    0x080018cc   0x00000010   Code   RO         3872    i.Init_all_keys     key_check_task.o
    0x080018dc   0x000000d0   Code   RO         3801    i.Init_gloable_var  emd_pcb_test_task.o
    0x080019ac   0x00000038   Code   RO         3512    i.Init_honeywell_sensor  i2c.o
    0x080019e4   0x0000001c   Code   RO         3873    i.Init_key_next     key_check_task.o
    0x08001a00   0x0000001c   Code   RO         3874    i.Init_key_start    key_check_task.o
    0x08001a1c   0x0000001c   Code   RO         3875    i.Init_key_stop     key_check_task.o
    0x08001a38   0x0000002a   Code   RO         3513    i.Is_honeywell_free  i2c.o
    0x08001a62   0x00000002   PAD
    0x08001a64   0x0000002c   Code   RO         3976    i.Is_the_para_frame1_right  protocol_module.o
    0x08001a90   0x0000002c   Code   RO         3977    i.Is_the_para_frame2_right  protocol_module.o
    0x08001abc   0x00000038   Code   RO         3978    i.Is_the_sw_version_right  protocol_module.o
    0x08001af4   0x00000104   Code   RO         3802    i.Is_timing_Xmillisec  emd_pcb_test_task.o
    0x08001bf8   0x0000001c   Code   RO         4074    i.LCD_CrtlWrite_Area  display_module.o
    0x08001c14   0x0000000c   Code   RO         4075    i.LCD_CtrlWrite_Color  display_module.o
    0x08001c20   0x00000014   Code   RO         4076    i.LCD_DrawPoint     display_module.o
    0x08001c34   0x000001f8   Code   RO         3594    i.LCD_Initial       lcd.o
    0x08001e2c   0x0000004e   Code   RO         4077    i.LCD_ShowChar      display_module.o
    0x08001e7a   0x00000002   PAD
    0x08001e7c   0x0000089c   Code   RO         3803    i.LCD_show_promt_info  emd_pcb_test_task.o
    0x08002718   0x00000004   Code   RO         3013    i.MemManage_Handler  stm32f10x_it.o
    0x0800271c   0x0000000e   Code   RO         3711    i.ModuleProcessPacket  comm_task.o
    0x0800272a   0x00000002   PAD
    0x0800272c   0x00000100   Code   RO         3712    i.ModuleUnPackFrame  comm_task.o
    0x0800282c   0x00000068   Code   RO         3469    i.Motor_PWM_Config  motor_pwm.o
    0x08002894   0x00000088   Code   RO         3470    i.Motor_PWM_Freq_Dudy_Set  motor_pwm.o
    0x0800291c   0x00000034   Code   RO         3471    i.Motor_PWM_GPIO_Config  motor_pwm.o
    0x08002950   0x00000002   Code   RO         3014    i.NMI_Handler       stm32f10x_it.o
    0x08002952   0x00000002   PAD
    0x08002954   0x00000070   Code   RO           10    i.NVIC_Init         misc.o
    0x080029c4   0x00000040   Code   RO         3596    i.OLED_WR_Byte      lcd.o
    0x08002a04   0x00000002   Code   RO         3015    i.PendSV_Handler    stm32f10x_it.o
    0x08002a06   0x00000002   PAD
    0x08002a08   0x00000018   Code   RO         1572    i.RCC_ADCCLKConfig  stm32f10x_rcc.o
    0x08002a20   0x00000020   Code   RO         1573    i.RCC_AHBPeriphClockCmd  stm32f10x_rcc.o
    0x08002a40   0x00000020   Code   RO         1574    i.RCC_APB1PeriphClockCmd  stm32f10x_rcc.o
    0x08002a60   0x00000020   Code   RO         1576    i.RCC_APB2PeriphClockCmd  stm32f10x_rcc.o
    0x08002a80   0x000000d4   Code   RO         1584    i.RCC_GetClocksFreq  stm32f10x_rcc.o
    0x08002b54   0x00000018   Code   RO         1595    i.RCC_PCLK1Config   stm32f10x_rcc.o
    0x08002b6c   0x0000008e   Code   RO         3119    i.ReceiveData       cmd_receive.o
    0x08002bfa   0x00000002   Code   RO         3016    i.SVC_Handler       stm32f10x_it.o
    0x08002bfc   0x0000000e   Code   RO         3597    i.SdCmd             lcd.o
    0x08002c0a   0x0000000e   Code   RO         3598    i.SdData            lcd.o
    0x08002c18   0x0000003c   Code   RO         3979    i.SendQuery1ForParameters  protocol_module.o
    0x08002c54   0x0000003c   Code   RO         3980    i.SendQuery2ForParameters  protocol_module.o
    0x08002c90   0x00000008   Code   RO         3922    i.SetSysClock       system_stm32f10x.o
    0x08002c98   0x000000e0   Code   RO         3923    i.SetSysClockTo72   system_stm32f10x.o
    0x08002d78   0x00000090   Code   RO         3346    i.Set_PIN           hardware.o
    0x08002e08   0x00000028   Code   RO           14    i.SysTick_CLKSourceConfig  misc.o
    0x08002e30   0x00000002   Code   RO         3017    i.SysTick_Handler   stm32f10x_it.o
    0x08002e32   0x00000002   PAD
    0x08002e34   0x00000060   Code   RO         3925    i.SystemInit        system_stm32f10x.o
    0x08002e94   0x0000001a   Code   RO         3018    i.TIM2_IRQHandler   stm32f10x_it.o
    0x08002eae   0x00000018   Code   RO         2196    i.TIM_ARRPreloadConfig  stm32f10x_tim.o
    0x08002ec6   0x00000006   Code   RO         2202    i.TIM_ClearFlag     stm32f10x_tim.o
    0x08002ecc   0x00000006   Code   RO         2203    i.TIM_ClearITPendingBit  stm32f10x_tim.o
    0x08002ed2   0x00000018   Code   RO         2208    i.TIM_Cmd           stm32f10x_tim.o
    0x08002eea   0x00000022   Code   RO         2229    i.TIM_GetITStatus   stm32f10x_tim.o
    0x08002f0c   0x00000012   Code   RO         2233    i.TIM_ITConfig      stm32f10x_tim.o
    0x08002f1e   0x00000002   PAD
    0x08002f20   0x00000098   Code   RO         2237    i.TIM_OC1Init       stm32f10x_tim.o
    0x08002fb8   0x00000012   Code   RO         2240    i.TIM_OC1PreloadConfig  stm32f10x_tim.o
    0x08002fca   0x00000002   PAD
    0x08002fcc   0x000000a4   Code   RO         2279    i.TIM_TimeBaseInit  stm32f10x_tim.o
    0x08003070   0x00000038   Code   RO         3713    i.TaskDataSend      comm_task.o
    0x080030a8   0x0000011c   Code   RO         3243    i.UARTInit          serial_port.o
    0x080031c4   0x00000018   Code   RO         2744    i.USART_Cmd         stm32f10x_usart.o
    0x080031dc   0x00000012   Code   RO         2745    i.USART_DMACmd      stm32f10x_usart.o
    0x080031ee   0x00000002   PAD
    0x080031f0   0x000000d8   Code   RO         2751    i.USART_Init        stm32f10x_usart.o
    0x080032c8   0x00000018   Code   RO         3244    i.UartSendNBytes    serial_port.o
    0x080032e0   0x00000004   Code   RO         3019    i.UsageFault_Handler  stm32f10x_it.o
    0x080032e4   0x0000000e   Code   RO         4491    i.__scatterload_copy  mc_w.l(handlers.o)
    0x080032f2   0x00000002   Code   RO         4492    i.__scatterload_null  mc_w.l(handlers.o)
    0x080032f4   0x0000000e   Code   RO         4493    i.__scatterload_zeroinit  mc_w.l(handlers.o)
    0x08003302   0x0000001a   Code   RO         3804    i.beep              emd_pcb_test_task.o
    0x0800331c   0x00000040   Code   RO         3085    i.delay_init        delay.o
    0x0800335c   0x00000050   Code   RO         3086    i.delay_ms          delay.o
    0x080033ac   0x00000050   Code   RO         3087    i.delay_us          delay.o
    0x080033fc   0x00000078   Code   RO         4111    i.display_module_show_str  display_module.o
    0x08003474   0x00000042   Code   RO         4114    i.display_module_show_string  display_module.o
    0x080034b6   0x0000000e   Code   RO         3164    i.fifoInit          fifo.o
    0x080034c4   0x0000003e   Code   RO         3166    i.fifoReadData      fifo.o
    0x08003502   0x00000044   Code   RO         3168    i.fifoWriteData     fifo.o
    0x08003546   0x0000004a   Code   RO         3514    i.honeywell_readByte  i2c.o
    0x08003590   0x00000060   Code   RO         3775    i.honeywell_sampling_data  honeywell_sampling_data.o
    0x080035f0   0x00000074   Code   RO         3347    i.init_hardware     hardware.o
    0x08003664   0x0000001c   Code   RO         4384    i.init_lang         lang.o
    0x08003680   0x00000030   Code   RO         3599    i.init_lcd          lcd.o
    0x080036b0   0x00000054   Code   RO         3677    i.init_task         app.o
    0x08003704   0x00000080   Code   RO         3348    i.init_tim          hardware.o
    0x08003784   0x000001d8   Code   RO         3876    i.key_check_task    key_check_task.o
    0x0800395c   0x00000068   Code   RO         3600    i.lcd_crtl_write_area  lcd.o
    0x080039c4   0x00000064   Code   RO         3601    i.lcd_ctrl_write_color  lcd.o
    0x08003a28   0x00000068   Code   RO         3602    i.lcd_draw_point    lcd.o
    0x08003a90   0x00000046   Code   RO         3604    i.lcd_draw_rect_real  lcd.o
    0x08003ad6   0x00000002   PAD
    0x08003ad8   0x00000020   Code   RO         2974    i.main              main.o
    0x08003af8   0x00000044   Code   RO         3273    i.os_create_task    os_core.o
    0x08003b3c   0x00000044   Code   RO         3274    i.os_delay_ms       os_core.o
    0x08003b80   0x00000008   Code   RO         3275    i.os_init           os_core.o
    0x08003b88   0x00000010   Code   RO         3276    i.os_isr_ticks      os_core.o
    0x08003b98   0x00000024   Code   RO         3277    i.os_pend_task      os_core.o
    0x08003bbc   0x00000094   Code   RO         3279    i.os_start          os_core.o
    0x08003c50   0x00000070   Code   RO         3981    i.protocol_module_process  protocol_module.o
    0x08003cc0   0x0000002a   Code   RO         3805    i.re_power_on_EMD_PCBA  emd_pcb_test_task.o
    0x08003cea   0x00000002   PAD
    0x08003cec   0x00000034   Code   RO         3984    i.send_get_sw_version  protocol_module.o
    0x08003d20   0x00000018   Code   RO         3605    i.set_lcd_backlight  lcd.o
    0x08003d38   0x00000014   Code   RO         3806    i.shut_down_EMD_PCBA  emd_pcb_test_task.o
    0x08003d4c   0x0000003c   Code   RO         3776    i.trans_xmmHg_2_adc_value  honeywell_sampling_data.o
    0x08003d88   0x000001b4   Data   RO         2975    .constdata          main.o
    0x08003f3c   0x00006e1f   Data   RO         4117    .constdata          display_module.o
    0x0800ad5b   0x00000001   PAD
    0x0800ad5c   0x000002c9   Data   RO         4434    .conststring        lang_english.o
    0x0800b025   0x00000003   PAD
    0x0800b028   0x00000020   Data   RO         4489    Region$$Table       anon$$obj.o


    Execution Region RW_IRAM1 (Base: 0x20000000, Size: 0x00000c60, Max: 0x00005000, ABSOLUTE, COMPRESSED[0x000000c8])

    Base Addr    Size         Type   Attr      Idx    E Section Name        Object

    0x20000000   0x00000014   Data   RW         1604    .data               stm32f10x_rcc.o
    0x20000014   0x00000004   Data   RW         3088    .data               delay.o
    0x20000018   0x0000000c   Data   RW         3281    .data               os_core.o
    0x20000024   0x00000006   Data   RW         3349    .data               hardware.o
    0x2000002a   0x00000004   Data   RW         3715    .data               comm_task.o
    0x2000002e   0x00000002   PAD
    0x20000030   0x0000000c   Data   RW         3777    .data               honeywell_sampling_data.o
    0x2000003c   0x0000004c   Data   RW         3807    .data               emd_pcb_test_task.o
    0x20000088   0x00000009   Data   RW         3877    .data               key_check_task.o
    0x20000091   0x00000003   PAD
    0x20000094   0x00000014   Data   RW         3926    .data               system_stm32f10x.o
    0x200000a8   0x00000004   Data   RW         4387    .data               lang.o
    0x200000ac   0x00000198   Data   RW         4435    .data               lang_english.o
    0x20000244   0x00000078   Zero   RW         3280    .bss                os_core.o
    0x200002bc   0x00000574   Zero   RW         3714    .bss                comm_task.o
    0x20000830   0x00000030   Zero   RW         4386    .bss                lang.o
    0x20000860   0x00000400   Zero   RW            1    STACK               startup_stm32f10x_md.o


==============================================================================

Image component sizes


      Code (inc. data)   RO Data    RW Data    ZI Data      Debug   Object Name

        84         20          0          0          0       2328   app.o
       276          0          0          0          0       5144   cmd_receive.o
       432         42          0          4       1396       6598   comm_task.o
        12          0          0          0          0       1163   common.o
       224         30          0          4          0       2083   delay.o
      1012         12      28191          0          0      10966   display_module.o
      4616        932          0         76          0      11605   emd_pcb_test_task.o
       144          0          0          0          0       3862   fifo.o
      1648        138          0          6          0      16087   hardware.o
       156         20          0         12          0       1886   honeywell_sampling_data.o
       752         48          0          0          0       8505   i2c.o
       572         80          0          9          0       4446   key_check_task.o
        28         14          0          4         48       2857   lang.o
         0          0          0          0          0       1553   lang_chinese.o
         0          0        713        408          0        772   lang_english.o
      1046         50          0          0          0       6832   lcd.o
        32          4        436          0          0       3539   main.o
       152         12          0          0          0     272794   misc.o
       304         18          0          0          0       2699   motor_pwm.o
       344         36          0         12        120       5071   os_core.o
       468         44          0          0          0       7664   protocol_module.o
       346         26          0          0          0       3401   serial_port.o
        36          8        236          0       1024        928   startup_stm32f10x_md.o
       390         10          0          0          0       8109   stm32f10x_adc.o
       424          8          0          0          0       4335   stm32f10x_dma.o
       304          0          0          0          0       4016   stm32f10x_gpio.o
        52          0          0          0          0       6060   stm32f10x_it.o
       356         50          0         20          0       6663   stm32f10x_rcc.o
       446         62          0          0          0       6682   stm32f10x_tim.o
       258          6          0          0          0       3720   stm32f10x_usart.o
       328         28          0         20          0       2657   system_stm32f10x.o

    ----------------------------------------------------------------------
     15272       1698      29612        580       2588     425025   Object Totals
         0          0         32          0          0          0   (incl. Generated)
        30          0          4          5          0          0   (incl. Padding)

    ----------------------------------------------------------------------

      Code (inc. data)   RO Data    RW Data    ZI Data      Debug   Library Member Name

        86          0          0          0          0          0   __dczerorl2.o
         0          0          0          0          0          0   entry.o
         0          0          0          0          0          0   entry10a.o
         0          0          0          0          0          0   entry11a.o
         8          4          0          0          0          0   entry2.o
         4          0          0          0          0          0   entry5.o
         0          0          0          0          0          0   entry7b.o
         0          0          0          0          0          0   entry8b.o
         8          4          0          0          0          0   entry9a.o
        30          0          0          0          0          0   handlers.o
        36          8          0          0          0         68   init.o
        36          0          0          0          0         68   memcpya.o
        36          0          0          0          0        108   memseta.o

    ----------------------------------------------------------------------
       244         16          0          0          0        244   Library Totals
         0          0          0          0          0          0   (incl. Padding)

    ----------------------------------------------------------------------

      Code (inc. data)   RO Data    RW Data    ZI Data      Debug   Library Name

       244         16          0          0          0        244   mc_w.l

    ----------------------------------------------------------------------
       244         16          0          0          0        244   Library Totals

    ----------------------------------------------------------------------

==============================================================================


      Code (inc. data)   RO Data    RW Data    ZI Data      Debug   

     15516       1714      29612        580       2588     417441   Grand Totals
     15516       1714      29612        200       2588     417441   ELF Image Totals (compressed)
     15516       1714      29612        200          0          0   ROM Totals

==============================================================================

    Total RO  Size (Code + RO Data)                45128 (  44.07kB)
    Total RW  Size (RW Data + ZI Data)              3168 (   3.09kB)
    Total ROM Size (Code + RO Data + RW Data)      45328 (  44.27kB)

==============================================================================

